running egg_info
creating ../../build/bot_control/bot_control.egg-info
writing ../../build/bot_control/bot_control.egg-info/PKG-INFO
writing dependency_links to ../../build/bot_control/bot_control.egg-info/dependency_links.txt
writing entry points to ../../build/bot_control/bot_control.egg-info/entry_points.txt
writing requirements to ../../build/bot_control/bot_control.egg-info/requires.txt
writing top-level names to ../../build/bot_control/bot_control.egg-info/top_level.txt
writing manifest file '../../build/bot_control/bot_control.egg-info/SOURCES.txt'
reading manifest file '../../build/bot_control/bot_control.egg-info/SOURCES.txt'
writing manifest file '../../build/bot_control/bot_control.egg-info/SOURCES.txt'
running build
running build_py
creating /home/the_wizard_of_nowhere/Cyborg-Summer-Induction-2026/Task5/build/bot_control/build
creating /home/the_wizard_of_nowhere/Cyborg-Summer-Induction-2026/Task5/build/bot_control/build/lib
creating /home/the_wizard_of_nowhere/Cyborg-Summer-Induction-2026/Task5/build/bot_control/build/lib/bot_control
copying bot_control/fk.py -> /home/the_wizard_of_nowhere/Cyborg-Summer-Induction-2026/Task5/build/bot_control/build/lib/bot_control
copying bot_control/feedback.py -> /home/the_wizard_of_nowhere/Cyborg-Summer-Induction-2026/Task5/build/bot_control/build/lib/bot_control
copying bot_control/visualization.py -> /home/the_wizard_of_nowhere/Cyborg-Summer-Induction-2026/Task5/build/bot_control/build/lib/bot_control
copying bot_control/go_to_goal.py -> /home/the_wizard_of_nowhere/Cyborg-Summer-Induction-2026/Task5/build/bot_control/build/lib/bot_control
copying bot_control/move_ellipse.py -> /home/the_wizard_of_nowhere/Cyborg-Summer-Induction-2026/Task5/build/bot_control/build/lib/bot_control
copying bot_control/ik.py -> /home/the_wizard_of_nowhere/Cyborg-Summer-Induction-2026/Task5/build/bot_control/build/lib/bot_control
copying bot_control/move_spiral.py -> /home/the_wizard_of_nowhere/Cyborg-Summer-Induction-2026/Task5/build/bot_control/build/lib/bot_control
copying bot_control/trace_ground_truth.py -> /home/the_wizard_of_nowhere/Cyborg-Summer-Induction-2026/Task5/build/bot_control/build/lib/bot_control
copying bot_control/__init__.py -> /home/the_wizard_of_nowhere/Cyborg-Summer-Induction-2026/Task5/build/bot_control/build/lib/bot_control
copying bot_control/trace_path_odom.py -> /home/the_wizard_of_nowhere/Cyborg-Summer-Induction-2026/Task5/build/bot_control/build/lib/bot_control
copying bot_control/odom_broadcaster.py -> /home/the_wizard_of_nowhere/Cyborg-Summer-Induction-2026/Task5/build/bot_control/build/lib/bot_control
running install
running install_lib
creating /home/the_wizard_of_nowhere/Cyborg-Summer-Induction-2026/Task5/install/bot_control/lib/python3.10/site-packages/bot_control
copying /home/the_wizard_of_nowhere/Cyborg-Summer-Induction-2026/Task5/build/bot_control/build/lib/bot_control/fk.py -> /home/the_wizard_of_nowhere/Cyborg-Summer-Induction-2026/Task5/install/bot_control/lib/python3.10/site-packages/bot_control
copying /home/the_wizard_of_nowhere/Cyborg-Summer-Induction-2026/Task5/build/bot_control/build/lib/bot_control/feedback.py -> /home/the_wizard_of_nowhere/Cyborg-Summer-Induction-2026/Task5/install/bot_control/lib/python3.10/site-packages/bot_control
copying /home/the_wizard_of_nowhere/Cyborg-Summer-Induction-2026/Task5/build/bot_control/build/lib/bot_control/visualization.py -> /home/the_wizard_of_nowhere/Cyborg-Summer-Induction-2026/Task5/install/bot_control/lib/python3.10/site-packages/bot_control
copying /home/the_wizard_of_nowhere/Cyborg-Summer-Induction-2026/Task5/build/bot_control/build/lib/bot_control/go_to_goal.py -> /home/the_wizard_of_nowhere/Cyborg-Summer-Induction-2026/Task5/install/bot_control/lib/python3.10/site-packages/bot_control
copying /home/the_wizard_of_nowhere/Cyborg-Summer-Induction-2026/Task5/build/bot_control/build/lib/bot_control/move_ellipse.py -> /home/the_wizard_of_nowhere/Cyborg-Summer-Induction-2026/Task5/install/bot_control/lib/python3.10/site-packages/bot_control
copying /home/the_wizard_of_nowhere/Cyborg-Summer-Induction-2026/Task5/build/bot_control/build/lib/bot_control/ik.py -> /home/the_wizard_of_nowhere/Cyborg-Summer-Induction-2026/Task5/install/bot_control/lib/python3.10/site-packages/bot_control
copying /home/the_wizard_of_nowhere/Cyborg-Summer-Induction-2026/Task5/build/bot_control/build/lib/bot_control/move_spiral.py -> /home/the_wizard_of_nowhere/Cyborg-Summer-Induction-2026/Task5/install/bot_control/lib/python3.10/site-packages/bot_control
copying /home/the_wizard_of_nowhere/Cyborg-Summer-Induction-2026/Task5/build/bot_control/build/lib/bot_control/trace_ground_truth.py -> /home/the_wizard_of_nowhere/Cyborg-Summer-Induction-2026/Task5/install/bot_control/lib/python3.10/site-packages/bot_control
copying /home/the_wizard_of_nowhere/Cyborg-Summer-Induction-2026/Task5/build/bot_control/build/lib/bot_control/__init__.py -> /home/the_wizard_of_nowhere/Cyborg-Summer-Induction-2026/Task5/install/bot_control/lib/python3.10/site-packages/bot_control
copying /home/the_wizard_of_nowhere/Cyborg-Summer-Induction-2026/Task5/build/bot_control/build/lib/bot_control/trace_path_odom.py -> /home/the_wizard_of_nowhere/Cyborg-Summer-Induction-2026/Task5/install/bot_control/lib/python3.10/site-packages/bot_control
copying /home/the_wizard_of_nowhere/Cyborg-Summer-Induction-2026/Task5/build/bot_control/build/lib/bot_control/odom_broadcaster.py -> /home/the_wizard_of_nowhere/Cyborg-Summer-Induction-2026/Task5/install/bot_control/lib/python3.10/site-packages/bot_control
byte-compiling /home/the_wizard_of_nowhere/Cyborg-Summer-Induction-2026/Task5/install/bot_control/lib/python3.10/site-packages/bot_control/fk.py to fk.cpython-310.pyc
byte-compiling /home/the_wizard_of_nowhere/Cyborg-Summer-Induction-2026/Task5/install/bot_control/lib/python3.10/site-packages/bot_control/feedback.py to feedback.cpython-310.pyc
byte-compiling /home/the_wizard_of_nowhere/Cyborg-Summer-Induction-2026/Task5/install/bot_control/lib/python3.10/site-packages/bot_control/visualization.py to visualization.cpython-310.pyc
byte-compiling /home/the_wizard_of_nowhere/Cyborg-Summer-Induction-2026/Task5/install/bot_control/lib/python3.10/site-packages/bot_control/go_to_goal.py to go_to_goal.cpython-310.pyc
byte-compiling /home/the_wizard_of_nowhere/Cyborg-Summer-Induction-2026/Task5/install/bot_control/lib/python3.10/site-packages/bot_control/move_ellipse.py to move_ellipse.cpython-310.pyc
byte-compiling /home/the_wizard_of_nowhere/Cyborg-Summer-Induction-2026/Task5/install/bot_control/lib/python3.10/site-packages/bot_control/ik.py to ik.cpython-310.pyc
byte-compiling /home/the_wizard_of_nowhere/Cyborg-Summer-Induction-2026/Task5/install/bot_control/lib/python3.10/site-packages/bot_control/move_spiral.py to move_spiral.cpython-310.pyc
byte-compiling /home/the_wizard_of_nowhere/Cyborg-Summer-Induction-2026/Task5/install/bot_control/lib/python3.10/site-packages/bot_control/trace_ground_truth.py to trace_ground_truth.cpython-310.pyc
byte-compiling /home/the_wizard_of_nowhere/Cyborg-Summer-Induction-2026/Task5/install/bot_control/lib/python3.10/site-packages/bot_control/__init__.py to __init__.cpython-310.pyc
byte-compiling /home/the_wizard_of_nowhere/Cyborg-Summer-Induction-2026/Task5/install/bot_control/lib/python3.10/site-packages/bot_control/trace_path_odom.py to trace_path_odom.cpython-310.pyc
byte-compiling /home/the_wizard_of_nowhere/Cyborg-Summer-Induction-2026/Task5/install/bot_control/lib/python3.10/site-packages/bot_control/odom_broadcaster.py to odom_broadcaster.cpython-310.pyc
running install_data
creating /home/the_wizard_of_nowhere/Cyborg-Summer-Induction-2026/Task5/install/bot_control/share/ament_index
creating /home/the_wizard_of_nowhere/Cyborg-Summer-Induction-2026/Task5/install/bot_control/share/ament_index/resource_index
creating /home/the_wizard_of_nowhere/Cyborg-Summer-Induction-2026/Task5/install/bot_control/share/ament_index/resource_index/packages
copying resource/bot_control -> /home/the_wizard_of_nowhere/Cyborg-Summer-Induction-2026/Task5/install/bot_control/share/ament_index/resource_index/packages
copying package.xml -> /home/the_wizard_of_nowhere/Cyborg-Summer-Induction-2026/Task5/install/bot_control/share/bot_control
creating /home/the_wizard_of_nowhere/Cyborg-Summer-Induction-2026/Task5/install/bot_control/share/bot_control/launch
copying launch/ros_task_2.launch.py -> /home/the_wizard_of_nowhere/Cyborg-Summer-Induction-2026/Task5/install/bot_control/share/bot_control/launch
copying launch/display.launch.py -> /home/the_wizard_of_nowhere/Cyborg-Summer-Induction-2026/Task5/install/bot_control/share/bot_control/launch
creating /home/the_wizard_of_nowhere/Cyborg-Summer-Induction-2026/Task5/install/bot_control/share/bot_control/scripts
running install_egg_info
Copying ../../build/bot_control/bot_control.egg-info to /home/the_wizard_of_nowhere/Cyborg-Summer-Induction-2026/Task5/install/bot_control/lib/python3.10/site-packages/bot_control-0.0.0-py3.10.egg-info
running install_scripts
Installing feedback script to /home/the_wizard_of_nowhere/Cyborg-Summer-Induction-2026/Task5/install/bot_control/lib/bot_control
Installing go_to_goal script to /home/the_wizard_of_nowhere/Cyborg-Summer-Induction-2026/Task5/install/bot_control/lib/bot_control
Installing move_ellipse script to /home/the_wizard_of_nowhere/Cyborg-Summer-Induction-2026/Task5/install/bot_control/lib/bot_control
Installing move_spiral script to /home/the_wizard_of_nowhere/Cyborg-Summer-Induction-2026/Task5/install/bot_control/lib/bot_control
Installing odom_broadcaster script to /home/the_wizard_of_nowhere/Cyborg-Summer-Induction-2026/Task5/install/bot_control/lib/bot_control
Installing trace_ground_truth script to /home/the_wizard_of_nowhere/Cyborg-Summer-Induction-2026/Task5/install/bot_control/lib/bot_control
Installing trace_path_odom script to /home/the_wizard_of_nowhere/Cyborg-Summer-Induction-2026/Task5/install/bot_control/lib/bot_control
Installing visualization script to /home/the_wizard_of_nowhere/Cyborg-Summer-Induction-2026/Task5/install/bot_control/lib/bot_control
writing list of installed files to '/home/the_wizard_of_nowhere/Cyborg-Summer-Induction-2026/Task5/build/bot_control/install.log'
