[0.018s] Invoking command in '/home/the_wizard_of_nowhere/Cyborg-Summer-Induction-2026/Task3/build/task3': CMAKE_PREFIX_PATH=${CMAKE_PREFIX_PATH}:/home/the_wizard_of_nowhere/cyborg_task_3/install/robot_controller:/opt/ros/humble /usr/bin/cmake /home/the_wizard_of_nowhere/Cyborg-Summer-Induction-2026/Task3/src/task3 -DAMENT_CMAKE_SYMLINK_INSTALL=1 -DCMAKE_INSTALL_PREFIX=/home/the_wizard_of_nowhere/Cyborg-Summer-Induction-2026/Task3/install/task3
[0.027s] -- Found ament_cmake: 1.3.14 (/opt/ros/humble/share/ament_cmake/cmake)
[0.104s] -- Override CMake install command with custom implementation using symlinks instead of copying resources
[0.109s] -- Found rosidl_default_generators: 1.2.1 (/opt/ros/humble/share/rosidl_default_generators/cmake)
[0.110s] -- Using all available rosidl_typesupport_c: rosidl_typesupport_fastrtps_c;rosidl_typesupport_introspection_c
[0.112s] -- Found rosidl_adapter: 3.1.8 (/opt/ros/humble/share/rosidl_adapter/cmake)
[0.130s] -- Using all available rosidl_typesupport_cpp: rosidl_typesupport_fastrtps_cpp;rosidl_typesupport_introspection_cpp
[0.309s] -- Found ament_cmake_ros: 0.10.0 (/opt/ros/humble/share/ament_cmake_ros/cmake)
[0.427s] -- Using all available rosidl_typesupport_c: rosidl_typesupport_fastrtps_c;rosidl_typesupport_introspection_c
[0.579s] -- Using all available rosidl_typesupport_cpp: rosidl_typesupport_fastrtps_cpp;rosidl_typesupport_introspection_cpp
[0.593s] -- Found python_cmake_module: 0.10.0 (/opt/ros/humble/share/python_cmake_module/cmake)
[0.607s] -- Using PYTHON_EXECUTABLE: /usr/bin/python3
[0.607s] -- Using PYTHON_INCLUDE_DIRS: /usr/include/python3.10
[0.607s] -- Using PYTHON_LIBRARIES: /usr/lib/x86_64-linux-gnu/libpython3.10.so
[0.660s] -- Configuring done
[0.682s] -- Generating done
[0.689s] -- Build files have been written to: /home/the_wizard_of_nowhere/Cyborg-Summer-Induction-2026/Task3/build/task3
[0.694s] Invoked command in '/home/the_wizard_of_nowhere/Cyborg-Summer-Induction-2026/Task3/build/task3' returned '0': CMAKE_PREFIX_PATH=${CMAKE_PREFIX_PATH}:/home/the_wizard_of_nowhere/cyborg_task_3/install/robot_controller:/opt/ros/humble /usr/bin/cmake /home/the_wizard_of_nowhere/Cyborg-Summer-Induction-2026/Task3/src/task3 -DAMENT_CMAKE_SYMLINK_INSTALL=1 -DCMAKE_INSTALL_PREFIX=/home/the_wizard_of_nowhere/Cyborg-Summer-Induction-2026/Task3/install/task3
[0.696s] Invoking command in '/home/the_wizard_of_nowhere/Cyborg-Summer-Induction-2026/Task3/build/task3': CMAKE_PREFIX_PATH=${CMAKE_PREFIX_PATH}:/home/the_wizard_of_nowhere/cyborg_task_3/install/robot_controller:/opt/ros/humble /usr/bin/cmake --build /home/the_wizard_of_nowhere/Cyborg-Summer-Induction-2026/Task3/build/task3 -- -j12 -l12
[0.721s] [35m[1mConsolidate compiler generated dependencies of target task3__rosidl_generator_c[0m
[0.727s] failed to create symbolic link '/home/the_wizard_of_nowhere/Cyborg-Summer-Induction-2026/Task3/build/task3/ament_cmake_python/task3/task3' because existing path cannot be removed: Is a directory
[0.727s] [  6%] Built target task3__rs
[0.727s] [  6%] Built target task3__cpp
[0.727s] [ 15%] Built target task3__rosidl_generator_c
[0.728s] gmake[2]: *** [CMakeFiles/ament_cmake_python_symlink_task3.dir/build.make:70: CMakeFiles/ament_cmake_python_symlink_task3] Error 1
[0.728s] gmake[1]: *** [CMakeFiles/Makefile2:440: CMakeFiles/ament_cmake_python_symlink_task3.dir/all] Error 2
[0.728s] gmake[1]: *** Waiting for unfinished jobs....
[0.728s] gmake: *** [Makefile:146: all] Error 2
[0.731s] Invoked command in '/home/the_wizard_of_nowhere/Cyborg-Summer-Induction-2026/Task3/build/task3' returned '2': CMAKE_PREFIX_PATH=${CMAKE_PREFIX_PATH}:/home/the_wizard_of_nowhere/cyborg_task_3/install/robot_controller:/opt/ros/humble /usr/bin/cmake --build /home/the_wizard_of_nowhere/Cyborg-Summer-Induction-2026/Task3/build/task3 -- -j12 -l12
