[0.090s] DEBUG:colcon:Command line arguments: ['/usr/bin/colcon', 'build', '--packages-select', 'bot_control']
[0.090s] DEBUG:colcon:Parsed command line arguments: Namespace(log_base=None, log_level=None, verb_name='build', build_base='build', install_base='install', merge_install=False, symlink_install=False, test_result_base=None, continue_on_error=False, executor='parallel', parallel_workers=12, event_handlers=None, ignore_user_meta=False, metas=['./colcon.meta'], base_paths=['.'], packages_ignore=None, packages_ignore_regex=None, paths=None, packages_up_to=None, packages_up_to_regex=None, packages_above=None, packages_above_and_dependencies=None, packages_above_depth=None, packages_select_by_dep=None, packages_skip_by_dep=None, packages_skip_up_to=None, packages_select_build_failed=False, packages_skip_build_finished=False, packages_select_test_failures=False, packages_skip_test_passed=False, packages_select=['bot_control'], packages_skip=None, packages_select_regex=None, packages_skip_regex=None, packages_start=None, packages_end=None, allow_overriding=[], cmake_args=None, cmake_target=None, cmake_target_skip_unavailable=False, cmake_clean_cache=False, cmake_clean_first=False, cmake_force_configure=False, ament_cmake_args=None, catkin_cmake_args=None, catkin_skip_building_tests=False, verb_parser=<colcon_defaults.argument_parser.defaults.DefaultArgumentsDecorator object at 0x7d30a3869990>, verb_extension=<colcon_core.verb.build.BuildVerb object at 0x7d30a394f3d0>, main=<bound method BuildVerb.main of <colcon_core.verb.build.BuildVerb object at 0x7d30a394f3d0>>)
[0.196s] Level 1:colcon.colcon_core.package_discovery:discover_packages(colcon_meta) check parameters
[0.196s] Level 1:colcon.colcon_core.package_discovery:discover_packages(recursive) check parameters
[0.196s] Level 1:colcon.colcon_core.package_discovery:discover_packages(ignore) check parameters
[0.196s] Level 1:colcon.colcon_core.package_discovery:discover_packages(path) check parameters
[0.196s] Level 1:colcon.colcon_core.package_discovery:discover_packages(colcon_meta) discover
[0.196s] Level 1:colcon.colcon_core.package_discovery:discover_packages(recursive) discover
[0.196s] INFO:colcon.colcon_core.package_discovery:Crawling recursively for packages in '/home/the_wizard_of_nowhere/Cyborg-Summer-Induction-2026/Task5'
[0.196s] Level 1:colcon.colcon_core.package_identification:_identify(.) by extensions ['ignore', 'ignore_ament_install']
[0.196s] Level 1:colcon.colcon_core.package_identification:_identify(.) by extension 'ignore'
[0.197s] Level 1:colcon.colcon_core.package_identification:_identify(.) by extension 'ignore_ament_install'
[0.197s] Level 1:colcon.colcon_core.package_identification:_identify(.) by extensions ['colcon_pkg']
[0.197s] Level 1:colcon.colcon_core.package_identification:_identify(.) by extension 'colcon_pkg'
[0.197s] Level 1:colcon.colcon_core.package_identification:_identify(.) by extensions ['colcon_meta']
[0.197s] Level 1:colcon.colcon_core.package_identification:_identify(.) by extension 'colcon_meta'
[0.197s] Level 1:colcon.colcon_core.package_identification:_identify(.) by extensions ['ros']
[0.197s] Level 1:colcon.colcon_core.package_identification:_identify(.) by extension 'ros'
[0.207s] Level 1:colcon.colcon_core.package_identification:_identify(.) by extensions ['cmake', 'python']
[0.207s] Level 1:colcon.colcon_core.package_identification:_identify(.) by extension 'cmake'
[0.207s] Level 1:colcon.colcon_core.package_identification:_identify(.) by extension 'python'
[0.207s] Level 1:colcon.colcon_core.package_identification:_identify(.) by extensions ['python_setup_py']
[0.207s] Level 1:colcon.colcon_core.package_identification:_identify(.) by extension 'python_setup_py'
[0.207s] Level 1:colcon.colcon_core.package_identification:_identify(build) by extensions ['ignore', 'ignore_ament_install']
[0.207s] Level 1:colcon.colcon_core.package_identification:_identify(build) by extension 'ignore'
[0.207s] Level 1:colcon.colcon_core.package_identification:_identify(build) ignored
[0.207s] Level 1:colcon.colcon_core.package_identification:_identify(install) by extensions ['ignore', 'ignore_ament_install']
[0.207s] Level 1:colcon.colcon_core.package_identification:_identify(install) by extension 'ignore'
[0.207s] Level 1:colcon.colcon_core.package_identification:_identify(install) ignored
[0.207s] Level 1:colcon.colcon_core.package_identification:_identify(log) by extensions ['ignore', 'ignore_ament_install']
[0.207s] Level 1:colcon.colcon_core.package_identification:_identify(log) by extension 'ignore'
[0.207s] Level 1:colcon.colcon_core.package_identification:_identify(log) ignored
[0.207s] Level 1:colcon.colcon_core.package_identification:_identify(src) by extensions ['ignore', 'ignore_ament_install']
[0.207s] Level 1:colcon.colcon_core.package_identification:_identify(src) by extension 'ignore'
[0.207s] Level 1:colcon.colcon_core.package_identification:_identify(src) by extension 'ignore_ament_install'
[0.207s] Level 1:colcon.colcon_core.package_identification:_identify(src) by extensions ['colcon_pkg']
[0.207s] Level 1:colcon.colcon_core.package_identification:_identify(src) by extension 'colcon_pkg'
[0.207s] Level 1:colcon.colcon_core.package_identification:_identify(src) by extensions ['colcon_meta']
[0.207s] Level 1:colcon.colcon_core.package_identification:_identify(src) by extension 'colcon_meta'
[0.207s] Level 1:colcon.colcon_core.package_identification:_identify(src) by extensions ['ros']
[0.207s] Level 1:colcon.colcon_core.package_identification:_identify(src) by extension 'ros'
[0.207s] Level 1:colcon.colcon_core.package_identification:_identify(src) by extensions ['cmake', 'python']
[0.207s] Level 1:colcon.colcon_core.package_identification:_identify(src) by extension 'cmake'
[0.207s] Level 1:colcon.colcon_core.package_identification:_identify(src) by extension 'python'
[0.207s] Level 1:colcon.colcon_core.package_identification:_identify(src) by extensions ['python_setup_py']
[0.207s] Level 1:colcon.colcon_core.package_identification:_identify(src) by extension 'python_setup_py'
[0.208s] Level 1:colcon.colcon_core.package_identification:_identify(src/bot_control) by extensions ['ignore', 'ignore_ament_install']
[0.208s] Level 1:colcon.colcon_core.package_identification:_identify(src/bot_control) by extension 'ignore'
[0.208s] Level 1:colcon.colcon_core.package_identification:_identify(src/bot_control) by extension 'ignore_ament_install'
[0.208s] Level 1:colcon.colcon_core.package_identification:_identify(src/bot_control) by extensions ['colcon_pkg']
[0.208s] Level 1:colcon.colcon_core.package_identification:_identify(src/bot_control) by extension 'colcon_pkg'
[0.208s] Level 1:colcon.colcon_core.package_identification:_identify(src/bot_control) by extensions ['colcon_meta']
[0.208s] Level 1:colcon.colcon_core.package_identification:_identify(src/bot_control) by extension 'colcon_meta'
[0.208s] Level 1:colcon.colcon_core.package_identification:_identify(src/bot_control) by extensions ['ros']
[0.208s] Level 1:colcon.colcon_core.package_identification:_identify(src/bot_control) by extension 'ros'
[0.211s] DEBUG:colcon.colcon_core.package_identification:Package 'src/bot_control' with type 'ros.ament_python' and name 'bot_control'
[0.211s] Level 1:colcon.colcon_core.package_identification:_identify(src/mini_bot) by extensions ['ignore', 'ignore_ament_install']
[0.211s] Level 1:colcon.colcon_core.package_identification:_identify(src/mini_bot) by extension 'ignore'
[0.211s] Level 1:colcon.colcon_core.package_identification:_identify(src/mini_bot) by extension 'ignore_ament_install'
[0.211s] Level 1:colcon.colcon_core.package_identification:_identify(src/mini_bot) by extensions ['colcon_pkg']
[0.211s] Level 1:colcon.colcon_core.package_identification:_identify(src/mini_bot) by extension 'colcon_pkg'
[0.211s] Level 1:colcon.colcon_core.package_identification:_identify(src/mini_bot) by extensions ['colcon_meta']
[0.211s] Level 1:colcon.colcon_core.package_identification:_identify(src/mini_bot) by extension 'colcon_meta'
[0.211s] Level 1:colcon.colcon_core.package_identification:_identify(src/mini_bot) by extensions ['ros']
[0.211s] Level 1:colcon.colcon_core.package_identification:_identify(src/mini_bot) by extension 'ros'
[0.211s] DEBUG:colcon.colcon_core.package_identification:Package 'src/mini_bot' with type 'ros.ament_cmake' and name 'mini_bot'
[0.211s] Level 1:colcon.colcon_core.package_identification:_identify(src/task_arena) by extensions ['ignore', 'ignore_ament_install']
[0.211s] Level 1:colcon.colcon_core.package_identification:_identify(src/task_arena) by extension 'ignore'
[0.211s] Level 1:colcon.colcon_core.package_identification:_identify(src/task_arena) by extension 'ignore_ament_install'
[0.212s] Level 1:colcon.colcon_core.package_identification:_identify(src/task_arena) by extensions ['colcon_pkg']
[0.212s] Level 1:colcon.colcon_core.package_identification:_identify(src/task_arena) by extension 'colcon_pkg'
[0.212s] Level 1:colcon.colcon_core.package_identification:_identify(src/task_arena) by extensions ['colcon_meta']
[0.212s] Level 1:colcon.colcon_core.package_identification:_identify(src/task_arena) by extension 'colcon_meta'
[0.212s] Level 1:colcon.colcon_core.package_identification:_identify(src/task_arena) by extensions ['ros']
[0.212s] Level 1:colcon.colcon_core.package_identification:_identify(src/task_arena) by extension 'ros'
[0.212s] DEBUG:colcon.colcon_core.package_identification:Package 'src/task_arena' with type 'ros.ament_cmake' and name 'task_arena'
[0.212s] Level 1:colcon.colcon_core.package_discovery:discover_packages(recursive) using defaults
[0.212s] Level 1:colcon.colcon_core.package_discovery:discover_packages(ignore) discover
[0.212s] Level 1:colcon.colcon_core.package_discovery:discover_packages(ignore) using defaults
[0.212s] Level 1:colcon.colcon_core.package_discovery:discover_packages(path) discover
[0.212s] Level 1:colcon.colcon_core.package_discovery:discover_packages(path) using defaults
[0.238s] INFO:colcon.colcon_core.package_selection:Skipping not selected package 'mini_bot' in 'src/mini_bot'
[0.238s] INFO:colcon.colcon_core.package_selection:Skipping not selected package 'task_arena' in 'src/task_arena'
[0.239s] Level 1:colcon.colcon_core.package_discovery:discover_packages(prefix_path) check parameters
[0.239s] Level 1:colcon.colcon_core.package_discovery:discover_packages(prefix_path) discover
[0.241s] DEBUG:colcon.colcon_installed_package_information.package_discovery:Found 1 installed packages in /home/the_wizard_of_nowhere/cyborg_task_3/install
[0.241s] DEBUG:colcon.colcon_installed_package_information.package_discovery:Found 1 installed packages in /home/the_wizard_of_nowhere/Cyborg-Summer-Induction-2026/Task3/install
[0.242s] DEBUG:colcon.colcon_installed_package_information.package_discovery:Found 343 installed packages in /opt/ros/humble
[0.243s] Level 1:colcon.colcon_core.package_discovery:discover_packages(prefix_path) using defaults
[0.269s] Level 5:colcon.colcon_core.verb:set package 'bot_control' build argument 'cmake_args' from command line to 'None'
[0.269s] Level 5:colcon.colcon_core.verb:set package 'bot_control' build argument 'cmake_target' from command line to 'None'
[0.269s] Level 5:colcon.colcon_core.verb:set package 'bot_control' build argument 'cmake_target_skip_unavailable' from command line to 'False'
[0.269s] Level 5:colcon.colcon_core.verb:set package 'bot_control' build argument 'cmake_clean_cache' from command line to 'False'
[0.269s] Level 5:colcon.colcon_core.verb:set package 'bot_control' build argument 'cmake_clean_first' from command line to 'False'
[0.269s] Level 5:colcon.colcon_core.verb:set package 'bot_control' build argument 'cmake_force_configure' from command line to 'False'
[0.269s] Level 5:colcon.colcon_core.verb:set package 'bot_control' build argument 'ament_cmake_args' from command line to 'None'
[0.269s] Level 5:colcon.colcon_core.verb:set package 'bot_control' build argument 'catkin_cmake_args' from command line to 'None'
[0.269s] Level 5:colcon.colcon_core.verb:set package 'bot_control' build argument 'catkin_skip_building_tests' from command line to 'False'
[0.269s] DEBUG:colcon.colcon_core.verb:Building package 'bot_control' with the following arguments: {'ament_cmake_args': None, 'build_base': '/home/the_wizard_of_nowhere/Cyborg-Summer-Induction-2026/Task5/build/bot_control', 'catkin_cmake_args': None, 'catkin_skip_building_tests': False, 'cmake_args': None, 'cmake_clean_cache': False, 'cmake_clean_first': False, 'cmake_force_configure': False, 'cmake_target': None, 'cmake_target_skip_unavailable': False, 'install_base': '/home/the_wizard_of_nowhere/Cyborg-Summer-Induction-2026/Task5/install/bot_control', 'merge_install': False, 'path': '/home/the_wizard_of_nowhere/Cyborg-Summer-Induction-2026/Task5/src/bot_control', 'symlink_install': False, 'test_result_base': None}
[0.269s] INFO:colcon.colcon_core.executor:Executing jobs using 'parallel' executor
[0.270s] DEBUG:colcon.colcon_parallel_executor.executor.parallel:run_until_complete
[0.270s] INFO:colcon.colcon_ros.task.ament_python.build:Building ROS package in '/home/the_wizard_of_nowhere/Cyborg-Summer-Induction-2026/Task5/src/bot_control' with build type 'ament_python'
[0.270s] Level 1:colcon.colcon_core.shell:create_environment_hook('bot_control', 'ament_prefix_path')
[0.273s] INFO:colcon.colcon_core.plugin_system:Skipping extension 'colcon_core.shell.bat': Not used on non-Windows systems
[0.273s] INFO:colcon.colcon_core.shell:Creating environment hook '/home/the_wizard_of_nowhere/Cyborg-Summer-Induction-2026/Task5/install/bot_control/share/bot_control/hook/ament_prefix_path.ps1'
[0.273s] INFO:colcon.colcon_core.shell:Creating environment descriptor '/home/the_wizard_of_nowhere/Cyborg-Summer-Induction-2026/Task5/install/bot_control/share/bot_control/hook/ament_prefix_path.dsv'
[0.274s] INFO:colcon.colcon_core.shell:Creating environment hook '/home/the_wizard_of_nowhere/Cyborg-Summer-Induction-2026/Task5/install/bot_control/share/bot_control/hook/ament_prefix_path.sh'
[0.274s] INFO:colcon.colcon_core.shell:Skip shell extension 'powershell' for command environment: Not usable outside of PowerShell
[0.275s] DEBUG:colcon.colcon_core.shell:Skip shell extension 'dsv' for command environment
[0.451s] INFO:colcon.colcon_core.task.python.build:Building Python package in '/home/the_wizard_of_nowhere/Cyborg-Summer-Induction-2026/Task5/src/bot_control'
[0.452s] INFO:colcon.colcon_core.shell:Skip shell extension 'powershell' for command environment: Not usable outside of PowerShell
[0.452s] DEBUG:colcon.colcon_core.shell:Skip shell extension 'dsv' for command environment
[0.820s] DEBUG:colcon.colcon_core.event_handler.log_command:Invoking command in '/home/the_wizard_of_nowhere/Cyborg-Summer-Induction-2026/Task5/src/bot_control': PYTHONPATH=/home/the_wizard_of_nowhere/Cyborg-Summer-Induction-2026/Task5/build/bot_control/prefix_override:/usr/lib/python3/dist-packages/colcon_core/task/python/colcon_distutils_commands:/home/the_wizard_of_nowhere/Cyborg-Summer-Induction-2026/Task5/install/bot_control/lib/python3.10/site-packages:${PYTHONPATH} /usr/bin/python3 -W ignore:setup.py install is deprecated -W ignore:easy_install command is deprecated setup.py egg_info --egg-base ../../build/bot_control build --build-base /home/the_wizard_of_nowhere/Cyborg-Summer-Induction-2026/Task5/build/bot_control/build install --record /home/the_wizard_of_nowhere/Cyborg-Summer-Induction-2026/Task5/build/bot_control/install.log --single-version-externally-managed install_data
[1.013s] DEBUG:colcon.colcon_core.event_handler.log_command:Invoked command in '/home/the_wizard_of_nowhere/Cyborg-Summer-Induction-2026/Task5/src/bot_control' returned '0': PYTHONPATH=/home/the_wizard_of_nowhere/Cyborg-Summer-Induction-2026/Task5/build/bot_control/prefix_override:/usr/lib/python3/dist-packages/colcon_core/task/python/colcon_distutils_commands:/home/the_wizard_of_nowhere/Cyborg-Summer-Induction-2026/Task5/install/bot_control/lib/python3.10/site-packages:${PYTHONPATH} /usr/bin/python3 -W ignore:setup.py install is deprecated -W ignore:easy_install command is deprecated setup.py egg_info --egg-base ../../build/bot_control build --build-base /home/the_wizard_of_nowhere/Cyborg-Summer-Induction-2026/Task5/build/bot_control/build install --record /home/the_wizard_of_nowhere/Cyborg-Summer-Induction-2026/Task5/build/bot_control/install.log --single-version-externally-managed install_data
[1.017s] Level 1:colcon.colcon_core.environment:checking '/home/the_wizard_of_nowhere/Cyborg-Summer-Induction-2026/Task5/install/bot_control' for CMake module files
[1.017s] Level 1:colcon.colcon_core.environment:checking '/home/the_wizard_of_nowhere/Cyborg-Summer-Induction-2026/Task5/install/bot_control' for CMake config files
[1.018s] Level 1:colcon.colcon_core.environment:checking '/home/the_wizard_of_nowhere/Cyborg-Summer-Induction-2026/Task5/install/bot_control/lib'
[1.018s] Level 1:colcon.colcon_core.environment:checking '/home/the_wizard_of_nowhere/Cyborg-Summer-Induction-2026/Task5/install/bot_control/bin'
[1.018s] Level 1:colcon.colcon_core.environment:checking '/home/the_wizard_of_nowhere/Cyborg-Summer-Induction-2026/Task5/install/bot_control/lib/pkgconfig/bot_control.pc'
[1.018s] Level 1:colcon.colcon_core.environment:checking '/home/the_wizard_of_nowhere/Cyborg-Summer-Induction-2026/Task5/install/bot_control/lib/python3.10/site-packages'
[1.018s] Level 1:colcon.colcon_core.shell:create_environment_hook('bot_control', 'pythonpath')
[1.018s] INFO:colcon.colcon_core.shell:Creating environment hook '/home/the_wizard_of_nowhere/Cyborg-Summer-Induction-2026/Task5/install/bot_control/share/bot_control/hook/pythonpath.ps1'
[1.018s] INFO:colcon.colcon_core.shell:Creating environment descriptor '/home/the_wizard_of_nowhere/Cyborg-Summer-Induction-2026/Task5/install/bot_control/share/bot_control/hook/pythonpath.dsv'
[1.019s] INFO:colcon.colcon_core.shell:Creating environment hook '/home/the_wizard_of_nowhere/Cyborg-Summer-Induction-2026/Task5/install/bot_control/share/bot_control/hook/pythonpath.sh'
[1.019s] Level 1:colcon.colcon_core.environment:checking '/home/the_wizard_of_nowhere/Cyborg-Summer-Induction-2026/Task5/install/bot_control/bin'
[1.019s] Level 1:colcon.colcon_core.environment:create_environment_scripts_only(bot_control)
[1.019s] INFO:colcon.colcon_core.shell:Creating package script '/home/the_wizard_of_nowhere/Cyborg-Summer-Induction-2026/Task5/install/bot_control/share/bot_control/package.ps1'
[1.020s] INFO:colcon.colcon_core.shell:Creating package descriptor '/home/the_wizard_of_nowhere/Cyborg-Summer-Induction-2026/Task5/install/bot_control/share/bot_control/package.dsv'
[1.021s] INFO:colcon.colcon_core.shell:Creating package script '/home/the_wizard_of_nowhere/Cyborg-Summer-Induction-2026/Task5/install/bot_control/share/bot_control/package.sh'
[1.021s] INFO:colcon.colcon_core.shell:Creating package script '/home/the_wizard_of_nowhere/Cyborg-Summer-Induction-2026/Task5/install/bot_control/share/bot_control/package.bash'
[1.022s] INFO:colcon.colcon_core.shell:Creating package script '/home/the_wizard_of_nowhere/Cyborg-Summer-Induction-2026/Task5/install/bot_control/share/bot_control/package.zsh'
[1.022s] Level 1:colcon.colcon_core.environment:create_file_with_runtime_dependencies(/home/the_wizard_of_nowhere/Cyborg-Summer-Induction-2026/Task5/install/bot_control/share/colcon-core/packages/bot_control)
[1.023s] DEBUG:colcon.colcon_parallel_executor.executor.parallel:closing loop
[1.023s] DEBUG:colcon.colcon_parallel_executor.executor.parallel:loop closed
[1.023s] DEBUG:colcon.colcon_parallel_executor.executor.parallel:run_until_complete finished with '0'
[1.023s] DEBUG:colcon.colcon_core.event_reactor:joining thread
[1.028s] INFO:colcon.colcon_core.plugin_system:Skipping extension 'colcon_notification.desktop_notification.terminal_notifier': Not used on non-Darwin systems
[1.028s] INFO:colcon.colcon_core.plugin_system:Skipping extension 'colcon_notification.desktop_notification.win32': Not used on non-Windows systems
[1.028s] INFO:colcon.colcon_notification.desktop_notification:Sending desktop notification using 'notify2'
[1.037s] DEBUG:colcon.colcon_core.event_reactor:joined thread
[1.038s] INFO:colcon.colcon_core.shell:Creating prefix script '/home/the_wizard_of_nowhere/Cyborg-Summer-Induction-2026/Task5/install/local_setup.ps1'
[1.039s] INFO:colcon.colcon_core.shell:Creating prefix util module '/home/the_wizard_of_nowhere/Cyborg-Summer-Induction-2026/Task5/install/_local_setup_util_ps1.py'
[1.040s] INFO:colcon.colcon_core.shell:Creating prefix chain script '/home/the_wizard_of_nowhere/Cyborg-Summer-Induction-2026/Task5/install/setup.ps1'
[1.040s] INFO:colcon.colcon_core.shell:Creating prefix script '/home/the_wizard_of_nowhere/Cyborg-Summer-Induction-2026/Task5/install/local_setup.sh'
[1.041s] INFO:colcon.colcon_core.shell:Creating prefix util module '/home/the_wizard_of_nowhere/Cyborg-Summer-Induction-2026/Task5/install/_local_setup_util_sh.py'
[1.041s] INFO:colcon.colcon_core.shell:Creating prefix chain script '/home/the_wizard_of_nowhere/Cyborg-Summer-Induction-2026/Task5/install/setup.sh'
[1.042s] INFO:colcon.colcon_core.shell:Creating prefix script '/home/the_wizard_of_nowhere/Cyborg-Summer-Induction-2026/Task5/install/local_setup.bash'
[1.043s] INFO:colcon.colcon_core.shell:Creating prefix chain script '/home/the_wizard_of_nowhere/Cyborg-Summer-Induction-2026/Task5/install/setup.bash'
[1.043s] INFO:colcon.colcon_core.shell:Creating prefix script '/home/the_wizard_of_nowhere/Cyborg-Summer-Induction-2026/Task5/install/local_setup.zsh'
[1.044s] INFO:colcon.colcon_core.shell:Creating prefix chain script '/home/the_wizard_of_nowhere/Cyborg-Summer-Induction-2026/Task5/install/setup.zsh'
