[0.100s] DEBUG:colcon:Command line arguments: ['/usr/bin/colcon', 'build', '--packages-select', 'task3']
[0.100s] DEBUG:colcon:Parsed command line arguments: Namespace(log_base=None, log_level=None, verb_name='build', build_base='build', install_base='install', merge_install=False, symlink_install=False, test_result_base=None, continue_on_error=False, executor='parallel', parallel_workers=12, event_handlers=None, ignore_user_meta=False, metas=['./colcon.meta'], base_paths=['.'], packages_ignore=None, packages_ignore_regex=None, paths=None, packages_up_to=None, packages_up_to_regex=None, packages_above=None, packages_above_and_dependencies=None, packages_above_depth=None, packages_select_by_dep=None, packages_skip_by_dep=None, packages_skip_up_to=None, packages_select_build_failed=False, packages_skip_build_finished=False, packages_select_test_failures=False, packages_skip_test_passed=False, packages_select=['task3'], packages_skip=None, packages_select_regex=None, packages_skip_regex=None, packages_start=None, packages_end=None, allow_overriding=[], cmake_args=None, cmake_target=None, cmake_target_skip_unavailable=False, cmake_clean_cache=False, cmake_clean_first=False, cmake_force_configure=False, ament_cmake_args=None, catkin_cmake_args=None, catkin_skip_building_tests=False, verb_parser=<colcon_defaults.argument_parser.defaults.DefaultArgumentsDecorator object at 0x7b6c84f59210>, verb_extension=<colcon_core.verb.build.BuildVerb object at 0x7b6c85042c80>, main=<bound method BuildVerb.main of <colcon_core.verb.build.BuildVerb object at 0x7b6c85042c80>>)
[0.240s] Level 1:colcon.colcon_core.package_discovery:discover_packages(colcon_meta) check parameters
[0.240s] Level 1:colcon.colcon_core.package_discovery:discover_packages(recursive) check parameters
[0.240s] Level 1:colcon.colcon_core.package_discovery:discover_packages(ignore) check parameters
[0.240s] Level 1:colcon.colcon_core.package_discovery:discover_packages(path) check parameters
[0.240s] Level 1:colcon.colcon_core.package_discovery:discover_packages(colcon_meta) discover
[0.240s] Level 1:colcon.colcon_core.package_discovery:discover_packages(recursive) discover
[0.240s] INFO:colcon.colcon_core.package_discovery:Crawling recursively for packages in '/home/the_wizard_of_nowhere/Cyborg-Summer-Induction-2026/Task3'
[0.240s] Level 1:colcon.colcon_core.package_identification:_identify(.) by extensions ['ignore', 'ignore_ament_install']
[0.240s] Level 1:colcon.colcon_core.package_identification:_identify(.) by extension 'ignore'
[0.240s] Level 1:colcon.colcon_core.package_identification:_identify(.) by extension 'ignore_ament_install'
[0.240s] Level 1:colcon.colcon_core.package_identification:_identify(.) by extensions ['colcon_pkg']
[0.240s] Level 1:colcon.colcon_core.package_identification:_identify(.) by extension 'colcon_pkg'
[0.240s] Level 1:colcon.colcon_core.package_identification:_identify(.) by extensions ['colcon_meta']
[0.240s] Level 1:colcon.colcon_core.package_identification:_identify(.) by extension 'colcon_meta'
[0.240s] Level 1:colcon.colcon_core.package_identification:_identify(.) by extensions ['ros']
[0.240s] Level 1:colcon.colcon_core.package_identification:_identify(.) by extension 'ros'
[0.250s] Level 1:colcon.colcon_core.package_identification:_identify(.) by extensions ['cmake', 'python']
[0.250s] Level 1:colcon.colcon_core.package_identification:_identify(.) by extension 'cmake'
[0.250s] Level 1:colcon.colcon_core.package_identification:_identify(.) by extension 'python'
[0.250s] Level 1:colcon.colcon_core.package_identification:_identify(.) by extensions ['python_setup_py']
[0.250s] Level 1:colcon.colcon_core.package_identification:_identify(.) by extension 'python_setup_py'
[0.250s] Level 1:colcon.colcon_core.package_identification:_identify(build) by extensions ['ignore', 'ignore_ament_install']
[0.250s] Level 1:colcon.colcon_core.package_identification:_identify(build) by extension 'ignore'
[0.250s] Level 1:colcon.colcon_core.package_identification:_identify(build) ignored
[0.250s] Level 1:colcon.colcon_core.package_identification:_identify(install) by extensions ['ignore', 'ignore_ament_install']
[0.250s] Level 1:colcon.colcon_core.package_identification:_identify(install) by extension 'ignore'
[0.250s] Level 1:colcon.colcon_core.package_identification:_identify(install) ignored
[0.250s] Level 1:colcon.colcon_core.package_identification:_identify(log) by extensions ['ignore', 'ignore_ament_install']
[0.250s] Level 1:colcon.colcon_core.package_identification:_identify(log) by extension 'ignore'
[0.250s] Level 1:colcon.colcon_core.package_identification:_identify(log) ignored
[0.250s] Level 1:colcon.colcon_core.package_identification:_identify(src) by extensions ['ignore', 'ignore_ament_install']
[0.250s] Level 1:colcon.colcon_core.package_identification:_identify(src) by extension 'ignore'
[0.250s] Level 1:colcon.colcon_core.package_identification:_identify(src) by extension 'ignore_ament_install'
[0.250s] Level 1:colcon.colcon_core.package_identification:_identify(src) by extensions ['colcon_pkg']
[0.250s] Level 1:colcon.colcon_core.package_identification:_identify(src) by extension 'colcon_pkg'
[0.250s] Level 1:colcon.colcon_core.package_identification:_identify(src) by extensions ['colcon_meta']
[0.250s] Level 1:colcon.colcon_core.package_identification:_identify(src) by extension 'colcon_meta'
[0.250s] Level 1:colcon.colcon_core.package_identification:_identify(src) by extensions ['ros']
[0.250s] Level 1:colcon.colcon_core.package_identification:_identify(src) by extension 'ros'
[0.250s] Level 1:colcon.colcon_core.package_identification:_identify(src) by extensions ['cmake', 'python']
[0.250s] Level 1:colcon.colcon_core.package_identification:_identify(src) by extension 'cmake'
[0.251s] Level 1:colcon.colcon_core.package_identification:_identify(src) by extension 'python'
[0.251s] Level 1:colcon.colcon_core.package_identification:_identify(src) by extensions ['python_setup_py']
[0.251s] Level 1:colcon.colcon_core.package_identification:_identify(src) by extension 'python_setup_py'
[0.251s] Level 1:colcon.colcon_core.package_identification:_identify(src/task3) by extensions ['ignore', 'ignore_ament_install']
[0.251s] Level 1:colcon.colcon_core.package_identification:_identify(src/task3) by extension 'ignore'
[0.251s] Level 1:colcon.colcon_core.package_identification:_identify(src/task3) by extension 'ignore_ament_install'
[0.251s] Level 1:colcon.colcon_core.package_identification:_identify(src/task3) by extensions ['colcon_pkg']
[0.251s] Level 1:colcon.colcon_core.package_identification:_identify(src/task3) by extension 'colcon_pkg'
[0.251s] Level 1:colcon.colcon_core.package_identification:_identify(src/task3) by extensions ['colcon_meta']
[0.251s] Level 1:colcon.colcon_core.package_identification:_identify(src/task3) by extension 'colcon_meta'
[0.251s] Level 1:colcon.colcon_core.package_identification:_identify(src/task3) by extensions ['ros']
[0.251s] Level 1:colcon.colcon_core.package_identification:_identify(src/task3) by extension 'ros'
[0.253s] DEBUG:colcon.colcon_core.package_identification:Package 'src/task3' with type 'ros.ament_cmake' and name 'task3'
[0.253s] Level 1:colcon.colcon_core.package_discovery:discover_packages(recursive) using defaults
[0.254s] Level 1:colcon.colcon_core.package_discovery:discover_packages(ignore) discover
[0.254s] Level 1:colcon.colcon_core.package_discovery:discover_packages(ignore) using defaults
[0.254s] Level 1:colcon.colcon_core.package_discovery:discover_packages(path) discover
[0.254s] Level 1:colcon.colcon_core.package_discovery:discover_packages(path) using defaults
[0.280s] Level 1:colcon.colcon_core.package_discovery:discover_packages(prefix_path) check parameters
[0.280s] Level 1:colcon.colcon_core.package_discovery:discover_packages(prefix_path) discover
[0.283s] DEBUG:colcon.colcon_installed_package_information.package_discovery:Found 1 installed packages in /home/the_wizard_of_nowhere/cyborg_task_3/install
[0.283s] DEBUG:colcon.colcon_installed_package_information.package_discovery:Found 1 installed packages in /home/the_wizard_of_nowhere/Cyborg-Summer-Induction-2026/Task3/install
[0.284s] DEBUG:colcon.colcon_installed_package_information.package_discovery:Found 273 installed packages in /opt/ros/humble
[0.285s] Level 1:colcon.colcon_core.package_discovery:discover_packages(prefix_path) using defaults
[0.312s] Level 5:colcon.colcon_core.verb:set package 'task3' build argument 'cmake_args' from command line to 'None'
[0.312s] Level 5:colcon.colcon_core.verb:set package 'task3' build argument 'cmake_target' from command line to 'None'
[0.312s] Level 5:colcon.colcon_core.verb:set package 'task3' build argument 'cmake_target_skip_unavailable' from command line to 'False'
[0.312s] Level 5:colcon.colcon_core.verb:set package 'task3' build argument 'cmake_clean_cache' from command line to 'False'
[0.312s] Level 5:colcon.colcon_core.verb:set package 'task3' build argument 'cmake_clean_first' from command line to 'False'
[0.312s] Level 5:colcon.colcon_core.verb:set package 'task3' build argument 'cmake_force_configure' from command line to 'False'
[0.312s] Level 5:colcon.colcon_core.verb:set package 'task3' build argument 'ament_cmake_args' from command line to 'None'
[0.312s] Level 5:colcon.colcon_core.verb:set package 'task3' build argument 'catkin_cmake_args' from command line to 'None'
[0.312s] Level 5:colcon.colcon_core.verb:set package 'task3' build argument 'catkin_skip_building_tests' from command line to 'False'
[0.313s] DEBUG:colcon.colcon_core.verb:Building package 'task3' with the following arguments: {'ament_cmake_args': None, 'build_base': '/home/the_wizard_of_nowhere/Cyborg-Summer-Induction-2026/Task3/build/task3', 'catkin_cmake_args': None, 'catkin_skip_building_tests': False, 'cmake_args': None, 'cmake_clean_cache': False, 'cmake_clean_first': False, 'cmake_force_configure': False, 'cmake_target': None, 'cmake_target_skip_unavailable': False, 'install_base': '/home/the_wizard_of_nowhere/Cyborg-Summer-Induction-2026/Task3/install/task3', 'merge_install': False, 'path': '/home/the_wizard_of_nowhere/Cyborg-Summer-Induction-2026/Task3/src/task3', 'symlink_install': False, 'test_result_base': None}
[0.313s] INFO:colcon.colcon_core.executor:Executing jobs using 'parallel' executor
[0.313s] DEBUG:colcon.colcon_parallel_executor.executor.parallel:run_until_complete
[0.314s] INFO:colcon.colcon_ros.task.ament_cmake.build:Building ROS package in '/home/the_wizard_of_nowhere/Cyborg-Summer-Induction-2026/Task3/src/task3' with build type 'ament_cmake'
[0.314s] INFO:colcon.colcon_cmake.task.cmake.build:Building CMake package in '/home/the_wizard_of_nowhere/Cyborg-Summer-Induction-2026/Task3/src/task3'
[0.317s] INFO:colcon.colcon_core.plugin_system:Skipping extension 'colcon_core.shell.bat': Not used on non-Windows systems
[0.317s] INFO:colcon.colcon_core.shell:Skip shell extension 'powershell' for command environment: Not usable outside of PowerShell
[0.317s] DEBUG:colcon.colcon_core.shell:Skip shell extension 'dsv' for command environment
[0.323s] DEBUG:colcon.colcon_core.event_handler.log_command:Invoking command in '/home/the_wizard_of_nowhere/Cyborg-Summer-Induction-2026/Task3/build/task3': CMAKE_PREFIX_PATH=${CMAKE_PREFIX_PATH}:/home/the_wizard_of_nowhere/cyborg_task_3/install/robot_controller:/opt/ros/humble /usr/bin/cmake --build /home/the_wizard_of_nowhere/Cyborg-Summer-Induction-2026/Task3/build/task3 -- -j12 -l12
[0.553s] DEBUG:colcon.colcon_core.event_handler.log_command:Invoked command in '/home/the_wizard_of_nowhere/Cyborg-Summer-Induction-2026/Task3/build/task3' returned '0': CMAKE_PREFIX_PATH=${CMAKE_PREFIX_PATH}:/home/the_wizard_of_nowhere/cyborg_task_3/install/robot_controller:/opt/ros/humble /usr/bin/cmake --build /home/the_wizard_of_nowhere/Cyborg-Summer-Induction-2026/Task3/build/task3 -- -j12 -l12
[0.560s] DEBUG:colcon.colcon_core.event_handler.log_command:Invoking command in '/home/the_wizard_of_nowhere/Cyborg-Summer-Induction-2026/Task3/build/task3': CMAKE_PREFIX_PATH=${CMAKE_PREFIX_PATH}:/home/the_wizard_of_nowhere/cyborg_task_3/install/robot_controller:/opt/ros/humble /usr/bin/cmake --install /home/the_wizard_of_nowhere/Cyborg-Summer-Induction-2026/Task3/build/task3
[0.598s] Level 1:colcon.colcon_core.environment:create_environment_scripts_only(task3)
[0.598s] DEBUG:colcon.colcon_core.event_handler.log_command:Invoked command in '/home/the_wizard_of_nowhere/Cyborg-Summer-Induction-2026/Task3/build/task3' returned '0': CMAKE_PREFIX_PATH=${CMAKE_PREFIX_PATH}:/home/the_wizard_of_nowhere/cyborg_task_3/install/robot_controller:/opt/ros/humble /usr/bin/cmake --install /home/the_wizard_of_nowhere/Cyborg-Summer-Induction-2026/Task3/build/task3
[0.602s] Level 1:colcon.colcon_core.environment:checking '/home/the_wizard_of_nowhere/Cyborg-Summer-Induction-2026/Task3/install/task3' for CMake module files
[0.602s] Level 1:colcon.colcon_core.environment:checking '/home/the_wizard_of_nowhere/Cyborg-Summer-Induction-2026/Task3/install/task3' for CMake config files
[0.602s] Level 1:colcon.colcon_core.shell:create_environment_hook('task3', 'cmake_prefix_path')
[0.603s] INFO:colcon.colcon_core.shell:Creating environment hook '/home/the_wizard_of_nowhere/Cyborg-Summer-Induction-2026/Task3/install/task3/share/task3/hook/cmake_prefix_path.ps1'
[0.603s] INFO:colcon.colcon_core.shell:Creating environment descriptor '/home/the_wizard_of_nowhere/Cyborg-Summer-Induction-2026/Task3/install/task3/share/task3/hook/cmake_prefix_path.dsv'
[0.603s] INFO:colcon.colcon_core.shell:Creating environment hook '/home/the_wizard_of_nowhere/Cyborg-Summer-Induction-2026/Task3/install/task3/share/task3/hook/cmake_prefix_path.sh'
[0.604s] Level 1:colcon.colcon_core.environment:checking '/home/the_wizard_of_nowhere/Cyborg-Summer-Induction-2026/Task3/install/task3/lib'
[0.604s] Level 1:colcon.colcon_core.shell:create_environment_hook('task3', 'ld_library_path_lib')
[0.604s] INFO:colcon.colcon_core.shell:Creating environment hook '/home/the_wizard_of_nowhere/Cyborg-Summer-Induction-2026/Task3/install/task3/share/task3/hook/ld_library_path_lib.ps1'
[0.604s] INFO:colcon.colcon_core.shell:Creating environment descriptor '/home/the_wizard_of_nowhere/Cyborg-Summer-Induction-2026/Task3/install/task3/share/task3/hook/ld_library_path_lib.dsv'
[0.605s] INFO:colcon.colcon_core.shell:Creating environment hook '/home/the_wizard_of_nowhere/Cyborg-Summer-Induction-2026/Task3/install/task3/share/task3/hook/ld_library_path_lib.sh'
[0.605s] Level 1:colcon.colcon_core.environment:checking '/home/the_wizard_of_nowhere/Cyborg-Summer-Induction-2026/Task3/install/task3/bin'
[0.605s] Level 1:colcon.colcon_core.environment:checking '/home/the_wizard_of_nowhere/Cyborg-Summer-Induction-2026/Task3/install/task3/lib/pkgconfig/task3.pc'
[0.605s] Level 1:colcon.colcon_core.environment:checking '/home/the_wizard_of_nowhere/Cyborg-Summer-Induction-2026/Task3/install/task3/lib/python3.10/site-packages'
[0.605s] Level 1:colcon.colcon_core.environment:checking '/home/the_wizard_of_nowhere/Cyborg-Summer-Induction-2026/Task3/install/task3/bin'
[0.606s] INFO:colcon.colcon_core.shell:Creating package script '/home/the_wizard_of_nowhere/Cyborg-Summer-Induction-2026/Task3/install/task3/share/task3/package.ps1'
[0.607s] INFO:colcon.colcon_core.shell:Creating package descriptor '/home/the_wizard_of_nowhere/Cyborg-Summer-Induction-2026/Task3/install/task3/share/task3/package.dsv'
[0.607s] INFO:colcon.colcon_core.shell:Creating package script '/home/the_wizard_of_nowhere/Cyborg-Summer-Induction-2026/Task3/install/task3/share/task3/package.sh'
[0.608s] INFO:colcon.colcon_core.shell:Creating package script '/home/the_wizard_of_nowhere/Cyborg-Summer-Induction-2026/Task3/install/task3/share/task3/package.bash'
[0.608s] INFO:colcon.colcon_core.shell:Creating package script '/home/the_wizard_of_nowhere/Cyborg-Summer-Induction-2026/Task3/install/task3/share/task3/package.zsh'
[0.609s] Level 1:colcon.colcon_core.environment:create_file_with_runtime_dependencies(/home/the_wizard_of_nowhere/Cyborg-Summer-Induction-2026/Task3/install/task3/share/colcon-core/packages/task3)
[0.609s] Level 1:colcon.colcon_core.environment:create_environment_scripts_only(task3)
[0.609s] Level 1:colcon.colcon_core.environment:checking '/home/the_wizard_of_nowhere/Cyborg-Summer-Induction-2026/Task3/install/task3' for CMake module files
[0.610s] Level 1:colcon.colcon_core.environment:checking '/home/the_wizard_of_nowhere/Cyborg-Summer-Induction-2026/Task3/install/task3' for CMake config files
[0.610s] Level 1:colcon.colcon_core.shell:create_environment_hook('task3', 'cmake_prefix_path')
[0.610s] INFO:colcon.colcon_core.shell:Creating environment hook '/home/the_wizard_of_nowhere/Cyborg-Summer-Induction-2026/Task3/install/task3/share/task3/hook/cmake_prefix_path.ps1'
[0.610s] INFO:colcon.colcon_core.shell:Creating environment descriptor '/home/the_wizard_of_nowhere/Cyborg-Summer-Induction-2026/Task3/install/task3/share/task3/hook/cmake_prefix_path.dsv'
[0.611s] INFO:colcon.colcon_core.shell:Creating environment hook '/home/the_wizard_of_nowhere/Cyborg-Summer-Induction-2026/Task3/install/task3/share/task3/hook/cmake_prefix_path.sh'
[0.611s] Level 1:colcon.colcon_core.environment:checking '/home/the_wizard_of_nowhere/Cyborg-Summer-Induction-2026/Task3/install/task3/lib'
[0.611s] Level 1:colcon.colcon_core.shell:create_environment_hook('task3', 'ld_library_path_lib')
[0.611s] INFO:colcon.colcon_core.shell:Creating environment hook '/home/the_wizard_of_nowhere/Cyborg-Summer-Induction-2026/Task3/install/task3/share/task3/hook/ld_library_path_lib.ps1'
[0.611s] INFO:colcon.colcon_core.shell:Creating environment descriptor '/home/the_wizard_of_nowhere/Cyborg-Summer-Induction-2026/Task3/install/task3/share/task3/hook/ld_library_path_lib.dsv'
[0.612s] INFO:colcon.colcon_core.shell:Creating environment hook '/home/the_wizard_of_nowhere/Cyborg-Summer-Induction-2026/Task3/install/task3/share/task3/hook/ld_library_path_lib.sh'
[0.612s] Level 1:colcon.colcon_core.environment:checking '/home/the_wizard_of_nowhere/Cyborg-Summer-Induction-2026/Task3/install/task3/bin'
[0.612s] Level 1:colcon.colcon_core.environment:checking '/home/the_wizard_of_nowhere/Cyborg-Summer-Induction-2026/Task3/install/task3/lib/pkgconfig/task3.pc'
[0.612s] Level 1:colcon.colcon_core.environment:checking '/home/the_wizard_of_nowhere/Cyborg-Summer-Induction-2026/Task3/install/task3/lib/python3.10/site-packages'
[0.612s] Level 1:colcon.colcon_core.environment:checking '/home/the_wizard_of_nowhere/Cyborg-Summer-Induction-2026/Task3/install/task3/bin'
[0.612s] INFO:colcon.colcon_core.shell:Creating package script '/home/the_wizard_of_nowhere/Cyborg-Summer-Induction-2026/Task3/install/task3/share/task3/package.ps1'
[0.613s] INFO:colcon.colcon_core.shell:Creating package descriptor '/home/the_wizard_of_nowhere/Cyborg-Summer-Induction-2026/Task3/install/task3/share/task3/package.dsv'
[0.613s] INFO:colcon.colcon_core.shell:Creating package script '/home/the_wizard_of_nowhere/Cyborg-Summer-Induction-2026/Task3/install/task3/share/task3/package.sh'
[0.613s] INFO:colcon.colcon_core.shell:Creating package script '/home/the_wizard_of_nowhere/Cyborg-Summer-Induction-2026/Task3/install/task3/share/task3/package.bash'
[0.614s] INFO:colcon.colcon_core.shell:Creating package script '/home/the_wizard_of_nowhere/Cyborg-Summer-Induction-2026/Task3/install/task3/share/task3/package.zsh'
[0.614s] Level 1:colcon.colcon_core.environment:create_file_with_runtime_dependencies(/home/the_wizard_of_nowhere/Cyborg-Summer-Induction-2026/Task3/install/task3/share/colcon-core/packages/task3)
[0.614s] DEBUG:colcon.colcon_parallel_executor.executor.parallel:closing loop
[0.614s] DEBUG:colcon.colcon_parallel_executor.executor.parallel:loop closed
[0.614s] DEBUG:colcon.colcon_parallel_executor.executor.parallel:run_until_complete finished with '0'
[0.614s] DEBUG:colcon.colcon_core.event_reactor:joining thread
[0.621s] INFO:colcon.colcon_core.plugin_system:Skipping extension 'colcon_notification.desktop_notification.terminal_notifier': Not used on non-Darwin systems
[0.621s] INFO:colcon.colcon_core.plugin_system:Skipping extension 'colcon_notification.desktop_notification.win32': Not used on non-Windows systems
[0.621s] INFO:colcon.colcon_notification.desktop_notification:Sending desktop notification using 'notify2'
[0.628s] DEBUG:colcon.colcon_core.event_reactor:joined thread
[0.629s] INFO:colcon.colcon_core.shell:Creating prefix script '/home/the_wizard_of_nowhere/Cyborg-Summer-Induction-2026/Task3/install/local_setup.ps1'
[0.629s] INFO:colcon.colcon_core.shell:Creating prefix util module '/home/the_wizard_of_nowhere/Cyborg-Summer-Induction-2026/Task3/install/_local_setup_util_ps1.py'
[0.630s] INFO:colcon.colcon_core.shell:Creating prefix chain script '/home/the_wizard_of_nowhere/Cyborg-Summer-Induction-2026/Task3/install/setup.ps1'
[0.631s] INFO:colcon.colcon_core.shell:Creating prefix script '/home/the_wizard_of_nowhere/Cyborg-Summer-Induction-2026/Task3/install/local_setup.sh'
[0.632s] INFO:colcon.colcon_core.shell:Creating prefix util module '/home/the_wizard_of_nowhere/Cyborg-Summer-Induction-2026/Task3/install/_local_setup_util_sh.py'
[0.632s] INFO:colcon.colcon_core.shell:Creating prefix chain script '/home/the_wizard_of_nowhere/Cyborg-Summer-Induction-2026/Task3/install/setup.sh'
[0.633s] INFO:colcon.colcon_core.shell:Creating prefix script '/home/the_wizard_of_nowhere/Cyborg-Summer-Induction-2026/Task3/install/local_setup.bash'
[0.634s] INFO:colcon.colcon_core.shell:Creating prefix chain script '/home/the_wizard_of_nowhere/Cyborg-Summer-Induction-2026/Task3/install/setup.bash'
[0.634s] INFO:colcon.colcon_core.shell:Creating prefix script '/home/the_wizard_of_nowhere/Cyborg-Summer-Induction-2026/Task3/install/local_setup.zsh'
[0.635s] INFO:colcon.colcon_core.shell:Creating prefix chain script '/home/the_wizard_of_nowhere/Cyborg-Summer-Induction-2026/Task3/install/setup.zsh'
