[0.170s] Invoking command in '/home/the_wizard_of_nowhere/Cyborg-Summer-Induction-2026/Task5/build/mini_bot': CMAKE_PREFIX_PATH=${CMAKE_PREFIX_PATH}:/home/the_wizard_of_nowhere/cyborg_task_3/install/robot_controller:/opt/ros/humble /usr/bin/cmake /home/the_wizard_of_nowhere/Cyborg-Summer-Induction-2026/Task5/src/mini_bot -DCMAKE_INSTALL_PREFIX=/home/the_wizard_of_nowhere/Cyborg-Summer-Induction-2026/Task5/install/mini_bot
[0.206s] -- The C compiler identification is GNU 11.4.0
[0.243s] -- The CXX compiler identification is GNU 11.4.0
[0.248s] -- Detecting C compiler ABI info
[0.293s] -- Detecting C compiler ABI info - done
[0.298s] -- Check for working C compiler: /usr/bin/cc - skipped
[0.298s] -- Detecting C compile features
[0.299s] -- Detecting C compile features - done
[0.300s] -- Detecting CXX compiler ABI info
[0.356s] -- Detecting CXX compiler ABI info - done
[0.362s] -- Check for working CXX compiler: /usr/bin/c++ - skipped
[0.362s] -- Detecting CXX compile features
[0.362s] -- Detecting CXX compile features - done
[0.363s] -- Found ament_cmake: 1.3.14 (/opt/ros/humble/share/ament_cmake/cmake)
[0.473s] -- Found Python3: /usr/bin/python3 (found version "3.10.12") found components: Interpreter 
[0.535s] -- Found rclcpp: 16.0.19 (/opt/ros/humble/share/rclcpp/cmake)
[0.562s] -- Found rosidl_generator_c: 3.1.8 (/opt/ros/humble/share/rosidl_generator_c/cmake)
[0.565s] -- Found rosidl_adapter: 3.1.8 (/opt/ros/humble/share/rosidl_adapter/cmake)
[0.570s] -- Found rosidl_generator_cpp: 3.1.8 (/opt/ros/humble/share/rosidl_generator_cpp/cmake)
[0.577s] -- Using all available rosidl_typesupport_c: rosidl_typesupport_fastrtps_c;rosidl_typesupport_introspection_c
[0.587s] -- Using all available rosidl_typesupport_cpp: rosidl_typesupport_fastrtps_cpp;rosidl_typesupport_introspection_cpp
[0.613s] -- Found rmw_implementation_cmake: 6.1.2 (/opt/ros/humble/share/rmw_implementation_cmake/cmake)
[0.615s] -- Found rmw_fastrtps_cpp: 6.2.10 (/opt/ros/humble/share/rmw_fastrtps_cpp/cmake)
[0.668s] -- Found OpenSSL: /usr/lib/x86_64-linux-gnu/libcrypto.so (found version "3.0.2")  
[0.688s] -- Found FastRTPS: /opt/ros/humble/include  
[0.718s] -- Using RMW implementation 'rmw_fastrtps_cpp' as default
[0.723s] -- Looking for pthread.h
[0.771s] -- Looking for pthread.h - found
[0.772s] -- Performing Test CMAKE_HAVE_LIBC_PTHREAD
[0.820s] -- Performing Test CMAKE_HAVE_LIBC_PTHREAD - Success
[0.820s] -- Found Threads: TRUE  
[0.853s] -- Found rclpy: 3.3.21 (/opt/ros/humble/share/rclpy/cmake)
[0.854s] -- Found urdf: 2.6.1 (/opt/ros/humble/share/urdf/cmake)
[0.875s] -- Found xacro: 2.1.1 (/opt/ros/humble/share/xacro/cmake)
[0.876s] -- Found ament_lint_auto: 0.12.15 (/opt/ros/humble/share/ament_lint_auto/cmake)
[0.935s] -- Added test 'flake8' to check Python code syntax and style conventions
[0.936s] -- Added test 'lint_cmake' to check CMake code style
[0.936s] -- Added test 'pep257' to check Python code against some of the docstring style conventions in PEP 257
[0.937s] -- Added test 'xmllint' to check XML markup files
[0.938s] -- Configuring done
[0.942s] -- Generating done
[0.945s] -- Build files have been written to: /home/the_wizard_of_nowhere/Cyborg-Summer-Induction-2026/Task5/build/mini_bot
[0.957s] Invoked command in '/home/the_wizard_of_nowhere/Cyborg-Summer-Induction-2026/Task5/build/mini_bot' returned '0': CMAKE_PREFIX_PATH=${CMAKE_PREFIX_PATH}:/home/the_wizard_of_nowhere/cyborg_task_3/install/robot_controller:/opt/ros/humble /usr/bin/cmake /home/the_wizard_of_nowhere/Cyborg-Summer-Induction-2026/Task5/src/mini_bot -DCMAKE_INSTALL_PREFIX=/home/the_wizard_of_nowhere/Cyborg-Summer-Induction-2026/Task5/install/mini_bot
[0.958s] Invoking command in '/home/the_wizard_of_nowhere/Cyborg-Summer-Induction-2026/Task5/build/mini_bot': CMAKE_PREFIX_PATH=${CMAKE_PREFIX_PATH}:/home/the_wizard_of_nowhere/cyborg_task_3/install/robot_controller:/opt/ros/humble /usr/bin/cmake --build /home/the_wizard_of_nowhere/Cyborg-Summer-Induction-2026/Task5/build/mini_bot -- -j12 -l12
[0.985s] Invoked command in '/home/the_wizard_of_nowhere/Cyborg-Summer-Induction-2026/Task5/build/mini_bot' returned '0': CMAKE_PREFIX_PATH=${CMAKE_PREFIX_PATH}:/home/the_wizard_of_nowhere/cyborg_task_3/install/robot_controller:/opt/ros/humble /usr/bin/cmake --build /home/the_wizard_of_nowhere/Cyborg-Summer-Induction-2026/Task5/build/mini_bot -- -j12 -l12
[0.992s] Invoking command in '/home/the_wizard_of_nowhere/Cyborg-Summer-Induction-2026/Task5/build/mini_bot': CMAKE_PREFIX_PATH=${CMAKE_PREFIX_PATH}:/home/the_wizard_of_nowhere/cyborg_task_3/install/robot_controller:/opt/ros/humble /usr/bin/cmake --install /home/the_wizard_of_nowhere/Cyborg-Summer-Induction-2026/Task5/build/mini_bot
[0.997s] -- Install configuration: ""
[0.997s] -- Installing: /home/the_wizard_of_nowhere/Cyborg-Summer-Induction-2026/Task5/install/mini_bot/share/mini_bot//launch
[0.997s] -- Installing: /home/the_wizard_of_nowhere/Cyborg-Summer-Induction-2026/Task5/install/mini_bot/share/mini_bot//launch/spawn_bot.launch.py
[0.997s] -- Installing: /home/the_wizard_of_nowhere/Cyborg-Summer-Induction-2026/Task5/install/mini_bot/share/mini_bot//meshes
[0.997s] -- Installing: /home/the_wizard_of_nowhere/Cyborg-Summer-Induction-2026/Task5/install/mini_bot/share/mini_bot//meshes/bot_1.jpg.001.jpg
[0.997s] -- Installing: /home/the_wizard_of_nowhere/Cyborg-Summer-Induction-2026/Task5/install/mini_bot/share/mini_bot//meshes/wheel.stl
[1.001s] -- Installing: /home/the_wizard_of_nowhere/Cyborg-Summer-Induction-2026/Task5/install/mini_bot/share/mini_bot//meshes/bot_1.dae
[1.002s] -- Installing: /home/the_wizard_of_nowhere/Cyborg-Summer-Induction-2026/Task5/install/mini_bot/share/mini_bot//meshes/bot_1.jpg
[1.002s] -- Installing: /home/the_wizard_of_nowhere/Cyborg-Summer-Induction-2026/Task5/install/mini_bot/share/mini_bot//urdf
[1.002s] -- Installing: /home/the_wizard_of_nowhere/Cyborg-Summer-Induction-2026/Task5/install/mini_bot/share/mini_bot//urdf/mini_bot_1.urdf.xacro
[1.002s] -- Installing: /home/the_wizard_of_nowhere/Cyborg-Summer-Induction-2026/Task5/install/mini_bot/share/mini_bot//urdf/materials.xacro
[1.002s] -- Installing: /home/the_wizard_of_nowhere/Cyborg-Summer-Induction-2026/Task5/install/mini_bot/share/mini_bot//config
[1.002s] -- Installing: /home/the_wizard_of_nowhere/Cyborg-Summer-Induction-2026/Task5/install/mini_bot/share/mini_bot//config/controllers.yaml
[1.003s] -- Installing: /home/the_wizard_of_nowhere/Cyborg-Summer-Induction-2026/Task5/install/mini_bot/share/ament_index/resource_index/package_run_dependencies/mini_bot
[1.003s] -- Installing: /home/the_wizard_of_nowhere/Cyborg-Summer-Induction-2026/Task5/install/mini_bot/share/ament_index/resource_index/parent_prefix_path/mini_bot
[1.003s] -- Installing: /home/the_wizard_of_nowhere/Cyborg-Summer-Induction-2026/Task5/install/mini_bot/share/mini_bot/environment/ament_prefix_path.sh
[1.003s] -- Installing: /home/the_wizard_of_nowhere/Cyborg-Summer-Induction-2026/Task5/install/mini_bot/share/mini_bot/environment/ament_prefix_path.dsv
[1.003s] -- Installing: /home/the_wizard_of_nowhere/Cyborg-Summer-Induction-2026/Task5/install/mini_bot/share/mini_bot/environment/path.sh
[1.003s] -- Installing: /home/the_wizard_of_nowhere/Cyborg-Summer-Induction-2026/Task5/install/mini_bot/share/mini_bot/environment/path.dsv
[1.003s] -- Installing: /home/the_wizard_of_nowhere/Cyborg-Summer-Induction-2026/Task5/install/mini_bot/share/mini_bot/local_setup.bash
[1.003s] -- Installing: /home/the_wizard_of_nowhere/Cyborg-Summer-Induction-2026/Task5/install/mini_bot/share/mini_bot/local_setup.sh
[1.003s] -- Installing: /home/the_wizard_of_nowhere/Cyborg-Summer-Induction-2026/Task5/install/mini_bot/share/mini_bot/local_setup.zsh
[1.003s] -- Installing: /home/the_wizard_of_nowhere/Cyborg-Summer-Induction-2026/Task5/install/mini_bot/share/mini_bot/local_setup.dsv
[1.003s] -- Installing: /home/the_wizard_of_nowhere/Cyborg-Summer-Induction-2026/Task5/install/mini_bot/share/mini_bot/package.dsv
[1.003s] -- Installing: /home/the_wizard_of_nowhere/Cyborg-Summer-Induction-2026/Task5/install/mini_bot/share/ament_index/resource_index/packages/mini_bot
[1.003s] -- Installing: /home/the_wizard_of_nowhere/Cyborg-Summer-Induction-2026/Task5/install/mini_bot/share/mini_bot/cmake/mini_botConfig.cmake
[1.003s] -- Installing: /home/the_wizard_of_nowhere/Cyborg-Summer-Induction-2026/Task5/install/mini_bot/share/mini_bot/cmake/mini_botConfig-version.cmake
[1.003s] -- Installing: /home/the_wizard_of_nowhere/Cyborg-Summer-Induction-2026/Task5/install/mini_bot/share/mini_bot/package.xml
[1.011s] Invoked command in '/home/the_wizard_of_nowhere/Cyborg-Summer-Induction-2026/Task5/build/mini_bot' returned '0': CMAKE_PREFIX_PATH=${CMAKE_PREFIX_PATH}:/home/the_wizard_of_nowhere/cyborg_task_3/install/robot_controller:/opt/ros/humble /usr/bin/cmake --install /home/the_wizard_of_nowhere/Cyborg-Summer-Induction-2026/Task5/build/mini_bot
