[0.513s] Invoking command in '/home/the_wizard_of_nowhere/Cyborg-Summer-Induction-2026/Task5/src/bot_control': PYTHONPATH=/home/the_wizard_of_nowhere/Cyborg-Summer-Induction-2026/Task5/build/bot_control/prefix_override:/usr/lib/python3/dist-packages/colcon_core/task/python/colcon_distutils_commands:/home/the_wizard_of_nowhere/Cyborg-Summer-Induction-2026/Task5/install/bot_control/lib/python3.10/site-packages:${PYTHONPATH} /usr/bin/python3 -W ignore:setup.py install is deprecated -W ignore:easy_install command is deprecated setup.py egg_info --egg-base ../../build/bot_control build --build-base /home/the_wizard_of_nowhere/Cyborg-Summer-Induction-2026/Task5/build/bot_control/build install --record /home/the_wizard_of_nowhere/Cyborg-Summer-Induction-2026/Task5/build/bot_control/install.log --single-version-externally-managed install_data
[0.661s] running egg_info
[0.662s] writing ../../build/bot_control/bot_control.egg-info/PKG-INFO
[0.662s] writing dependency_links to ../../build/bot_control/bot_control.egg-info/dependency_links.txt
[0.662s] writing entry points to ../../build/bot_control/bot_control.egg-info/entry_points.txt
[0.662s] writing requirements to ../../build/bot_control/bot_control.egg-info/requires.txt
[0.662s] writing top-level names to ../../build/bot_control/bot_control.egg-info/top_level.txt
[0.663s] reading manifest file '../../build/bot_control/bot_control.egg-info/SOURCES.txt'
[0.664s] writing manifest file '../../build/bot_control/bot_control.egg-info/SOURCES.txt'
[0.664s] running build
[0.664s] running build_py
[0.664s] copying bot_control/feedback.py -> /home/the_wizard_of_nowhere/Cyborg-Summer-Induction-2026/Task5/build/bot_control/build/lib/bot_control
[0.665s] running install
[0.665s] running install_lib
[0.665s] copying /home/the_wizard_of_nowhere/Cyborg-Summer-Induction-2026/Task5/build/bot_control/build/lib/bot_control/feedback.py -> /home/the_wizard_of_nowhere/Cyborg-Summer-Induction-2026/Task5/install/bot_control/lib/python3.10/site-packages/bot_control
[0.666s] byte-compiling /home/the_wizard_of_nowhere/Cyborg-Summer-Induction-2026/Task5/install/bot_control/lib/python3.10/site-packages/bot_control/fk.py to fk.cpython-310.pyc
[0.666s] byte-compiling /home/the_wizard_of_nowhere/Cyborg-Summer-Induction-2026/Task5/install/bot_control/lib/python3.10/site-packages/bot_control/feedback.py to feedback.cpython-310.pyc
[0.667s] running install_data
[0.667s] running install_egg_info
[0.668s] removing '/home/the_wizard_of_nowhere/Cyborg-Summer-Induction-2026/Task5/install/bot_control/lib/python3.10/site-packages/bot_control-0.0.0-py3.10.egg-info' (and everything under it)
[0.668s] Copying ../../build/bot_control/bot_control.egg-info to /home/the_wizard_of_nowhere/Cyborg-Summer-Induction-2026/Task5/install/bot_control/lib/python3.10/site-packages/bot_control-0.0.0-py3.10.egg-info
[0.669s] running install_scripts
[0.682s] Installing feedback script to /home/the_wizard_of_nowhere/Cyborg-Summer-Induction-2026/Task5/install/bot_control/lib/bot_control
[0.682s] Installing go_to_goal script to /home/the_wizard_of_nowhere/Cyborg-Summer-Induction-2026/Task5/install/bot_control/lib/bot_control
[0.682s] Installing move_ellipse script to /home/the_wizard_of_nowhere/Cyborg-Summer-Induction-2026/Task5/install/bot_control/lib/bot_control
[0.682s] Installing move_spiral script to /home/the_wizard_of_nowhere/Cyborg-Summer-Induction-2026/Task5/install/bot_control/lib/bot_control
[0.682s] Installing odom_broadcaster script to /home/the_wizard_of_nowhere/Cyborg-Summer-Induction-2026/Task5/install/bot_control/lib/bot_control
[0.682s] Installing trace_ground_truth script to /home/the_wizard_of_nowhere/Cyborg-Summer-Induction-2026/Task5/install/bot_control/lib/bot_control
[0.682s] Installing trace_path_odom script to /home/the_wizard_of_nowhere/Cyborg-Summer-Induction-2026/Task5/install/bot_control/lib/bot_control
[0.682s] Installing visualization script to /home/the_wizard_of_nowhere/Cyborg-Summer-Induction-2026/Task5/install/bot_control/lib/bot_control
[0.682s] writing list of installed files to '/home/the_wizard_of_nowhere/Cyborg-Summer-Induction-2026/Task5/build/bot_control/install.log'
[0.698s] Invoked command in '/home/the_wizard_of_nowhere/Cyborg-Summer-Induction-2026/Task5/src/bot_control' returned '0': PYTHONPATH=/home/the_wizard_of_nowhere/Cyborg-Summer-Induction-2026/Task5/build/bot_control/prefix_override:/usr/lib/python3/dist-packages/colcon_core/task/python/colcon_distutils_commands:/home/the_wizard_of_nowhere/Cyborg-Summer-Induction-2026/Task5/install/bot_control/lib/python3.10/site-packages:${PYTHONPATH} /usr/bin/python3 -W ignore:setup.py install is deprecated -W ignore:easy_install command is deprecated setup.py egg_info --egg-base ../../build/bot_control build --build-base /home/the_wizard_of_nowhere/Cyborg-Summer-Induction-2026/Task5/build/bot_control/build install --record /home/the_wizard_of_nowhere/Cyborg-Summer-Induction-2026/Task5/build/bot_control/install.log --single-version-externally-managed install_data
