[0.007s] Invoking command in '/home/the_wizard_of_nowhere/Cyborg-Summer-Induction-2026/Task3/build/task3': CMAKE_PREFIX_PATH=${CMAKE_PREFIX_PATH}:/home/the_wizard_of_nowhere/cyborg_task_3/install/robot_controller:/opt/ros/humble /usr/bin/cmake --build /home/the_wizard_of_nowhere/Cyborg-Summer-Induction-2026/Task3/build/task3 -- -j12 -l12
[0.039s] [  9%] Built target task3__cpp
[0.039s] [  9%] Built target task3__rs
[0.039s] [ 15%] Built target task3__rosidl_generator_c
[0.047s] [ 15%] Built target ament_cmake_python_copy_task3
[0.054s] [ 43%] Built target task3__rosidl_typesupport_fastrtps_cpp
[0.054s] [ 43%] Built target task3__rosidl_typesupport_cpp
[0.054s] [ 43%] Built target task3__rosidl_typesupport_introspection_c
[0.054s] [ 53%] Built target task3__rosidl_typesupport_c
[0.054s] [ 62%] Built target task3__rosidl_typesupport_fastrtps_c
[0.055s] [ 71%] Built target task3__rosidl_typesupport_introspection_cpp
[0.068s] [ 71%] Built target task3
[0.081s] [ 75%] Built target task3__py
[0.095s] [ 81%] Built target task3__rosidl_generator_py
[0.110s] [100%] Built target task3__rosidl_typesupport_introspection_c__pyext
[0.110s] [100%] Built target task3__rosidl_typesupport_fastrtps_c__pyext
[0.110s] [100%] Built target task3__rosidl_typesupport_c__pyext
[0.199s] running egg_info
[0.200s] writing task3.egg-info/PKG-INFO
[0.200s] writing dependency_links to task3.egg-info/dependency_links.txt
[0.200s] writing top-level names to task3.egg-info/top_level.txt
[0.201s] reading manifest file 'task3.egg-info/SOURCES.txt'
[0.202s] writing manifest file 'task3.egg-info/SOURCES.txt'
[0.219s] [100%] Built target ament_cmake_python_build_task3_egg
[0.226s] Invoked command in '/home/the_wizard_of_nowhere/Cyborg-Summer-Induction-2026/Task3/build/task3' returned '0': CMAKE_PREFIX_PATH=${CMAKE_PREFIX_PATH}:/home/the_wizard_of_nowhere/cyborg_task_3/install/robot_controller:/opt/ros/humble /usr/bin/cmake --build /home/the_wizard_of_nowhere/Cyborg-Summer-Induction-2026/Task3/build/task3 -- -j12 -l12
[0.233s] Invoking command in '/home/the_wizard_of_nowhere/Cyborg-Summer-Induction-2026/Task3/build/task3': CMAKE_PREFIX_PATH=${CMAKE_PREFIX_PATH}:/home/the_wizard_of_nowhere/cyborg_task_3/install/robot_controller:/opt/ros/humble /usr/bin/cmake --install /home/the_wizard_of_nowhere/Cyborg-Summer-Induction-2026/Task3/build/task3
[0.239s] -- Install configuration: ""
[0.239s] -- Up-to-date: /home/the_wizard_of_nowhere/Cyborg-Summer-Induction-2026/Task3/install/task3/share/ament_index/resource_index/rosidl_interfaces/task3
[0.239s] -- Up-to-date: /home/the_wizard_of_nowhere/Cyborg-Summer-Induction-2026/Task3/install/task3/include/task3/task3
[0.239s] -- Up-to-date: /home/the_wizard_of_nowhere/Cyborg-Summer-Induction-2026/Task3/install/task3/include/task3/task3/srv
[0.239s] -- Up-to-date: /home/the_wizard_of_nowhere/Cyborg-Summer-Induction-2026/Task3/install/task3/include/task3/task3/srv/detail
[0.239s] -- Up-to-date: /home/the_wizard_of_nowhere/Cyborg-Summer-Induction-2026/Task3/install/task3/include/task3/task3/srv/detail/prime_factors__type_support.h
[0.239s] -- Up-to-date: /home/the_wizard_of_nowhere/Cyborg-Summer-Induction-2026/Task3/install/task3/include/task3/task3/srv/detail/prime_factors__functions.h
[0.239s] -- Up-to-date: /home/the_wizard_of_nowhere/Cyborg-Summer-Induction-2026/Task3/install/task3/include/task3/task3/srv/detail/prime_factors__struct.h
[0.239s] -- Up-to-date: /home/the_wizard_of_nowhere/Cyborg-Summer-Induction-2026/Task3/install/task3/include/task3/task3/srv/detail/prime_factors__functions.c
[0.239s] -- Up-to-date: /home/the_wizard_of_nowhere/Cyborg-Summer-Induction-2026/Task3/install/task3/include/task3/task3/srv/prime_factors.h
[0.239s] -- Up-to-date: /home/the_wizard_of_nowhere/Cyborg-Summer-Induction-2026/Task3/install/task3/include/task3/task3/msg
[0.239s] -- Up-to-date: /home/the_wizard_of_nowhere/Cyborg-Summer-Induction-2026/Task3/install/task3/include/task3/task3/msg/rosidl_generator_c__visibility_control.h
[0.239s] -- Up-to-date: /home/the_wizard_of_nowhere/Cyborg-Summer-Induction-2026/Task3/install/task3/share/task3/environment/library_path.sh
[0.239s] -- Up-to-date: /home/the_wizard_of_nowhere/Cyborg-Summer-Induction-2026/Task3/install/task3/share/task3/environment/library_path.dsv
[0.239s] -- Up-to-date: /home/the_wizard_of_nowhere/Cyborg-Summer-Induction-2026/Task3/install/task3/lib/libtask3__rosidl_generator_c.so
[0.239s] -- Up-to-date: /home/the_wizard_of_nowhere/Cyborg-Summer-Induction-2026/Task3/install/task3/include/task3/task3
[0.239s] -- Up-to-date: /home/the_wizard_of_nowhere/Cyborg-Summer-Induction-2026/Task3/install/task3/include/task3/task3/srv
[0.239s] -- Up-to-date: /home/the_wizard_of_nowhere/Cyborg-Summer-Induction-2026/Task3/install/task3/include/task3/task3/srv/detail
[0.239s] -- Up-to-date: /home/the_wizard_of_nowhere/Cyborg-Summer-Induction-2026/Task3/install/task3/include/task3/task3/srv/detail/prime_factors__rosidl_typesupport_fastrtps_c.h
[0.240s] -- Up-to-date: /home/the_wizard_of_nowhere/Cyborg-Summer-Induction-2026/Task3/install/task3/include/task3/task3/msg
[0.240s] -- Up-to-date: /home/the_wizard_of_nowhere/Cyborg-Summer-Induction-2026/Task3/install/task3/include/task3/task3/msg/rosidl_typesupport_fastrtps_c__visibility_control.h
[0.240s] -- Up-to-date: /home/the_wizard_of_nowhere/Cyborg-Summer-Induction-2026/Task3/install/task3/lib/libtask3__rosidl_typesupport_fastrtps_c.so
[0.240s] -- Up-to-date: /home/the_wizard_of_nowhere/Cyborg-Summer-Induction-2026/Task3/install/task3/include/task3/task3
[0.240s] -- Up-to-date: /home/the_wizard_of_nowhere/Cyborg-Summer-Induction-2026/Task3/install/task3/include/task3/task3/srv
[0.240s] -- Up-to-date: /home/the_wizard_of_nowhere/Cyborg-Summer-Induction-2026/Task3/install/task3/include/task3/task3/srv/detail
[0.240s] -- Up-to-date: /home/the_wizard_of_nowhere/Cyborg-Summer-Induction-2026/Task3/install/task3/include/task3/task3/srv/detail/prime_factors__type_support.c
[0.240s] -- Up-to-date: /home/the_wizard_of_nowhere/Cyborg-Summer-Induction-2026/Task3/install/task3/include/task3/task3/srv/detail/prime_factors__rosidl_typesupport_introspection_c.h
[0.240s] -- Up-to-date: /home/the_wizard_of_nowhere/Cyborg-Summer-Induction-2026/Task3/install/task3/include/task3/task3/msg
[0.240s] -- Up-to-date: /home/the_wizard_of_nowhere/Cyborg-Summer-Induction-2026/Task3/install/task3/include/task3/task3/msg/rosidl_typesupport_introspection_c__visibility_control.h
[0.240s] -- Up-to-date: /home/the_wizard_of_nowhere/Cyborg-Summer-Induction-2026/Task3/install/task3/lib/libtask3__rosidl_typesupport_introspection_c.so
[0.240s] -- Up-to-date: /home/the_wizard_of_nowhere/Cyborg-Summer-Induction-2026/Task3/install/task3/lib/libtask3__rosidl_typesupport_c.so
[0.240s] -- Up-to-date: /home/the_wizard_of_nowhere/Cyborg-Summer-Induction-2026/Task3/install/task3/include/task3/task3
[0.240s] -- Up-to-date: /home/the_wizard_of_nowhere/Cyborg-Summer-Induction-2026/Task3/install/task3/include/task3/task3/srv
[0.240s] -- Up-to-date: /home/the_wizard_of_nowhere/Cyborg-Summer-Induction-2026/Task3/install/task3/include/task3/task3/srv/prime_factors.hpp
[0.240s] -- Up-to-date: /home/the_wizard_of_nowhere/Cyborg-Summer-Induction-2026/Task3/install/task3/include/task3/task3/srv/detail
[0.240s] -- Up-to-date: /home/the_wizard_of_nowhere/Cyborg-Summer-Induction-2026/Task3/install/task3/include/task3/task3/srv/detail/prime_factors__builder.hpp
[0.240s] -- Up-to-date: /home/the_wizard_of_nowhere/Cyborg-Summer-Induction-2026/Task3/install/task3/include/task3/task3/srv/detail/prime_factors__struct.hpp
[0.240s] -- Up-to-date: /home/the_wizard_of_nowhere/Cyborg-Summer-Induction-2026/Task3/install/task3/include/task3/task3/srv/detail/prime_factors__type_support.hpp
[0.240s] -- Up-to-date: /home/the_wizard_of_nowhere/Cyborg-Summer-Induction-2026/Task3/install/task3/include/task3/task3/srv/detail/prime_factors__traits.hpp
[0.240s] -- Up-to-date: /home/the_wizard_of_nowhere/Cyborg-Summer-Induction-2026/Task3/install/task3/include/task3/task3/msg
[0.240s] -- Up-to-date: /home/the_wizard_of_nowhere/Cyborg-Summer-Induction-2026/Task3/install/task3/include/task3/task3/msg/rosidl_generator_cpp__visibility_control.hpp
[0.240s] -- Up-to-date: /home/the_wizard_of_nowhere/Cyborg-Summer-Induction-2026/Task3/install/task3/include/task3/task3
[0.240s] -- Up-to-date: /home/the_wizard_of_nowhere/Cyborg-Summer-Induction-2026/Task3/install/task3/include/task3/task3/srv
[0.240s] -- Up-to-date: /home/the_wizard_of_nowhere/Cyborg-Summer-Induction-2026/Task3/install/task3/include/task3/task3/srv/detail
[0.241s] -- Up-to-date: /home/the_wizard_of_nowhere/Cyborg-Summer-Induction-2026/Task3/install/task3/include/task3/task3/srv/detail/prime_factors__rosidl_typesupport_fastrtps_cpp.hpp
[0.241s] -- Up-to-date: /home/the_wizard_of_nowhere/Cyborg-Summer-Induction-2026/Task3/install/task3/include/task3/task3/srv/detail/dds_fastrtps
[0.241s] -- Up-to-date: /home/the_wizard_of_nowhere/Cyborg-Summer-Induction-2026/Task3/install/task3/include/task3/task3/msg
[0.241s] -- Up-to-date: /home/the_wizard_of_nowhere/Cyborg-Summer-Induction-2026/Task3/install/task3/include/task3/task3/msg/rosidl_typesupport_fastrtps_cpp__visibility_control.h
[0.241s] -- Up-to-date: /home/the_wizard_of_nowhere/Cyborg-Summer-Induction-2026/Task3/install/task3/lib/libtask3__rosidl_typesupport_fastrtps_cpp.so
[0.241s] -- Up-to-date: /home/the_wizard_of_nowhere/Cyborg-Summer-Induction-2026/Task3/install/task3/include/task3/task3
[0.241s] -- Up-to-date: /home/the_wizard_of_nowhere/Cyborg-Summer-Induction-2026/Task3/install/task3/include/task3/task3/srv
[0.241s] -- Up-to-date: /home/the_wizard_of_nowhere/Cyborg-Summer-Induction-2026/Task3/install/task3/include/task3/task3/srv/detail
[0.241s] -- Up-to-date: /home/the_wizard_of_nowhere/Cyborg-Summer-Induction-2026/Task3/install/task3/include/task3/task3/srv/detail/prime_factors__rosidl_typesupport_introspection_cpp.hpp
[0.241s] -- Up-to-date: /home/the_wizard_of_nowhere/Cyborg-Summer-Induction-2026/Task3/install/task3/include/task3/task3/srv/detail/prime_factors__type_support.cpp
[0.241s] -- Up-to-date: /home/the_wizard_of_nowhere/Cyborg-Summer-Induction-2026/Task3/install/task3/lib/libtask3__rosidl_typesupport_introspection_cpp.so
[0.241s] -- Up-to-date: /home/the_wizard_of_nowhere/Cyborg-Summer-Induction-2026/Task3/install/task3/lib/libtask3__rosidl_typesupport_cpp.so
[0.241s] -- Up-to-date: /home/the_wizard_of_nowhere/Cyborg-Summer-Induction-2026/Task3/install/task3/share/task3/environment/pythonpath.sh
[0.241s] -- Up-to-date: /home/the_wizard_of_nowhere/Cyborg-Summer-Induction-2026/Task3/install/task3/share/task3/environment/pythonpath.dsv
[0.241s] -- Up-to-date: /home/the_wizard_of_nowhere/Cyborg-Summer-Induction-2026/Task3/install/task3/local/lib/python3.10/dist-packages/task3-0.0.0-py3.10.egg-info
[0.241s] -- Installing: /home/the_wizard_of_nowhere/Cyborg-Summer-Induction-2026/Task3/install/task3/local/lib/python3.10/dist-packages/task3-0.0.0-py3.10.egg-info/top_level.txt
[0.241s] -- Installing: /home/the_wizard_of_nowhere/Cyborg-Summer-Induction-2026/Task3/install/task3/local/lib/python3.10/dist-packages/task3-0.0.0-py3.10.egg-info/dependency_links.txt
[0.241s] -- Installing: /home/the_wizard_of_nowhere/Cyborg-Summer-Induction-2026/Task3/install/task3/local/lib/python3.10/dist-packages/task3-0.0.0-py3.10.egg-info/PKG-INFO
[0.241s] -- Installing: /home/the_wizard_of_nowhere/Cyborg-Summer-Induction-2026/Task3/install/task3/local/lib/python3.10/dist-packages/task3-0.0.0-py3.10.egg-info/SOURCES.txt
[0.241s] -- Up-to-date: /home/the_wizard_of_nowhere/Cyborg-Summer-Induction-2026/Task3/install/task3/local/lib/python3.10/dist-packages/task3
[0.241s] -- Up-to-date: /home/the_wizard_of_nowhere/Cyborg-Summer-Induction-2026/Task3/install/task3/local/lib/python3.10/dist-packages/task3/srv
[0.241s] -- Up-to-date: /home/the_wizard_of_nowhere/Cyborg-Summer-Induction-2026/Task3/install/task3/local/lib/python3.10/dist-packages/task3/srv/__init__.py
[0.241s] -- Up-to-date: /home/the_wizard_of_nowhere/Cyborg-Summer-Induction-2026/Task3/install/task3/local/lib/python3.10/dist-packages/task3/srv/_prime_factors_s.c
[0.241s] -- Up-to-date: /home/the_wizard_of_nowhere/Cyborg-Summer-Induction-2026/Task3/install/task3/local/lib/python3.10/dist-packages/task3/srv/_prime_factors.py
[0.241s] -- Up-to-date: /home/the_wizard_of_nowhere/Cyborg-Summer-Induction-2026/Task3/install/task3/local/lib/python3.10/dist-packages/task3/_task3_s.ep.rosidl_typesupport_fastrtps_c.c
[0.241s] -- Up-to-date: /home/the_wizard_of_nowhere/Cyborg-Summer-Induction-2026/Task3/install/task3/local/lib/python3.10/dist-packages/task3/task3_s__rosidl_typesupport_fastrtps_c.cpython-310-x86_64-linux-gnu.so
[0.242s] -- Up-to-date: /home/the_wizard_of_nowhere/Cyborg-Summer-Induction-2026/Task3/install/task3/local/lib/python3.10/dist-packages/task3/libtask3__rosidl_generator_py.so
[0.242s] -- Up-to-date: /home/the_wizard_of_nowhere/Cyborg-Summer-Induction-2026/Task3/install/task3/local/lib/python3.10/dist-packages/task3/task3_s__rosidl_typesupport_c.cpython-310-x86_64-linux-gnu.so
[0.242s] -- Up-to-date: /home/the_wizard_of_nowhere/Cyborg-Summer-Induction-2026/Task3/install/task3/local/lib/python3.10/dist-packages/task3/_task3_s.ep.rosidl_typesupport_introspection_c.c
[0.242s] -- Up-to-date: /home/the_wizard_of_nowhere/Cyborg-Summer-Induction-2026/Task3/install/task3/local/lib/python3.10/dist-packages/task3/__init__.py
[0.242s] -- Up-to-date: /home/the_wizard_of_nowhere/Cyborg-Summer-Induction-2026/Task3/install/task3/local/lib/python3.10/dist-packages/task3/_task3_s.ep.rosidl_typesupport_c.c
[0.242s] -- Up-to-date: /home/the_wizard_of_nowhere/Cyborg-Summer-Induction-2026/Task3/install/task3/local/lib/python3.10/dist-packages/task3/task3_s__rosidl_typesupport_introspection_c.cpython-310-x86_64-linux-gnu.so
[0.262s] Listing '/home/the_wizard_of_nowhere/Cyborg-Summer-Induction-2026/Task3/install/task3/local/lib/python3.10/dist-packages/task3'...
[0.262s] Listing '/home/the_wizard_of_nowhere/Cyborg-Summer-Induction-2026/Task3/install/task3/local/lib/python3.10/dist-packages/task3/srv'...
[0.265s] -- Up-to-date: /home/the_wizard_of_nowhere/Cyborg-Summer-Induction-2026/Task3/install/task3/local/lib/python3.10/dist-packages/task3/task3_s__rosidl_typesupport_fastrtps_c.cpython-310-x86_64-linux-gnu.so
[0.265s] -- Up-to-date: /home/the_wizard_of_nowhere/Cyborg-Summer-Induction-2026/Task3/install/task3/local/lib/python3.10/dist-packages/task3/task3_s__rosidl_typesupport_introspection_c.cpython-310-x86_64-linux-gnu.so
[0.265s] -- Up-to-date: /home/the_wizard_of_nowhere/Cyborg-Summer-Induction-2026/Task3/install/task3/local/lib/python3.10/dist-packages/task3/task3_s__rosidl_typesupport_c.cpython-310-x86_64-linux-gnu.so
[0.266s] -- Up-to-date: /home/the_wizard_of_nowhere/Cyborg-Summer-Induction-2026/Task3/install/task3/lib/libtask3__rosidl_generator_py.so
[0.266s] -- Up-to-date: /home/the_wizard_of_nowhere/Cyborg-Summer-Induction-2026/Task3/install/task3/share/ament_index/resource_index/rust_packages/task3
[0.266s] -- Up-to-date: /home/the_wizard_of_nowhere/Cyborg-Summer-Induction-2026/Task3/install/task3/share/task3/rust
[0.266s] -- Up-to-date: /home/the_wizard_of_nowhere/Cyborg-Summer-Induction-2026/Task3/install/task3/share/task3/rust/Cargo.toml
[0.266s] -- Up-to-date: /home/the_wizard_of_nowhere/Cyborg-Summer-Induction-2026/Task3/install/task3/share/task3/rust/src
[0.266s] -- Up-to-date: /home/the_wizard_of_nowhere/Cyborg-Summer-Induction-2026/Task3/install/task3/share/task3/rust/src/lib.rs
[0.266s] -- Up-to-date: /home/the_wizard_of_nowhere/Cyborg-Summer-Induction-2026/Task3/install/task3/share/task3/rust/src/srv
[0.266s] -- Up-to-date: /home/the_wizard_of_nowhere/Cyborg-Summer-Induction-2026/Task3/install/task3/share/task3/rust/src/srv/rmw.rs
[0.266s] -- Up-to-date: /home/the_wizard_of_nowhere/Cyborg-Summer-Induction-2026/Task3/install/task3/share/task3/rust/src/srv.rs
[0.266s] -- Up-to-date: /home/the_wizard_of_nowhere/Cyborg-Summer-Induction-2026/Task3/install/task3/share/task3/rust/build.rs
[0.266s] -- Up-to-date: /home/the_wizard_of_nowhere/Cyborg-Summer-Induction-2026/Task3/install/task3/share/task3/srv/PrimeFactors.idl
[0.266s] -- Up-to-date: /home/the_wizard_of_nowhere/Cyborg-Summer-Induction-2026/Task3/install/task3/share/task3/srv/PrimeFactors.srv
[0.266s] -- Up-to-date: /home/the_wizard_of_nowhere/Cyborg-Summer-Induction-2026/Task3/install/task3/share/task3/srv/PrimeFactors_Request.msg
[0.266s] -- Up-to-date: /home/the_wizard_of_nowhere/Cyborg-Summer-Induction-2026/Task3/install/task3/share/task3/srv/PrimeFactors_Response.msg
[0.266s] -- Up-to-date: /home/the_wizard_of_nowhere/Cyborg-Summer-Induction-2026/Task3/install/task3/share/task3/launch
[0.266s] -- Up-to-date: /home/the_wizard_of_nowhere/Cyborg-Summer-Induction-2026/Task3/install/task3/share/task3/launch/Task3.launch.py
[0.266s] -- Installing: /home/the_wizard_of_nowhere/Cyborg-Summer-Induction-2026/Task3/install/task3/lib/task3/Task3A.py
[0.266s] -- Up-to-date: /home/the_wizard_of_nowhere/Cyborg-Summer-Induction-2026/Task3/install/task3/lib/task3/BonusTask3A.py
[0.266s] -- Up-to-date: /home/the_wizard_of_nowhere/Cyborg-Summer-Induction-2026/Task3/install/task3/lib/task3/Task3B.py
[0.266s] -- Up-to-date: /home/the_wizard_of_nowhere/Cyborg-Summer-Induction-2026/Task3/install/task3/lib/task3/Task3C.py
[0.267s] -- Up-to-date: /home/the_wizard_of_nowhere/Cyborg-Summer-Induction-2026/Task3/install/task3/lib/task3/Task3D_server.py
[0.267s] -- Up-to-date: /home/the_wizard_of_nowhere/Cyborg-Summer-Induction-2026/Task3/install/task3/lib/task3/Task3D_client.py
[0.267s] -- Up-to-date: /home/the_wizard_of_nowhere/Cyborg-Summer-Induction-2026/Task3/install/task3/share/ament_index/resource_index/package_run_dependencies/task3
[0.267s] -- Up-to-date: /home/the_wizard_of_nowhere/Cyborg-Summer-Induction-2026/Task3/install/task3/share/ament_index/resource_index/parent_prefix_path/task3
[0.267s] -- Up-to-date: /home/the_wizard_of_nowhere/Cyborg-Summer-Induction-2026/Task3/install/task3/share/task3/environment/ament_prefix_path.sh
[0.267s] -- Up-to-date: /home/the_wizard_of_nowhere/Cyborg-Summer-Induction-2026/Task3/install/task3/share/task3/environment/ament_prefix_path.dsv
[0.267s] -- Up-to-date: /home/the_wizard_of_nowhere/Cyborg-Summer-Induction-2026/Task3/install/task3/share/task3/environment/path.sh
[0.267s] -- Up-to-date: /home/the_wizard_of_nowhere/Cyborg-Summer-Induction-2026/Task3/install/task3/share/task3/environment/path.dsv
[0.267s] -- Up-to-date: /home/the_wizard_of_nowhere/Cyborg-Summer-Induction-2026/Task3/install/task3/share/task3/local_setup.bash
[0.267s] -- Up-to-date: /home/the_wizard_of_nowhere/Cyborg-Summer-Induction-2026/Task3/install/task3/share/task3/local_setup.sh
[0.267s] -- Up-to-date: /home/the_wizard_of_nowhere/Cyborg-Summer-Induction-2026/Task3/install/task3/share/task3/local_setup.zsh
[0.267s] -- Up-to-date: /home/the_wizard_of_nowhere/Cyborg-Summer-Induction-2026/Task3/install/task3/share/task3/local_setup.dsv
[0.267s] -- Installing: /home/the_wizard_of_nowhere/Cyborg-Summer-Induction-2026/Task3/install/task3/share/task3/package.dsv
[0.267s] -- Up-to-date: /home/the_wizard_of_nowhere/Cyborg-Summer-Induction-2026/Task3/install/task3/share/ament_index/resource_index/packages/task3
[0.267s] -- Up-to-date: /home/the_wizard_of_nowhere/Cyborg-Summer-Induction-2026/Task3/install/task3/share/task3/cmake/export_task3__rosidl_generator_cExport.cmake
[0.267s] -- Up-to-date: /home/the_wizard_of_nowhere/Cyborg-Summer-Induction-2026/Task3/install/task3/share/task3/cmake/export_task3__rosidl_generator_cExport-noconfig.cmake
[0.267s] -- Up-to-date: /home/the_wizard_of_nowhere/Cyborg-Summer-Induction-2026/Task3/install/task3/share/task3/cmake/export_task3__rosidl_typesupport_fastrtps_cExport.cmake
[0.267s] -- Up-to-date: /home/the_wizard_of_nowhere/Cyborg-Summer-Induction-2026/Task3/install/task3/share/task3/cmake/export_task3__rosidl_typesupport_fastrtps_cExport-noconfig.cmake
[0.267s] -- Up-to-date: /home/the_wizard_of_nowhere/Cyborg-Summer-Induction-2026/Task3/install/task3/share/task3/cmake/task3__rosidl_typesupport_introspection_cExport.cmake
[0.267s] -- Up-to-date: /home/the_wizard_of_nowhere/Cyborg-Summer-Induction-2026/Task3/install/task3/share/task3/cmake/task3__rosidl_typesupport_introspection_cExport-noconfig.cmake
[0.267s] -- Up-to-date: /home/the_wizard_of_nowhere/Cyborg-Summer-Induction-2026/Task3/install/task3/share/task3/cmake/task3__rosidl_typesupport_cExport.cmake
[0.267s] -- Up-to-date: /home/the_wizard_of_nowhere/Cyborg-Summer-Induction-2026/Task3/install/task3/share/task3/cmake/task3__rosidl_typesupport_cExport-noconfig.cmake
[0.267s] -- Up-to-date: /home/the_wizard_of_nowhere/Cyborg-Summer-Induction-2026/Task3/install/task3/share/task3/cmake/export_task3__rosidl_generator_cppExport.cmake
[0.267s] -- Up-to-date: /home/the_wizard_of_nowhere/Cyborg-Summer-Induction-2026/Task3/install/task3/share/task3/cmake/export_task3__rosidl_typesupport_fastrtps_cppExport.cmake
[0.267s] -- Up-to-date: /home/the_wizard_of_nowhere/Cyborg-Summer-Induction-2026/Task3/install/task3/share/task3/cmake/export_task3__rosidl_typesupport_fastrtps_cppExport-noconfig.cmake
[0.267s] -- Up-to-date: /home/the_wizard_of_nowhere/Cyborg-Summer-Induction-2026/Task3/install/task3/share/task3/cmake/task3__rosidl_typesupport_introspection_cppExport.cmake
[0.268s] -- Up-to-date: /home/the_wizard_of_nowhere/Cyborg-Summer-Induction-2026/Task3/install/task3/share/task3/cmake/task3__rosidl_typesupport_introspection_cppExport-noconfig.cmake
[0.268s] -- Up-to-date: /home/the_wizard_of_nowhere/Cyborg-Summer-Induction-2026/Task3/install/task3/share/task3/cmake/task3__rosidl_typesupport_cppExport.cmake
[0.268s] -- Up-to-date: /home/the_wizard_of_nowhere/Cyborg-Summer-Induction-2026/Task3/install/task3/share/task3/cmake/task3__rosidl_typesupport_cppExport-noconfig.cmake
[0.268s] -- Up-to-date: /home/the_wizard_of_nowhere/Cyborg-Summer-Induction-2026/Task3/install/task3/share/task3/cmake/export_task3__rosidl_generator_pyExport.cmake
[0.268s] -- Up-to-date: /home/the_wizard_of_nowhere/Cyborg-Summer-Induction-2026/Task3/install/task3/share/task3/cmake/export_task3__rosidl_generator_pyExport-noconfig.cmake
[0.268s] -- Up-to-date: /home/the_wizard_of_nowhere/Cyborg-Summer-Induction-2026/Task3/install/task3/share/task3/cmake/rosidl_cmake-extras.cmake
[0.268s] -- Up-to-date: /home/the_wizard_of_nowhere/Cyborg-Summer-Induction-2026/Task3/install/task3/share/task3/cmake/ament_cmake_export_include_directories-extras.cmake
[0.268s] -- Up-to-date: /home/the_wizard_of_nowhere/Cyborg-Summer-Induction-2026/Task3/install/task3/share/task3/cmake/ament_cmake_export_libraries-extras.cmake
[0.268s] -- Up-to-date: /home/the_wizard_of_nowhere/Cyborg-Summer-Induction-2026/Task3/install/task3/share/task3/cmake/ament_cmake_export_targets-extras.cmake
[0.268s] -- Up-to-date: /home/the_wizard_of_nowhere/Cyborg-Summer-Induction-2026/Task3/install/task3/share/task3/cmake/rosidl_cmake_export_typesupport_targets-extras.cmake
[0.268s] -- Up-to-date: /home/the_wizard_of_nowhere/Cyborg-Summer-Induction-2026/Task3/install/task3/share/task3/cmake/ament_cmake_export_dependencies-extras.cmake
[0.268s] -- Up-to-date: /home/the_wizard_of_nowhere/Cyborg-Summer-Induction-2026/Task3/install/task3/share/task3/cmake/rosidl_cmake_export_typesupport_libraries-extras.cmake
[0.268s] -- Up-to-date: /home/the_wizard_of_nowhere/Cyborg-Summer-Induction-2026/Task3/install/task3/share/task3/cmake/task3Config.cmake
[0.268s] -- Up-to-date: /home/the_wizard_of_nowhere/Cyborg-Summer-Induction-2026/Task3/install/task3/share/task3/cmake/task3Config-version.cmake
[0.268s] -- Up-to-date: /home/the_wizard_of_nowhere/Cyborg-Summer-Induction-2026/Task3/install/task3/share/task3/package.xml
[0.269s] Invoked command in '/home/the_wizard_of_nowhere/Cyborg-Summer-Induction-2026/Task3/build/task3' returned '0': CMAKE_PREFIX_PATH=${CMAKE_PREFIX_PATH}:/home/the_wizard_of_nowhere/cyborg_task_3/install/robot_controller:/opt/ros/humble /usr/bin/cmake --install /home/the_wizard_of_nowhere/Cyborg-Summer-Induction-2026/Task3/build/task3
