[0.005s] Invoking command in '/home/the_wizard_of_nowhere/Cyborg-Summer-Induction-2026/Task3/build/task3': CMAKE_PREFIX_PATH=/home/the_wizard_of_nowhere/cyborg_task_3/install/robot_controller:/opt/ros/humble /usr/bin/cmake /home/the_wizard_of_nowhere/Cyborg-Summer-Induction-2026/Task3/src/task3 -DCMAKE_INSTALL_PREFIX=/home/the_wizard_of_nowhere/Cyborg-Summer-Induction-2026/Task3/install/task3
[0.085s] -- The C compiler identification is GNU 11.4.0
[0.147s] -- The CXX compiler identification is GNU 11.4.0
[0.154s] -- Detecting C compiler ABI info
[0.203s] -- Detecting C compiler ABI info - done
[0.208s] -- Check for working C compiler: /usr/bin/cc - skipped
[0.208s] -- Detecting C compile features
[0.209s] -- Detecting C compile features - done
[0.212s] -- Detecting CXX compiler ABI info
[0.268s] -- Detecting CXX compiler ABI info - done
[0.272s] -- Check for working CXX compiler: /usr/bin/c++ - skipped
[0.273s] -- Detecting CXX compile features
[0.273s] -- Detecting CXX compile features - done
[0.276s] -- Found ament_cmake: 1.3.14 (/opt/ros/humble/share/ament_cmake/cmake)
[0.377s] -- Found Python3: /usr/bin/python3 (found version "3.10.12") found components: Interpreter 
[0.449s] -- Found rosidl_default_generators: 1.2.1 (/opt/ros/humble/share/rosidl_default_generators/cmake)
[0.452s] -- Using all available rosidl_typesupport_c: rosidl_typesupport_fastrtps_c;rosidl_typesupport_introspection_c
[0.458s] -- Found rosidl_adapter: 3.1.8 (/opt/ros/humble/share/rosidl_adapter/cmake)
[0.494s] -- Using all available rosidl_typesupport_cpp: rosidl_typesupport_fastrtps_cpp;rosidl_typesupport_introspection_cpp
[0.684s] -- Found ament_cmake_ros: 0.10.0 (/opt/ros/humble/share/ament_cmake_ros/cmake)
[0.801s] -- Using all available rosidl_typesupport_c: rosidl_typesupport_fastrtps_c;rosidl_typesupport_introspection_c
[0.951s] -- Using all available rosidl_typesupport_cpp: rosidl_typesupport_fastrtps_cpp;rosidl_typesupport_introspection_cpp
[0.965s] -- Found PythonInterp: /usr/bin/python3 (found suitable version "3.10.12", minimum required is "3.6") 
[0.966s] -- Found python_cmake_module: 0.10.0 (/opt/ros/humble/share/python_cmake_module/cmake)
[0.984s] -- Found PythonLibs: /usr/lib/x86_64-linux-gnu/libpython3.10.so (found suitable version "3.10.12", minimum required is "3.5") 
[0.984s] -- Using PYTHON_EXECUTABLE: /usr/bin/python3
[0.984s] -- Using PYTHON_INCLUDE_DIRS: /usr/include/python3.10
[0.984s] -- Using PYTHON_LIBRARIES: /usr/lib/x86_64-linux-gnu/libpython3.10.so
[0.997s] -- Found PythonExtra: .so  
[1.062s] -- Configuring done
[1.078s] -- Generating done
[1.084s] -- Build files have been written to: /home/the_wizard_of_nowhere/Cyborg-Summer-Induction-2026/Task3/build/task3
[1.090s] Invoked command in '/home/the_wizard_of_nowhere/Cyborg-Summer-Induction-2026/Task3/build/task3' returned '0': CMAKE_PREFIX_PATH=/home/the_wizard_of_nowhere/cyborg_task_3/install/robot_controller:/opt/ros/humble /usr/bin/cmake /home/the_wizard_of_nowhere/Cyborg-Summer-Induction-2026/Task3/src/task3 -DCMAKE_INSTALL_PREFIX=/home/the_wizard_of_nowhere/Cyborg-Summer-Induction-2026/Task3/install/task3
[1.091s] Invoking command in '/home/the_wizard_of_nowhere/Cyborg-Summer-Induction-2026/Task3/build/task3': CMAKE_PREFIX_PATH=/home/the_wizard_of_nowhere/cyborg_task_3/install/robot_controller:/opt/ros/humble /usr/bin/cmake --build /home/the_wizard_of_nowhere/Cyborg-Summer-Induction-2026/Task3/build/task3 -- -j12 -l12
[1.119s] [  3%] [34m[1mGenerating C code for ROS interfaces[0m
[1.125s] [  9%] [34m[1mGenerating Rust code for ROS interfaces[0m
[1.125s] [  9%] [34m[1mGenerating C++ code for ROS interfaces[0m
[1.130s] [  9%] Built target ament_cmake_python_copy_task3
[1.290s] running egg_info
[1.291s] creating task3.egg-info
[1.291s] writing task3.egg-info/PKG-INFO
[1.291s] writing dependency_links to task3.egg-info/dependency_links.txt
[1.291s] writing top-level names to task3.egg-info/top_level.txt
[1.291s] writing manifest file 'task3.egg-info/SOURCES.txt'
[1.293s] reading manifest file 'task3.egg-info/SOURCES.txt'
[1.293s] [  9%] Built target task3__rs
[1.293s] writing manifest file 'task3.egg-info/SOURCES.txt'
[1.318s] [  9%] Built target ament_cmake_python_build_task3_egg
[1.324s] [  9%] Built target task3__cpp
[1.331s] [ 21%] [32mBuilding C object CMakeFiles/task3__rosidl_generator_c.dir/rosidl_generator_c/task3/srv/detail/prime_factors__functions.c.o[0m
[1.331s] [ 21%] [34m[1mGenerating C++ introspection for ROS interfaces[0m
[1.331s] [ 21%] [34m[1mGenerating C++ type support for eProsima Fast-RTPS[0m
[1.331s] [ 21%] [34m[1mGenerating C++ type support dispatch for ROS interfaces[0m
[1.383s] [ 25%] [32m[1mLinking C shared library libtask3__rosidl_generator_c.so[0m
[1.408s] [ 25%] Built target task3__rosidl_generator_c
[1.414s] [ 34%] [34m[1mGenerating C type support for eProsima Fast-RTPS[0m
[1.414s] [ 34%] [34m[1mGenerating C type support dispatch for ROS interfaces[0m
[1.414s] [ 34%] [34m[1mGenerating C introspection for ROS interfaces[0m
[1.502s] [ 37%] [32mBuilding CXX object CMakeFiles/task3__rosidl_typesupport_cpp.dir/rosidl_typesupport_cpp/task3/srv/prime_factors__type_support.cpp.o[0m
[1.518s] [ 40%] [32mBuilding CXX object CMakeFiles/task3__rosidl_typesupport_introspection_cpp.dir/rosidl_typesupport_introspection_cpp/task3/srv/detail/prime_factors__type_support.cpp.o[0m
[1.531s] [ 43%] [32mBuilding CXX object CMakeFiles/task3__rosidl_typesupport_fastrtps_cpp.dir/rosidl_typesupport_fastrtps_cpp/task3/srv/detail/dds_fastrtps/prime_factors__type_support.cpp.o[0m
[1.588s] [ 46%] [32mBuilding CXX object CMakeFiles/task3__rosidl_typesupport_c.dir/rosidl_typesupport_c/task3/srv/prime_factors__type_support.cpp.o[0m
[1.612s] [ 50%] [32m[1mLinking CXX shared library libtask3__rosidl_typesupport_c.so[0m
[1.614s] [ 53%] [32mBuilding C object CMakeFiles/task3__rosidl_typesupport_introspection_c.dir/rosidl_typesupport_introspection_c/task3/srv/detail/prime_factors__type_support.c.o[0m
[1.616s] [ 56%] [32mBuilding CXX object CMakeFiles/task3__rosidl_typesupport_fastrtps_c.dir/rosidl_typesupport_fastrtps_c/task3/srv/detail/prime_factors__type_support_c.cpp.o[0m
[1.639s] [ 59%] [32m[1mLinking C shared library libtask3__rosidl_typesupport_introspection_c.so[0m
[1.641s] [ 59%] Built target task3__rosidl_typesupport_c
[1.660s] [ 59%] Built target task3__rosidl_typesupport_introspection_c
[1.705s] [ 62%] [32m[1mLinking CXX shared library libtask3__rosidl_typesupport_cpp.so[0m
[1.733s] [ 62%] Built target task3__rosidl_typesupport_cpp
[1.783s] [ 65%] [32m[1mLinking CXX shared library libtask3__rosidl_typesupport_introspection_cpp.so[0m
[1.808s] [ 68%] [32m[1mLinking CXX shared library libtask3__rosidl_typesupport_fastrtps_cpp.so[0m
[1.810s] [ 68%] Built target task3__rosidl_typesupport_introspection_cpp
[1.838s] [ 71%] [32m[1mLinking CXX shared library libtask3__rosidl_typesupport_fastrtps_c.so[0m
[1.861s] [ 71%] Built target task3__rosidl_typesupport_fastrtps_cpp
[1.889s] [ 71%] Built target task3__rosidl_typesupport_fastrtps_c
[1.901s] [ 71%] Built target task3
[1.916s] [ 75%] [34m[1mGenerating Python code for ROS interfaces[0m
[2.157s] [ 75%] Built target task3__py
[2.169s] [ 78%] [32mBuilding C object CMakeFiles/task3__rosidl_generator_py.dir/rosidl_generator_py/task3/srv/_prime_factors_s.c.o[0m
[2.252s] [ 81%] [32m[1mLinking C shared library rosidl_generator_py/task3/libtask3__rosidl_generator_py.so[0m
[2.277s] [ 81%] Built target task3__rosidl_generator_py
[2.298s] [ 90%] [32mBuilding C object CMakeFiles/task3__rosidl_typesupport_fastrtps_c__pyext.dir/rosidl_generator_py/task3/_task3_s.ep.rosidl_typesupport_fastrtps_c.c.o[0m
[2.298s] [ 90%] [32mBuilding C object CMakeFiles/task3__rosidl_typesupport_c__pyext.dir/rosidl_generator_py/task3/_task3_s.ep.rosidl_typesupport_c.c.o[0m
[2.298s] [ 90%] [32mBuilding C object CMakeFiles/task3__rosidl_typesupport_introspection_c__pyext.dir/rosidl_generator_py/task3/_task3_s.ep.rosidl_typesupport_introspection_c.c.o[0m
[2.358s] [100%] [32m[1mLinking C shared library rosidl_generator_py/task3/task3_s__rosidl_typesupport_introspection_c.cpython-310-x86_64-linux-gnu.so[0m
[2.358s] [100%] [32m[1mLinking C shared library rosidl_generator_py/task3/task3_s__rosidl_typesupport_c.cpython-310-x86_64-linux-gnu.so[0m
[2.358s] [100%] [32m[1mLinking C shared library rosidl_generator_py/task3/task3_s__rosidl_typesupport_fastrtps_c.cpython-310-x86_64-linux-gnu.so[0m
[2.380s] [100%] Built target task3__rosidl_typesupport_c__pyext
[2.380s] [100%] Built target task3__rosidl_typesupport_introspection_c__pyext
[2.380s] [100%] Built target task3__rosidl_typesupport_fastrtps_c__pyext
[2.387s] Invoked command in '/home/the_wizard_of_nowhere/Cyborg-Summer-Induction-2026/Task3/build/task3' returned '0': CMAKE_PREFIX_PATH=/home/the_wizard_of_nowhere/cyborg_task_3/install/robot_controller:/opt/ros/humble /usr/bin/cmake --build /home/the_wizard_of_nowhere/Cyborg-Summer-Induction-2026/Task3/build/task3 -- -j12 -l12
[2.394s] Invoking command in '/home/the_wizard_of_nowhere/Cyborg-Summer-Induction-2026/Task3/build/task3': CMAKE_PREFIX_PATH=/home/the_wizard_of_nowhere/cyborg_task_3/install/robot_controller:/opt/ros/humble /usr/bin/cmake --install /home/the_wizard_of_nowhere/Cyborg-Summer-Induction-2026/Task3/build/task3
[2.398s] -- Install configuration: ""
[2.398s] -- Installing: /home/the_wizard_of_nowhere/Cyborg-Summer-Induction-2026/Task3/install/task3/share/ament_index/resource_index/rosidl_interfaces/task3
[2.399s] -- Installing: /home/the_wizard_of_nowhere/Cyborg-Summer-Induction-2026/Task3/install/task3/include/task3/task3
[2.399s] -- Installing: /home/the_wizard_of_nowhere/Cyborg-Summer-Induction-2026/Task3/install/task3/include/task3/task3/srv
[2.399s] -- Installing: /home/the_wizard_of_nowhere/Cyborg-Summer-Induction-2026/Task3/install/task3/include/task3/task3/srv/detail
[2.399s] -- Installing: /home/the_wizard_of_nowhere/Cyborg-Summer-Induction-2026/Task3/install/task3/include/task3/task3/srv/detail/prime_factors__type_support.h
[2.399s] -- Installing: /home/the_wizard_of_nowhere/Cyborg-Summer-Induction-2026/Task3/install/task3/include/task3/task3/srv/detail/prime_factors__functions.h
[2.399s] -- Installing: /home/the_wizard_of_nowhere/Cyborg-Summer-Induction-2026/Task3/install/task3/include/task3/task3/srv/detail/prime_factors__struct.h
[2.399s] -- Installing: /home/the_wizard_of_nowhere/Cyborg-Summer-Induction-2026/Task3/install/task3/include/task3/task3/srv/detail/prime_factors__functions.c
[2.399s] -- Installing: /home/the_wizard_of_nowhere/Cyborg-Summer-Induction-2026/Task3/install/task3/include/task3/task3/srv/prime_factors.h
[2.399s] -- Installing: /home/the_wizard_of_nowhere/Cyborg-Summer-Induction-2026/Task3/install/task3/include/task3/task3/msg
[2.399s] -- Installing: /home/the_wizard_of_nowhere/Cyborg-Summer-Induction-2026/Task3/install/task3/include/task3/task3/msg/rosidl_generator_c__visibility_control.h
[2.399s] -- Installing: /home/the_wizard_of_nowhere/Cyborg-Summer-Induction-2026/Task3/install/task3/share/task3/environment/library_path.sh
[2.399s] -- Installing: /home/the_wizard_of_nowhere/Cyborg-Summer-Induction-2026/Task3/install/task3/share/task3/environment/library_path.dsv
[2.399s] -- Installing: /home/the_wizard_of_nowhere/Cyborg-Summer-Induction-2026/Task3/install/task3/lib/libtask3__rosidl_generator_c.so
[2.399s] -- Set runtime path of "/home/the_wizard_of_nowhere/Cyborg-Summer-Induction-2026/Task3/install/task3/lib/libtask3__rosidl_generator_c.so" to ""
[2.400s] -- Up-to-date: /home/the_wizard_of_nowhere/Cyborg-Summer-Induction-2026/Task3/install/task3/include/task3/task3
[2.400s] -- Up-to-date: /home/the_wizard_of_nowhere/Cyborg-Summer-Induction-2026/Task3/install/task3/include/task3/task3/srv
[2.400s] -- Up-to-date: /home/the_wizard_of_nowhere/Cyborg-Summer-Induction-2026/Task3/install/task3/include/task3/task3/srv/detail
[2.400s] -- Installing: /home/the_wizard_of_nowhere/Cyborg-Summer-Induction-2026/Task3/install/task3/include/task3/task3/srv/detail/prime_factors__rosidl_typesupport_fastrtps_c.h
[2.400s] -- Up-to-date: /home/the_wizard_of_nowhere/Cyborg-Summer-Induction-2026/Task3/install/task3/include/task3/task3/msg
[2.400s] -- Installing: /home/the_wizard_of_nowhere/Cyborg-Summer-Induction-2026/Task3/install/task3/include/task3/task3/msg/rosidl_typesupport_fastrtps_c__visibility_control.h
[2.400s] -- Installing: /home/the_wizard_of_nowhere/Cyborg-Summer-Induction-2026/Task3/install/task3/lib/libtask3__rosidl_typesupport_fastrtps_c.so
[2.400s] -- Set runtime path of "/home/the_wizard_of_nowhere/Cyborg-Summer-Induction-2026/Task3/install/task3/lib/libtask3__rosidl_typesupport_fastrtps_c.so" to ""
[2.400s] -- Up-to-date: /home/the_wizard_of_nowhere/Cyborg-Summer-Induction-2026/Task3/install/task3/include/task3/task3
[2.400s] -- Up-to-date: /home/the_wizard_of_nowhere/Cyborg-Summer-Induction-2026/Task3/install/task3/include/task3/task3/srv
[2.400s] -- Up-to-date: /home/the_wizard_of_nowhere/Cyborg-Summer-Induction-2026/Task3/install/task3/include/task3/task3/srv/detail
[2.400s] -- Installing: /home/the_wizard_of_nowhere/Cyborg-Summer-Induction-2026/Task3/install/task3/include/task3/task3/srv/detail/prime_factors__type_support.c
[2.400s] -- Installing: /home/the_wizard_of_nowhere/Cyborg-Summer-Induction-2026/Task3/install/task3/include/task3/task3/srv/detail/prime_factors__rosidl_typesupport_introspection_c.h
[2.400s] -- Up-to-date: /home/the_wizard_of_nowhere/Cyborg-Summer-Induction-2026/Task3/install/task3/include/task3/task3/msg
[2.400s] -- Installing: /home/the_wizard_of_nowhere/Cyborg-Summer-Induction-2026/Task3/install/task3/include/task3/task3/msg/rosidl_typesupport_introspection_c__visibility_control.h
[2.400s] -- Installing: /home/the_wizard_of_nowhere/Cyborg-Summer-Induction-2026/Task3/install/task3/lib/libtask3__rosidl_typesupport_introspection_c.so
[2.400s] -- Set runtime path of "/home/the_wizard_of_nowhere/Cyborg-Summer-Induction-2026/Task3/install/task3/lib/libtask3__rosidl_typesupport_introspection_c.so" to ""
[2.400s] -- Installing: /home/the_wizard_of_nowhere/Cyborg-Summer-Induction-2026/Task3/install/task3/lib/libtask3__rosidl_typesupport_c.so
[2.401s] -- Set runtime path of "/home/the_wizard_of_nowhere/Cyborg-Summer-Induction-2026/Task3/install/task3/lib/libtask3__rosidl_typesupport_c.so" to ""
[2.401s] -- Up-to-date: /home/the_wizard_of_nowhere/Cyborg-Summer-Induction-2026/Task3/install/task3/include/task3/task3
[2.401s] -- Up-to-date: /home/the_wizard_of_nowhere/Cyborg-Summer-Induction-2026/Task3/install/task3/include/task3/task3/srv
[2.401s] -- Installing: /home/the_wizard_of_nowhere/Cyborg-Summer-Induction-2026/Task3/install/task3/include/task3/task3/srv/prime_factors.hpp
[2.401s] -- Up-to-date: /home/the_wizard_of_nowhere/Cyborg-Summer-Induction-2026/Task3/install/task3/include/task3/task3/srv/detail
[2.401s] -- Installing: /home/the_wizard_of_nowhere/Cyborg-Summer-Induction-2026/Task3/install/task3/include/task3/task3/srv/detail/prime_factors__builder.hpp
[2.401s] -- Installing: /home/the_wizard_of_nowhere/Cyborg-Summer-Induction-2026/Task3/install/task3/include/task3/task3/srv/detail/prime_factors__struct.hpp
[2.401s] -- Installing: /home/the_wizard_of_nowhere/Cyborg-Summer-Induction-2026/Task3/install/task3/include/task3/task3/srv/detail/prime_factors__type_support.hpp
[2.401s] -- Installing: /home/the_wizard_of_nowhere/Cyborg-Summer-Induction-2026/Task3/install/task3/include/task3/task3/srv/detail/prime_factors__traits.hpp
[2.401s] -- Up-to-date: /home/the_wizard_of_nowhere/Cyborg-Summer-Induction-2026/Task3/install/task3/include/task3/task3/msg
[2.401s] -- Installing: /home/the_wizard_of_nowhere/Cyborg-Summer-Induction-2026/Task3/install/task3/include/task3/task3/msg/rosidl_generator_cpp__visibility_control.hpp
[2.401s] -- Up-to-date: /home/the_wizard_of_nowhere/Cyborg-Summer-Induction-2026/Task3/install/task3/include/task3/task3
[2.401s] -- Up-to-date: /home/the_wizard_of_nowhere/Cyborg-Summer-Induction-2026/Task3/install/task3/include/task3/task3/srv
[2.401s] -- Up-to-date: /home/the_wizard_of_nowhere/Cyborg-Summer-Induction-2026/Task3/install/task3/include/task3/task3/srv/detail
[2.401s] -- Installing: /home/the_wizard_of_nowhere/Cyborg-Summer-Induction-2026/Task3/install/task3/include/task3/task3/srv/detail/prime_factors__rosidl_typesupport_fastrtps_cpp.hpp
[2.401s] -- Installing: /home/the_wizard_of_nowhere/Cyborg-Summer-Induction-2026/Task3/install/task3/include/task3/task3/srv/detail/dds_fastrtps
[2.401s] -- Up-to-date: /home/the_wizard_of_nowhere/Cyborg-Summer-Induction-2026/Task3/install/task3/include/task3/task3/msg
[2.401s] -- Installing: /home/the_wizard_of_nowhere/Cyborg-Summer-Induction-2026/Task3/install/task3/include/task3/task3/msg/rosidl_typesupport_fastrtps_cpp__visibility_control.h
[2.401s] -- Installing: /home/the_wizard_of_nowhere/Cyborg-Summer-Induction-2026/Task3/install/task3/lib/libtask3__rosidl_typesupport_fastrtps_cpp.so
[2.401s] -- Set runtime path of "/home/the_wizard_of_nowhere/Cyborg-Summer-Induction-2026/Task3/install/task3/lib/libtask3__rosidl_typesupport_fastrtps_cpp.so" to ""
[2.401s] -- Up-to-date: /home/the_wizard_of_nowhere/Cyborg-Summer-Induction-2026/Task3/install/task3/include/task3/task3
[2.401s] -- Up-to-date: /home/the_wizard_of_nowhere/Cyborg-Summer-Induction-2026/Task3/install/task3/include/task3/task3/srv
[2.401s] -- Up-to-date: /home/the_wizard_of_nowhere/Cyborg-Summer-Induction-2026/Task3/install/task3/include/task3/task3/srv/detail
[2.402s] -- Installing: /home/the_wizard_of_nowhere/Cyborg-Summer-Induction-2026/Task3/install/task3/include/task3/task3/srv/detail/prime_factors__rosidl_typesupport_introspection_cpp.hpp
[2.402s] -- Installing: /home/the_wizard_of_nowhere/Cyborg-Summer-Induction-2026/Task3/install/task3/include/task3/task3/srv/detail/prime_factors__type_support.cpp
[2.402s] -- Installing: /home/the_wizard_of_nowhere/Cyborg-Summer-Induction-2026/Task3/install/task3/lib/libtask3__rosidl_typesupport_introspection_cpp.so
[2.402s] -- Set runtime path of "/home/the_wizard_of_nowhere/Cyborg-Summer-Induction-2026/Task3/install/task3/lib/libtask3__rosidl_typesupport_introspection_cpp.so" to ""
[2.402s] -- Installing: /home/the_wizard_of_nowhere/Cyborg-Summer-Induction-2026/Task3/install/task3/lib/libtask3__rosidl_typesupport_cpp.so
[2.402s] -- Set runtime path of "/home/the_wizard_of_nowhere/Cyborg-Summer-Induction-2026/Task3/install/task3/lib/libtask3__rosidl_typesupport_cpp.so" to ""
[2.402s] -- Installing: /home/the_wizard_of_nowhere/Cyborg-Summer-Induction-2026/Task3/install/task3/share/task3/environment/pythonpath.sh
[2.402s] -- Installing: /home/the_wizard_of_nowhere/Cyborg-Summer-Induction-2026/Task3/install/task3/share/task3/environment/pythonpath.dsv
[2.402s] -- Installing: /home/the_wizard_of_nowhere/Cyborg-Summer-Induction-2026/Task3/install/task3/local/lib/python3.10/dist-packages/task3-0.0.0-py3.10.egg-info
[2.402s] -- Installing: /home/the_wizard_of_nowhere/Cyborg-Summer-Induction-2026/Task3/install/task3/local/lib/python3.10/dist-packages/task3-0.0.0-py3.10.egg-info/top_level.txt
[2.402s] -- Installing: /home/the_wizard_of_nowhere/Cyborg-Summer-Induction-2026/Task3/install/task3/local/lib/python3.10/dist-packages/task3-0.0.0-py3.10.egg-info/dependency_links.txt
[2.402s] -- Installing: /home/the_wizard_of_nowhere/Cyborg-Summer-Induction-2026/Task3/install/task3/local/lib/python3.10/dist-packages/task3-0.0.0-py3.10.egg-info/PKG-INFO
[2.402s] -- Installing: /home/the_wizard_of_nowhere/Cyborg-Summer-Induction-2026/Task3/install/task3/local/lib/python3.10/dist-packages/task3-0.0.0-py3.10.egg-info/SOURCES.txt
[2.402s] -- Installing: /home/the_wizard_of_nowhere/Cyborg-Summer-Induction-2026/Task3/install/task3/local/lib/python3.10/dist-packages/task3
[2.402s] -- Installing: /home/the_wizard_of_nowhere/Cyborg-Summer-Induction-2026/Task3/install/task3/local/lib/python3.10/dist-packages/task3/srv
[2.403s] -- Installing: /home/the_wizard_of_nowhere/Cyborg-Summer-Induction-2026/Task3/install/task3/local/lib/python3.10/dist-packages/task3/srv/__init__.py
[2.403s] -- Installing: /home/the_wizard_of_nowhere/Cyborg-Summer-Induction-2026/Task3/install/task3/local/lib/python3.10/dist-packages/task3/srv/_prime_factors_s.c
[2.403s] -- Installing: /home/the_wizard_of_nowhere/Cyborg-Summer-Induction-2026/Task3/install/task3/local/lib/python3.10/dist-packages/task3/srv/_prime_factors.py
[2.403s] -- Installing: /home/the_wizard_of_nowhere/Cyborg-Summer-Induction-2026/Task3/install/task3/local/lib/python3.10/dist-packages/task3/_task3_s.ep.rosidl_typesupport_fastrtps_c.c
[2.403s] -- Installing: /home/the_wizard_of_nowhere/Cyborg-Summer-Induction-2026/Task3/install/task3/local/lib/python3.10/dist-packages/task3/task3_s__rosidl_typesupport_fastrtps_c.cpython-310-x86_64-linux-gnu.so
[2.403s] -- Installing: /home/the_wizard_of_nowhere/Cyborg-Summer-Induction-2026/Task3/install/task3/local/lib/python3.10/dist-packages/task3/libtask3__rosidl_generator_py.so
[2.403s] -- Installing: /home/the_wizard_of_nowhere/Cyborg-Summer-Induction-2026/Task3/install/task3/local/lib/python3.10/dist-packages/task3/task3_s__rosidl_typesupport_c.cpython-310-x86_64-linux-gnu.so
[2.403s] -- Installing: /home/the_wizard_of_nowhere/Cyborg-Summer-Induction-2026/Task3/install/task3/local/lib/python3.10/dist-packages/task3/_task3_s.ep.rosidl_typesupport_introspection_c.c
[2.403s] -- Installing: /home/the_wizard_of_nowhere/Cyborg-Summer-Induction-2026/Task3/install/task3/local/lib/python3.10/dist-packages/task3/__init__.py
[2.403s] -- Installing: /home/the_wizard_of_nowhere/Cyborg-Summer-Induction-2026/Task3/install/task3/local/lib/python3.10/dist-packages/task3/_task3_s.ep.rosidl_typesupport_c.c
[2.403s] -- Installing: /home/the_wizard_of_nowhere/Cyborg-Summer-Induction-2026/Task3/install/task3/local/lib/python3.10/dist-packages/task3/task3_s__rosidl_typesupport_introspection_c.cpython-310-x86_64-linux-gnu.so
[2.426s] Listing '/home/the_wizard_of_nowhere/Cyborg-Summer-Induction-2026/Task3/install/task3/local/lib/python3.10/dist-packages/task3'...
[2.426s] Compiling '/home/the_wizard_of_nowhere/Cyborg-Summer-Induction-2026/Task3/install/task3/local/lib/python3.10/dist-packages/task3/__init__.py'...
[2.426s] Listing '/home/the_wizard_of_nowhere/Cyborg-Summer-Induction-2026/Task3/install/task3/local/lib/python3.10/dist-packages/task3/srv'...
[2.426s] Compiling '/home/the_wizard_of_nowhere/Cyborg-Summer-Induction-2026/Task3/install/task3/local/lib/python3.10/dist-packages/task3/srv/__init__.py'...
[2.426s] Compiling '/home/the_wizard_of_nowhere/Cyborg-Summer-Induction-2026/Task3/install/task3/local/lib/python3.10/dist-packages/task3/srv/_prime_factors.py'...
[2.429s] -- Installing: /home/the_wizard_of_nowhere/Cyborg-Summer-Induction-2026/Task3/install/task3/local/lib/python3.10/dist-packages/task3/task3_s__rosidl_typesupport_fastrtps_c.cpython-310-x86_64-linux-gnu.so
[2.429s] -- Set runtime path of "/home/the_wizard_of_nowhere/Cyborg-Summer-Induction-2026/Task3/install/task3/local/lib/python3.10/dist-packages/task3/task3_s__rosidl_typesupport_fastrtps_c.cpython-310-x86_64-linux-gnu.so" to ""
[2.429s] -- Installing: /home/the_wizard_of_nowhere/Cyborg-Summer-Induction-2026/Task3/install/task3/local/lib/python3.10/dist-packages/task3/task3_s__rosidl_typesupport_introspection_c.cpython-310-x86_64-linux-gnu.so
[2.430s] -- Set runtime path of "/home/the_wizard_of_nowhere/Cyborg-Summer-Induction-2026/Task3/install/task3/local/lib/python3.10/dist-packages/task3/task3_s__rosidl_typesupport_introspection_c.cpython-310-x86_64-linux-gnu.so" to ""
[2.430s] -- Installing: /home/the_wizard_of_nowhere/Cyborg-Summer-Induction-2026/Task3/install/task3/local/lib/python3.10/dist-packages/task3/task3_s__rosidl_typesupport_c.cpython-310-x86_64-linux-gnu.so
[2.430s] -- Set runtime path of "/home/the_wizard_of_nowhere/Cyborg-Summer-Induction-2026/Task3/install/task3/local/lib/python3.10/dist-packages/task3/task3_s__rosidl_typesupport_c.cpython-310-x86_64-linux-gnu.so" to ""
[2.430s] -- Installing: /home/the_wizard_of_nowhere/Cyborg-Summer-Induction-2026/Task3/install/task3/lib/libtask3__rosidl_generator_py.so
[2.430s] -- Set runtime path of "/home/the_wizard_of_nowhere/Cyborg-Summer-Induction-2026/Task3/install/task3/lib/libtask3__rosidl_generator_py.so" to ""
[2.430s] -- Installing: /home/the_wizard_of_nowhere/Cyborg-Summer-Induction-2026/Task3/install/task3/share/ament_index/resource_index/rust_packages/task3
[2.430s] -- Installing: /home/the_wizard_of_nowhere/Cyborg-Summer-Induction-2026/Task3/install/task3/share/task3/rust
[2.430s] -- Installing: /home/the_wizard_of_nowhere/Cyborg-Summer-Induction-2026/Task3/install/task3/share/task3/rust/Cargo.toml
[2.430s] -- Installing: /home/the_wizard_of_nowhere/Cyborg-Summer-Induction-2026/Task3/install/task3/share/task3/rust/src
[2.430s] -- Installing: /home/the_wizard_of_nowhere/Cyborg-Summer-Induction-2026/Task3/install/task3/share/task3/rust/src/lib.rs
[2.430s] -- Installing: /home/the_wizard_of_nowhere/Cyborg-Summer-Induction-2026/Task3/install/task3/share/task3/rust/src/srv
[2.430s] -- Installing: /home/the_wizard_of_nowhere/Cyborg-Summer-Induction-2026/Task3/install/task3/share/task3/rust/src/srv/rmw.rs
[2.430s] -- Installing: /home/the_wizard_of_nowhere/Cyborg-Summer-Induction-2026/Task3/install/task3/share/task3/rust/src/srv.rs
[2.430s] -- Installing: /home/the_wizard_of_nowhere/Cyborg-Summer-Induction-2026/Task3/install/task3/share/task3/rust/build.rs
[2.431s] -- Installing: /home/the_wizard_of_nowhere/Cyborg-Summer-Induction-2026/Task3/install/task3/share/task3/srv/PrimeFactors.idl
[2.431s] -- Installing: /home/the_wizard_of_nowhere/Cyborg-Summer-Induction-2026/Task3/install/task3/share/task3/srv/PrimeFactors.srv
[2.431s] -- Installing: /home/the_wizard_of_nowhere/Cyborg-Summer-Induction-2026/Task3/install/task3/share/task3/srv/PrimeFactors_Request.msg
[2.431s] -- Installing: /home/the_wizard_of_nowhere/Cyborg-Summer-Induction-2026/Task3/install/task3/share/task3/srv/PrimeFactors_Response.msg
[2.431s] -- Installing: /home/the_wizard_of_nowhere/Cyborg-Summer-Induction-2026/Task3/install/task3/share/task3/launch
[2.431s] -- Installing: /home/the_wizard_of_nowhere/Cyborg-Summer-Induction-2026/Task3/install/task3/share/task3/launch/Task3.launch.py
[2.431s] -- Installing: /home/the_wizard_of_nowhere/Cyborg-Summer-Induction-2026/Task3/install/task3/lib/task3/Task3A.py
[2.431s] -- Installing: /home/the_wizard_of_nowhere/Cyborg-Summer-Induction-2026/Task3/install/task3/lib/task3/BonusTask3A.py
[2.431s] -- Installing: /home/the_wizard_of_nowhere/Cyborg-Summer-Induction-2026/Task3/install/task3/lib/task3/Task3B.py
[2.431s] -- Installing: /home/the_wizard_of_nowhere/Cyborg-Summer-Induction-2026/Task3/install/task3/lib/task3/Task3C.py
[2.431s] -- Installing: /home/the_wizard_of_nowhere/Cyborg-Summer-Induction-2026/Task3/install/task3/lib/task3/Task3D_server.py
[2.431s] -- Installing: /home/the_wizard_of_nowhere/Cyborg-Summer-Induction-2026/Task3/install/task3/lib/task3/Task3D_client.py
[2.431s] -- Installing: /home/the_wizard_of_nowhere/Cyborg-Summer-Induction-2026/Task3/install/task3/share/ament_index/resource_index/package_run_dependencies/task3
[2.431s] -- Installing: /home/the_wizard_of_nowhere/Cyborg-Summer-Induction-2026/Task3/install/task3/share/ament_index/resource_index/parent_prefix_path/task3
[2.431s] -- Installing: /home/the_wizard_of_nowhere/Cyborg-Summer-Induction-2026/Task3/install/task3/share/task3/environment/ament_prefix_path.sh
[2.431s] -- Installing: /home/the_wizard_of_nowhere/Cyborg-Summer-Induction-2026/Task3/install/task3/share/task3/environment/ament_prefix_path.dsv
[2.431s] -- Installing: /home/the_wizard_of_nowhere/Cyborg-Summer-Induction-2026/Task3/install/task3/share/task3/environment/path.sh
[2.431s] -- Installing: /home/the_wizard_of_nowhere/Cyborg-Summer-Induction-2026/Task3/install/task3/share/task3/environment/path.dsv
[2.432s] -- Installing: /home/the_wizard_of_nowhere/Cyborg-Summer-Induction-2026/Task3/install/task3/share/task3/local_setup.bash
[2.432s] -- Installing: /home/the_wizard_of_nowhere/Cyborg-Summer-Induction-2026/Task3/install/task3/share/task3/local_setup.sh
[2.432s] -- Installing: /home/the_wizard_of_nowhere/Cyborg-Summer-Induction-2026/Task3/install/task3/share/task3/local_setup.zsh
[2.432s] -- Installing: /home/the_wizard_of_nowhere/Cyborg-Summer-Induction-2026/Task3/install/task3/share/task3/local_setup.dsv
[2.432s] -- Installing: /home/the_wizard_of_nowhere/Cyborg-Summer-Induction-2026/Task3/install/task3/share/task3/package.dsv
[2.432s] -- Installing: /home/the_wizard_of_nowhere/Cyborg-Summer-Induction-2026/Task3/install/task3/share/ament_index/resource_index/packages/task3
[2.432s] -- Installing: /home/the_wizard_of_nowhere/Cyborg-Summer-Induction-2026/Task3/install/task3/share/task3/cmake/export_task3__rosidl_generator_cExport.cmake
[2.432s] -- Installing: /home/the_wizard_of_nowhere/Cyborg-Summer-Induction-2026/Task3/install/task3/share/task3/cmake/export_task3__rosidl_generator_cExport-noconfig.cmake
[2.432s] -- Installing: /home/the_wizard_of_nowhere/Cyborg-Summer-Induction-2026/Task3/install/task3/share/task3/cmake/export_task3__rosidl_typesupport_fastrtps_cExport.cmake
[2.432s] -- Installing: /home/the_wizard_of_nowhere/Cyborg-Summer-Induction-2026/Task3/install/task3/share/task3/cmake/export_task3__rosidl_typesupport_fastrtps_cExport-noconfig.cmake
[2.432s] -- Installing: /home/the_wizard_of_nowhere/Cyborg-Summer-Induction-2026/Task3/install/task3/share/task3/cmake/task3__rosidl_typesupport_introspection_cExport.cmake
[2.433s] -- Installing: /home/the_wizard_of_nowhere/Cyborg-Summer-Induction-2026/Task3/install/task3/share/task3/cmake/task3__rosidl_typesupport_introspection_cExport-noconfig.cmake
[2.433s] -- Installing: /home/the_wizard_of_nowhere/Cyborg-Summer-Induction-2026/Task3/install/task3/share/task3/cmake/task3__rosidl_typesupport_cExport.cmake
[2.433s] -- Installing: /home/the_wizard_of_nowhere/Cyborg-Summer-Induction-2026/Task3/install/task3/share/task3/cmake/task3__rosidl_typesupport_cExport-noconfig.cmake
[2.433s] -- Installing: /home/the_wizard_of_nowhere/Cyborg-Summer-Induction-2026/Task3/install/task3/share/task3/cmake/export_task3__rosidl_generator_cppExport.cmake
[2.433s] -- Installing: /home/the_wizard_of_nowhere/Cyborg-Summer-Induction-2026/Task3/install/task3/share/task3/cmake/export_task3__rosidl_typesupport_fastrtps_cppExport.cmake
[2.433s] -- Installing: /home/the_wizard_of_nowhere/Cyborg-Summer-Induction-2026/Task3/install/task3/share/task3/cmake/export_task3__rosidl_typesupport_fastrtps_cppExport-noconfig.cmake
[2.433s] -- Installing: /home/the_wizard_of_nowhere/Cyborg-Summer-Induction-2026/Task3/install/task3/share/task3/cmake/task3__rosidl_typesupport_introspection_cppExport.cmake
[2.433s] -- Installing: /home/the_wizard_of_nowhere/Cyborg-Summer-Induction-2026/Task3/install/task3/share/task3/cmake/task3__rosidl_typesupport_introspection_cppExport-noconfig.cmake
[2.433s] -- Installing: /home/the_wizard_of_nowhere/Cyborg-Summer-Induction-2026/Task3/install/task3/share/task3/cmake/task3__rosidl_typesupport_cppExport.cmake
[2.433s] -- Installing: /home/the_wizard_of_nowhere/Cyborg-Summer-Induction-2026/Task3/install/task3/share/task3/cmake/task3__rosidl_typesupport_cppExport-noconfig.cmake
[2.433s] -- Installing: /home/the_wizard_of_nowhere/Cyborg-Summer-Induction-2026/Task3/install/task3/share/task3/cmake/export_task3__rosidl_generator_pyExport.cmake
[2.433s] -- Installing: /home/the_wizard_of_nowhere/Cyborg-Summer-Induction-2026/Task3/install/task3/share/task3/cmake/export_task3__rosidl_generator_pyExport-noconfig.cmake
[2.433s] -- Installing: /home/the_wizard_of_nowhere/Cyborg-Summer-Induction-2026/Task3/install/task3/share/task3/cmake/rosidl_cmake-extras.cmake
[2.433s] -- Installing: /home/the_wizard_of_nowhere/Cyborg-Summer-Induction-2026/Task3/install/task3/share/task3/cmake/ament_cmake_export_include_directories-extras.cmake
[2.434s] -- Installing: /home/the_wizard_of_nowhere/Cyborg-Summer-Induction-2026/Task3/install/task3/share/task3/cmake/ament_cmake_export_libraries-extras.cmake
[2.434s] -- Installing: /home/the_wizard_of_nowhere/Cyborg-Summer-Induction-2026/Task3/install/task3/share/task3/cmake/ament_cmake_export_targets-extras.cmake
[2.434s] -- Installing: /home/the_wizard_of_nowhere/Cyborg-Summer-Induction-2026/Task3/install/task3/share/task3/cmake/rosidl_cmake_export_typesupport_targets-extras.cmake
[2.434s] -- Installing: /home/the_wizard_of_nowhere/Cyborg-Summer-Induction-2026/Task3/install/task3/share/task3/cmake/ament_cmake_export_dependencies-extras.cmake
[2.434s] -- Installing: /home/the_wizard_of_nowhere/Cyborg-Summer-Induction-2026/Task3/install/task3/share/task3/cmake/rosidl_cmake_export_typesupport_libraries-extras.cmake
[2.434s] -- Installing: /home/the_wizard_of_nowhere/Cyborg-Summer-Induction-2026/Task3/install/task3/share/task3/cmake/task3Config.cmake
[2.434s] -- Installing: /home/the_wizard_of_nowhere/Cyborg-Summer-Induction-2026/Task3/install/task3/share/task3/cmake/task3Config-version.cmake
[2.434s] -- Installing: /home/the_wizard_of_nowhere/Cyborg-Summer-Induction-2026/Task3/install/task3/share/task3/package.xml
[2.436s] Invoked command in '/home/the_wizard_of_nowhere/Cyborg-Summer-Induction-2026/Task3/build/task3' returned '0': CMAKE_PREFIX_PATH=/home/the_wizard_of_nowhere/cyborg_task_3/install/robot_controller:/opt/ros/humble /usr/bin/cmake --install /home/the_wizard_of_nowhere/Cyborg-Summer-Induction-2026/Task3/build/task3
