[0.170s] Invoking command in '/home/the_wizard_of_nowhere/Cyborg-Summer-Induction-2026/Task5/build/task_arena': CMAKE_PREFIX_PATH=${CMAKE_PREFIX_PATH}:/home/the_wizard_of_nowhere/cyborg_task_3/install/robot_controller:/opt/ros/humble /usr/bin/cmake /home/the_wizard_of_nowhere/Cyborg-Summer-Induction-2026/Task5/src/task_arena -DCMAKE_INSTALL_PREFIX=/home/the_wizard_of_nowhere/Cyborg-Summer-Induction-2026/Task5/install/task_arena
[0.204s] -- The C compiler identification is GNU 11.4.0
[0.241s] -- The CXX compiler identification is GNU 11.4.0
[0.245s] -- Detecting C compiler ABI info
[0.291s] -- Detecting C compiler ABI info - done
[0.296s] -- Check for working C compiler: /usr/bin/cc - skipped
[0.296s] -- Detecting C compile features
[0.296s] -- Detecting C compile features - done
[0.298s] -- Detecting CXX compiler ABI info
[0.353s] -- Detecting CXX compiler ABI info - done
[0.358s] -- Check for working CXX compiler: /usr/bin/c++ - skipped
[0.358s] -- Detecting CXX compile features
[0.358s] -- Detecting CXX compile features - done
[0.360s] -- Found ament_cmake: 1.3.14 (/opt/ros/humble/share/ament_cmake/cmake)
[0.470s] -- Found Python3: /usr/bin/python3 (found version "3.10.12") found components: Interpreter 
[0.533s] -- Found rclcpp: 16.0.19 (/opt/ros/humble/share/rclcpp/cmake)
[0.559s] -- Found rosidl_generator_c: 3.1.8 (/opt/ros/humble/share/rosidl_generator_c/cmake)
[0.561s] -- Found rosidl_adapter: 3.1.8 (/opt/ros/humble/share/rosidl_adapter/cmake)
[0.566s] -- Found rosidl_generator_cpp: 3.1.8 (/opt/ros/humble/share/rosidl_generator_cpp/cmake)
[0.574s] -- Using all available rosidl_typesupport_c: rosidl_typesupport_fastrtps_c;rosidl_typesupport_introspection_c
[0.583s] -- Using all available rosidl_typesupport_cpp: rosidl_typesupport_fastrtps_cpp;rosidl_typesupport_introspection_cpp
[0.609s] -- Found rmw_implementation_cmake: 6.1.2 (/opt/ros/humble/share/rmw_implementation_cmake/cmake)
[0.611s] -- Found rmw_fastrtps_cpp: 6.2.10 (/opt/ros/humble/share/rmw_fastrtps_cpp/cmake)
[0.663s] -- Found OpenSSL: /usr/lib/x86_64-linux-gnu/libcrypto.so (found version "3.0.2")  
[0.682s] -- Found FastRTPS: /opt/ros/humble/include  
[0.712s] -- Using RMW implementation 'rmw_fastrtps_cpp' as default
[0.717s] -- Looking for pthread.h
[0.767s] -- Looking for pthread.h - found
[0.767s] -- Performing Test CMAKE_HAVE_LIBC_PTHREAD
[0.817s] -- Performing Test CMAKE_HAVE_LIBC_PTHREAD - Success
[0.818s] -- Found Threads: TRUE  
[0.851s] -- Found rclpy: 3.3.21 (/opt/ros/humble/share/rclpy/cmake)
[0.852s] -- Found urdf: 2.6.1 (/opt/ros/humble/share/urdf/cmake)
[0.873s] -- Found xacro: 2.1.1 (/opt/ros/humble/share/xacro/cmake)
[0.874s] -- Found ament_lint_auto: 0.12.15 (/opt/ros/humble/share/ament_lint_auto/cmake)
[0.933s] -- Added test 'flake8' to check Python code syntax and style conventions
[0.934s] -- Added test 'lint_cmake' to check CMake code style
[0.935s] -- Added test 'pep257' to check Python code against some of the docstring style conventions in PEP 257
[0.936s] -- Added test 'xmllint' to check XML markup files
[0.937s] -- Configuring done
[0.941s] -- Generating done
[0.944s] -- Build files have been written to: /home/the_wizard_of_nowhere/Cyborg-Summer-Induction-2026/Task5/build/task_arena
[0.957s] Invoked command in '/home/the_wizard_of_nowhere/Cyborg-Summer-Induction-2026/Task5/build/task_arena' returned '0': CMAKE_PREFIX_PATH=${CMAKE_PREFIX_PATH}:/home/the_wizard_of_nowhere/cyborg_task_3/install/robot_controller:/opt/ros/humble /usr/bin/cmake /home/the_wizard_of_nowhere/Cyborg-Summer-Induction-2026/Task5/src/task_arena -DCMAKE_INSTALL_PREFIX=/home/the_wizard_of_nowhere/Cyborg-Summer-Induction-2026/Task5/install/task_arena
[0.958s] Invoking command in '/home/the_wizard_of_nowhere/Cyborg-Summer-Induction-2026/Task5/build/task_arena': CMAKE_PREFIX_PATH=${CMAKE_PREFIX_PATH}:/home/the_wizard_of_nowhere/cyborg_task_3/install/robot_controller:/opt/ros/humble /usr/bin/cmake --build /home/the_wizard_of_nowhere/Cyborg-Summer-Induction-2026/Task5/build/task_arena -- -j12 -l12
[0.990s] Invoked command in '/home/the_wizard_of_nowhere/Cyborg-Summer-Induction-2026/Task5/build/task_arena' returned '0': CMAKE_PREFIX_PATH=${CMAKE_PREFIX_PATH}:/home/the_wizard_of_nowhere/cyborg_task_3/install/robot_controller:/opt/ros/humble /usr/bin/cmake --build /home/the_wizard_of_nowhere/Cyborg-Summer-Induction-2026/Task5/build/task_arena -- -j12 -l12
[0.991s] Invoking command in '/home/the_wizard_of_nowhere/Cyborg-Summer-Induction-2026/Task5/build/task_arena': CMAKE_PREFIX_PATH=${CMAKE_PREFIX_PATH}:/home/the_wizard_of_nowhere/cyborg_task_3/install/robot_controller:/opt/ros/humble /usr/bin/cmake --install /home/the_wizard_of_nowhere/Cyborg-Summer-Induction-2026/Task5/build/task_arena
[0.996s] -- Install configuration: ""
[0.996s] -- Installing: /home/the_wizard_of_nowhere/Cyborg-Summer-Induction-2026/Task5/install/task_arena/share/task_arena//launch
[0.996s] -- Installing: /home/the_wizard_of_nowhere/Cyborg-Summer-Induction-2026/Task5/install/task_arena/share/task_arena//launch/world.launch.py
[0.996s] -- Installing: /home/the_wizard_of_nowhere/Cyborg-Summer-Induction-2026/Task5/install/task_arena/share/task_arena//worlds
[0.996s] -- Installing: /home/the_wizard_of_nowhere/Cyborg-Summer-Induction-2026/Task5/install/task_arena/share/task_arena//worlds/gazebo.world
[0.996s] -- Installing: /home/the_wizard_of_nowhere/Cyborg-Summer-Induction-2026/Task5/install/task_arena/share/task_arena//models
[0.996s] -- Installing: /home/the_wizard_of_nowhere/Cyborg-Summer-Induction-2026/Task5/install/task_arena/share/task_arena//models/arena
[0.996s] -- Installing: /home/the_wizard_of_nowhere/Cyborg-Summer-Induction-2026/Task5/install/task_arena/share/task_arena//models/arena/model.config
[0.996s] -- Installing: /home/the_wizard_of_nowhere/Cyborg-Summer-Induction-2026/Task5/install/task_arena/share/task_arena//models/arena/model.sdf
[0.996s] -- Installing: /home/the_wizard_of_nowhere/Cyborg-Summer-Induction-2026/Task5/install/task_arena/share/task_arena//models/arena/meshes
[0.996s] -- Installing: /home/the_wizard_of_nowhere/Cyborg-Summer-Induction-2026/Task5/install/task_arena/share/task_arena//models/arena/meshes/arena.jpg
[0.996s] -- Installing: /home/the_wizard_of_nowhere/Cyborg-Summer-Induction-2026/Task5/install/task_arena/share/task_arena//models/arena/meshes/arena.dae
[0.996s] -- Installing: /home/the_wizard_of_nowhere/Cyborg-Summer-Induction-2026/Task5/install/task_arena/share/task_arena//models/ground_surface
[0.996s] -- Installing: /home/the_wizard_of_nowhere/Cyborg-Summer-Induction-2026/Task5/install/task_arena/share/task_arena//models/ground_surface/model.config
[0.996s] -- Installing: /home/the_wizard_of_nowhere/Cyborg-Summer-Induction-2026/Task5/install/task_arena/share/task_arena//models/ground_surface/model.sdf
[0.996s] -- Installing: /home/the_wizard_of_nowhere/Cyborg-Summer-Induction-2026/Task5/install/task_arena/share/task_arena//models/ground_surface/meshes
[0.997s] -- Installing: /home/the_wizard_of_nowhere/Cyborg-Summer-Induction-2026/Task5/install/task_arena/share/task_arena//models/ground_surface/meshes/ground_surface.dae
[0.997s] -- Installing: /home/the_wizard_of_nowhere/Cyborg-Summer-Induction-2026/Task5/install/task_arena/share/task_arena//models/ground_surface/meshes/geoglyph.jpg
[0.997s] -- Installing: /home/the_wizard_of_nowhere/Cyborg-Summer-Induction-2026/Task5/install/task_arena/share/task_arena//models/e_camera
[0.997s] -- Installing: /home/the_wizard_of_nowhere/Cyborg-Summer-Induction-2026/Task5/install/task_arena/share/task_arena//models/e_camera/model.config
[0.997s] -- Installing: /home/the_wizard_of_nowhere/Cyborg-Summer-Induction-2026/Task5/install/task_arena/share/task_arena//models/e_camera/model.sdf
[0.997s] -- Installing: /home/the_wizard_of_nowhere/Cyborg-Summer-Induction-2026/Task5/install/task_arena/share/task_arena//models/e_camera/meshes
[0.997s] -- Installing: /home/the_wizard_of_nowhere/Cyborg-Summer-Induction-2026/Task5/install/task_arena/share/task_arena//models/e_camera/meshes/17eyantra_logo_large%20e.png
[0.997s] -- Installing: /home/the_wizard_of_nowhere/Cyborg-Summer-Induction-2026/Task5/install/task_arena/share/task_arena//models/e_camera/meshes/camera.dae
[0.997s] -- Installing: /home/the_wizard_of_nowhere/Cyborg-Summer-Induction-2026/Task5/install/task_arena/share/task_arena//config
[0.997s] -- Installing: /home/the_wizard_of_nowhere/Cyborg-Summer-Induction-2026/Task5/install/task_arena/share/task_arena//config/sensor_bridge.yaml
[0.997s] -- Installing: /home/the_wizard_of_nowhere/Cyborg-Summer-Induction-2026/Task5/install/task_arena/share/ament_index/resource_index/package_run_dependencies/task_arena
[0.997s] -- Installing: /home/the_wizard_of_nowhere/Cyborg-Summer-Induction-2026/Task5/install/task_arena/share/ament_index/resource_index/parent_prefix_path/task_arena
[0.997s] -- Installing: /home/the_wizard_of_nowhere/Cyborg-Summer-Induction-2026/Task5/install/task_arena/share/task_arena/environment/ament_prefix_path.sh
[0.997s] -- Installing: /home/the_wizard_of_nowhere/Cyborg-Summer-Induction-2026/Task5/install/task_arena/share/task_arena/environment/ament_prefix_path.dsv
[0.997s] -- Installing: /home/the_wizard_of_nowhere/Cyborg-Summer-Induction-2026/Task5/install/task_arena/share/task_arena/environment/path.sh
[0.998s] -- Installing: /home/the_wizard_of_nowhere/Cyborg-Summer-Induction-2026/Task5/install/task_arena/share/task_arena/environment/path.dsv
[0.998s] -- Installing: /home/the_wizard_of_nowhere/Cyborg-Summer-Induction-2026/Task5/install/task_arena/share/task_arena/local_setup.bash
[0.998s] -- Installing: /home/the_wizard_of_nowhere/Cyborg-Summer-Induction-2026/Task5/install/task_arena/share/task_arena/local_setup.sh
[0.998s] -- Installing: /home/the_wizard_of_nowhere/Cyborg-Summer-Induction-2026/Task5/install/task_arena/share/task_arena/local_setup.zsh
[0.998s] -- Installing: /home/the_wizard_of_nowhere/Cyborg-Summer-Induction-2026/Task5/install/task_arena/share/task_arena/local_setup.dsv
[0.998s] -- Installing: /home/the_wizard_of_nowhere/Cyborg-Summer-Induction-2026/Task5/install/task_arena/share/task_arena/package.dsv
[0.998s] -- Installing: /home/the_wizard_of_nowhere/Cyborg-Summer-Induction-2026/Task5/install/task_arena/share/ament_index/resource_index/packages/task_arena
[0.998s] -- Installing: /home/the_wizard_of_nowhere/Cyborg-Summer-Induction-2026/Task5/install/task_arena/share/task_arena/cmake/task_arenaConfig.cmake
[0.998s] -- Installing: /home/the_wizard_of_nowhere/Cyborg-Summer-Induction-2026/Task5/install/task_arena/share/task_arena/cmake/task_arenaConfig-version.cmake
[0.998s] -- Installing: /home/the_wizard_of_nowhere/Cyborg-Summer-Induction-2026/Task5/install/task_arena/share/task_arena/package.xml
[1.000s] Invoked command in '/home/the_wizard_of_nowhere/Cyborg-Summer-Induction-2026/Task5/build/task_arena' returned '0': CMAKE_PREFIX_PATH=${CMAKE_PREFIX_PATH}:/home/the_wizard_of_nowhere/cyborg_task_3/install/robot_controller:/opt/ros/humble /usr/bin/cmake --install /home/the_wizard_of_nowhere/Cyborg-Summer-Induction-2026/Task5/build/task_arena
