[0.072s] DEBUG:colcon:Command line arguments: ['/usr/bin/colcon', 'build']
[0.073s] DEBUG:colcon:Parsed command line arguments: Namespace(log_base=None, log_level=None, verb_name='build', build_base='build', install_base='install', merge_install=False, symlink_install=False, test_result_base=None, continue_on_error=False, executor='parallel', parallel_workers=12, event_handlers=None, ignore_user_meta=False, metas=['./colcon.meta'], base_paths=['.'], packages_ignore=None, packages_ignore_regex=None, paths=None, packages_up_to=None, packages_up_to_regex=None, packages_above=None, packages_above_and_dependencies=None, packages_above_depth=None, packages_select_by_dep=None, packages_skip_by_dep=None, packages_skip_up_to=None, packages_select_build_failed=False, packages_skip_build_finished=False, packages_select_test_failures=False, packages_skip_test_passed=False, packages_select=None, packages_skip=None, packages_select_regex=None, packages_skip_regex=None, packages_start=None, packages_end=None, allow_overriding=[], cmake_args=None, cmake_target=None, cmake_target_skip_unavailable=False, cmake_clean_cache=False, cmake_clean_first=False, cmake_force_configure=False, ament_cmake_args=None, catkin_cmake_args=None, catkin_skip_building_tests=False, verb_parser=<colcon_defaults.argument_parser.defaults.DefaultArgumentsDecorator object at 0x7adf24d6d4e0>, verb_extension=<colcon_core.verb.build.BuildVerb object at 0x7adf24e52f20>, main=<bound method BuildVerb.main of <colcon_core.verb.build.BuildVerb object at 0x7adf24e52f20>>)
[0.174s] Level 1:colcon.colcon_core.package_discovery:discover_packages(colcon_meta) check parameters
[0.174s] Level 1:colcon.colcon_core.package_discovery:discover_packages(recursive) check parameters
[0.174s] Level 1:colcon.colcon_core.package_discovery:discover_packages(ignore) check parameters
[0.174s] Level 1:colcon.colcon_core.package_discovery:discover_packages(path) check parameters
[0.174s] Level 1:colcon.colcon_core.package_discovery:discover_packages(colcon_meta) discover
[0.174s] Level 1:colcon.colcon_core.package_discovery:discover_packages(recursive) discover
[0.174s] INFO:colcon.colcon_core.package_discovery:Crawling recursively for packages in '/home/the_wizard_of_nowhere/Cyborg-Summer-Induction-2026/Task5'
[0.174s] Level 1:colcon.colcon_core.package_identification:_identify(.) by extensions ['ignore', 'ignore_ament_install']
[0.174s] Level 1:colcon.colcon_core.package_identification:_identify(.) by extension 'ignore'
[0.174s] Level 1:colcon.colcon_core.package_identification:_identify(.) by extension 'ignore_ament_install'
[0.174s] Level 1:colcon.colcon_core.package_identification:_identify(.) by extensions ['colcon_pkg']
[0.174s] Level 1:colcon.colcon_core.package_identification:_identify(.) by extension 'colcon_pkg'
[0.174s] Level 1:colcon.colcon_core.package_identification:_identify(.) by extensions ['colcon_meta']
[0.174s] Level 1:colcon.colcon_core.package_identification:_identify(.) by extension 'colcon_meta'
[0.174s] Level 1:colcon.colcon_core.package_identification:_identify(.) by extensions ['ros']
[0.174s] Level 1:colcon.colcon_core.package_identification:_identify(.) by extension 'ros'
[0.182s] Level 1:colcon.colcon_core.package_identification:_identify(.) by extensions ['cmake', 'python']
[0.182s] Level 1:colcon.colcon_core.package_identification:_identify(.) by extension 'cmake'
[0.182s] Level 1:colcon.colcon_core.package_identification:_identify(.) by extension 'python'
[0.182s] Level 1:colcon.colcon_core.package_identification:_identify(.) by extensions ['python_setup_py']
[0.182s] Level 1:colcon.colcon_core.package_identification:_identify(.) by extension 'python_setup_py'
[0.182s] Level 1:colcon.colcon_core.package_identification:_identify(build) by extensions ['ignore', 'ignore_ament_install']
[0.182s] Level 1:colcon.colcon_core.package_identification:_identify(build) by extension 'ignore'
[0.182s] Level 1:colcon.colcon_core.package_identification:_identify(build) ignored
[0.182s] Level 1:colcon.colcon_core.package_identification:_identify(install) by extensions ['ignore', 'ignore_ament_install']
[0.182s] Level 1:colcon.colcon_core.package_identification:_identify(install) by extension 'ignore'
[0.182s] Level 1:colcon.colcon_core.package_identification:_identify(install) ignored
[0.182s] Level 1:colcon.colcon_core.package_identification:_identify(log) by extensions ['ignore', 'ignore_ament_install']
[0.182s] Level 1:colcon.colcon_core.package_identification:_identify(log) by extension 'ignore'
[0.182s] Level 1:colcon.colcon_core.package_identification:_identify(log) ignored
[0.182s] Level 1:colcon.colcon_core.package_identification:_identify(src) by extensions ['ignore', 'ignore_ament_install']
[0.182s] Level 1:colcon.colcon_core.package_identification:_identify(src) by extension 'ignore'
[0.182s] Level 1:colcon.colcon_core.package_identification:_identify(src) by extension 'ignore_ament_install'
[0.182s] Level 1:colcon.colcon_core.package_identification:_identify(src) by extensions ['colcon_pkg']
[0.182s] Level 1:colcon.colcon_core.package_identification:_identify(src) by extension 'colcon_pkg'
[0.182s] Level 1:colcon.colcon_core.package_identification:_identify(src) by extensions ['colcon_meta']
[0.182s] Level 1:colcon.colcon_core.package_identification:_identify(src) by extension 'colcon_meta'
[0.182s] Level 1:colcon.colcon_core.package_identification:_identify(src) by extensions ['ros']
[0.182s] Level 1:colcon.colcon_core.package_identification:_identify(src) by extension 'ros'
[0.182s] Level 1:colcon.colcon_core.package_identification:_identify(src) by extensions ['cmake', 'python']
[0.182s] Level 1:colcon.colcon_core.package_identification:_identify(src) by extension 'cmake'
[0.182s] Level 1:colcon.colcon_core.package_identification:_identify(src) by extension 'python'
[0.182s] Level 1:colcon.colcon_core.package_identification:_identify(src) by extensions ['python_setup_py']
[0.182s] Level 1:colcon.colcon_core.package_identification:_identify(src) by extension 'python_setup_py'
[0.183s] Level 1:colcon.colcon_core.package_identification:_identify(src/bot_control) by extensions ['ignore', 'ignore_ament_install']
[0.183s] Level 1:colcon.colcon_core.package_identification:_identify(src/bot_control) by extension 'ignore'
[0.183s] Level 1:colcon.colcon_core.package_identification:_identify(src/bot_control) by extension 'ignore_ament_install'
[0.183s] Level 1:colcon.colcon_core.package_identification:_identify(src/bot_control) by extensions ['colcon_pkg']
[0.183s] Level 1:colcon.colcon_core.package_identification:_identify(src/bot_control) by extension 'colcon_pkg'
[0.183s] Level 1:colcon.colcon_core.package_identification:_identify(src/bot_control) by extensions ['colcon_meta']
[0.183s] Level 1:colcon.colcon_core.package_identification:_identify(src/bot_control) by extension 'colcon_meta'
[0.183s] Level 1:colcon.colcon_core.package_identification:_identify(src/bot_control) by extensions ['ros']
[0.183s] Level 1:colcon.colcon_core.package_identification:_identify(src/bot_control) by extension 'ros'
[0.184s] DEBUG:colcon.colcon_core.package_identification:Package 'src/bot_control' with type 'ros.ament_python' and name 'bot_control'
[0.185s] Level 1:colcon.colcon_core.package_identification:_identify(src/mini_bot) by extensions ['ignore', 'ignore_ament_install']
[0.185s] Level 1:colcon.colcon_core.package_identification:_identify(src/mini_bot) by extension 'ignore'
[0.185s] Level 1:colcon.colcon_core.package_identification:_identify(src/mini_bot) by extension 'ignore_ament_install'
[0.185s] Level 1:colcon.colcon_core.package_identification:_identify(src/mini_bot) by extensions ['colcon_pkg']
[0.185s] Level 1:colcon.colcon_core.package_identification:_identify(src/mini_bot) by extension 'colcon_pkg'
[0.185s] Level 1:colcon.colcon_core.package_identification:_identify(src/mini_bot) by extensions ['colcon_meta']
[0.185s] Level 1:colcon.colcon_core.package_identification:_identify(src/mini_bot) by extension 'colcon_meta'
[0.185s] Level 1:colcon.colcon_core.package_identification:_identify(src/mini_bot) by extensions ['ros']
[0.185s] Level 1:colcon.colcon_core.package_identification:_identify(src/mini_bot) by extension 'ros'
[0.185s] DEBUG:colcon.colcon_core.package_identification:Package 'src/mini_bot' with type 'ros.ament_cmake' and name 'mini_bot'
[0.185s] Level 1:colcon.colcon_core.package_identification:_identify(src/task_arena) by extensions ['ignore', 'ignore_ament_install']
[0.185s] Level 1:colcon.colcon_core.package_identification:_identify(src/task_arena) by extension 'ignore'
[0.185s] Level 1:colcon.colcon_core.package_identification:_identify(src/task_arena) by extension 'ignore_ament_install'
[0.185s] Level 1:colcon.colcon_core.package_identification:_identify(src/task_arena) by extensions ['colcon_pkg']
[0.185s] Level 1:colcon.colcon_core.package_identification:_identify(src/task_arena) by extension 'colcon_pkg'
[0.185s] Level 1:colcon.colcon_core.package_identification:_identify(src/task_arena) by extensions ['colcon_meta']
[0.185s] Level 1:colcon.colcon_core.package_identification:_identify(src/task_arena) by extension 'colcon_meta'
[0.186s] Level 1:colcon.colcon_core.package_identification:_identify(src/task_arena) by extensions ['ros']
[0.186s] Level 1:colcon.colcon_core.package_identification:_identify(src/task_arena) by extension 'ros'
[0.186s] DEBUG:colcon.colcon_core.package_identification:Package 'src/task_arena' with type 'ros.ament_cmake' and name 'task_arena'
[0.186s] Level 1:colcon.colcon_core.package_discovery:discover_packages(recursive) using defaults
[0.186s] Level 1:colcon.colcon_core.package_discovery:discover_packages(ignore) discover
[0.186s] Level 1:colcon.colcon_core.package_discovery:discover_packages(ignore) using defaults
[0.186s] Level 1:colcon.colcon_core.package_discovery:discover_packages(path) discover
[0.186s] Level 1:colcon.colcon_core.package_discovery:discover_packages(path) using defaults
[0.207s] Level 1:colcon.colcon_core.package_discovery:discover_packages(prefix_path) check parameters
[0.207s] Level 1:colcon.colcon_core.package_discovery:discover_packages(prefix_path) discover
[0.208s] DEBUG:colcon.colcon_installed_package_information.package_discovery:Found 1 installed packages in /home/the_wizard_of_nowhere/cyborg_task_3/install
[0.208s] DEBUG:colcon.colcon_installed_package_information.package_discovery:Found 1 installed packages in /home/the_wizard_of_nowhere/Cyborg-Summer-Induction-2026/Task3/install
[0.209s] DEBUG:colcon.colcon_installed_package_information.package_discovery:Found 290 installed packages in /opt/ros/humble
[0.210s] Level 1:colcon.colcon_core.package_discovery:discover_packages(prefix_path) using defaults
[0.232s] Level 5:colcon.colcon_core.verb:set package 'bot_control' build argument 'cmake_args' from command line to 'None'
[0.232s] Level 5:colcon.colcon_core.verb:set package 'bot_control' build argument 'cmake_target' from command line to 'None'
[0.232s] Level 5:colcon.colcon_core.verb:set package 'bot_control' build argument 'cmake_target_skip_unavailable' from command line to 'False'
[0.232s] Level 5:colcon.colcon_core.verb:set package 'bot_control' build argument 'cmake_clean_cache' from command line to 'False'
[0.232s] Level 5:colcon.colcon_core.verb:set package 'bot_control' build argument 'cmake_clean_first' from command line to 'False'
[0.232s] Level 5:colcon.colcon_core.verb:set package 'bot_control' build argument 'cmake_force_configure' from command line to 'False'
[0.232s] Level 5:colcon.colcon_core.verb:set package 'bot_control' build argument 'ament_cmake_args' from command line to 'None'
[0.232s] Level 5:colcon.colcon_core.verb:set package 'bot_control' build argument 'catkin_cmake_args' from command line to 'None'
[0.232s] Level 5:colcon.colcon_core.verb:set package 'bot_control' build argument 'catkin_skip_building_tests' from command line to 'False'
[0.232s] DEBUG:colcon.colcon_core.verb:Building package 'bot_control' with the following arguments: {'ament_cmake_args': None, 'build_base': '/home/the_wizard_of_nowhere/Cyborg-Summer-Induction-2026/Task5/build/bot_control', 'catkin_cmake_args': None, 'catkin_skip_building_tests': False, 'cmake_args': None, 'cmake_clean_cache': False, 'cmake_clean_first': False, 'cmake_force_configure': False, 'cmake_target': None, 'cmake_target_skip_unavailable': False, 'install_base': '/home/the_wizard_of_nowhere/Cyborg-Summer-Induction-2026/Task5/install/bot_control', 'merge_install': False, 'path': '/home/the_wizard_of_nowhere/Cyborg-Summer-Induction-2026/Task5/src/bot_control', 'symlink_install': False, 'test_result_base': None}
[0.232s] Level 5:colcon.colcon_core.verb:set package 'mini_bot' build argument 'cmake_args' from command line to 'None'
[0.232s] Level 5:colcon.colcon_core.verb:set package 'mini_bot' build argument 'cmake_target' from command line to 'None'
[0.232s] Level 5:colcon.colcon_core.verb:set package 'mini_bot' build argument 'cmake_target_skip_unavailable' from command line to 'False'
[0.232s] Level 5:colcon.colcon_core.verb:set package 'mini_bot' build argument 'cmake_clean_cache' from command line to 'False'
[0.232s] Level 5:colcon.colcon_core.verb:set package 'mini_bot' build argument 'cmake_clean_first' from command line to 'False'
[0.232s] Level 5:colcon.colcon_core.verb:set package 'mini_bot' build argument 'cmake_force_configure' from command line to 'False'
[0.232s] Level 5:colcon.colcon_core.verb:set package 'mini_bot' build argument 'ament_cmake_args' from command line to 'None'
[0.232s] Level 5:colcon.colcon_core.verb:set package 'mini_bot' build argument 'catkin_cmake_args' from command line to 'None'
[0.232s] Level 5:colcon.colcon_core.verb:set package 'mini_bot' build argument 'catkin_skip_building_tests' from command line to 'False'
[0.232s] DEBUG:colcon.colcon_core.verb:Building package 'mini_bot' with the following arguments: {'ament_cmake_args': None, 'build_base': '/home/the_wizard_of_nowhere/Cyborg-Summer-Induction-2026/Task5/build/mini_bot', 'catkin_cmake_args': None, 'catkin_skip_building_tests': False, 'cmake_args': None, 'cmake_clean_cache': False, 'cmake_clean_first': False, 'cmake_force_configure': False, 'cmake_target': None, 'cmake_target_skip_unavailable': False, 'install_base': '/home/the_wizard_of_nowhere/Cyborg-Summer-Induction-2026/Task5/install/mini_bot', 'merge_install': False, 'path': '/home/the_wizard_of_nowhere/Cyborg-Summer-Induction-2026/Task5/src/mini_bot', 'symlink_install': False, 'test_result_base': None}
[0.232s] Level 5:colcon.colcon_core.verb:set package 'task_arena' build argument 'cmake_args' from command line to 'None'
[0.232s] Level 5:colcon.colcon_core.verb:set package 'task_arena' build argument 'cmake_target' from command line to 'None'
[0.232s] Level 5:colcon.colcon_core.verb:set package 'task_arena' build argument 'cmake_target_skip_unavailable' from command line to 'False'
[0.232s] Level 5:colcon.colcon_core.verb:set package 'task_arena' build argument 'cmake_clean_cache' from command line to 'False'
[0.232s] Level 5:colcon.colcon_core.verb:set package 'task_arena' build argument 'cmake_clean_first' from command line to 'False'
[0.232s] Level 5:colcon.colcon_core.verb:set package 'task_arena' build argument 'cmake_force_configure' from command line to 'False'
[0.232s] Level 5:colcon.colcon_core.verb:set package 'task_arena' build argument 'ament_cmake_args' from command line to 'None'
[0.232s] Level 5:colcon.colcon_core.verb:set package 'task_arena' build argument 'catkin_cmake_args' from command line to 'None'
[0.232s] Level 5:colcon.colcon_core.verb:set package 'task_arena' build argument 'catkin_skip_building_tests' from command line to 'False'
[0.232s] DEBUG:colcon.colcon_core.verb:Building package 'task_arena' with the following arguments: {'ament_cmake_args': None, 'build_base': '/home/the_wizard_of_nowhere/Cyborg-Summer-Induction-2026/Task5/build/task_arena', 'catkin_cmake_args': None, 'catkin_skip_building_tests': False, 'cmake_args': None, 'cmake_clean_cache': False, 'cmake_clean_first': False, 'cmake_force_configure': False, 'cmake_target': None, 'cmake_target_skip_unavailable': False, 'install_base': '/home/the_wizard_of_nowhere/Cyborg-Summer-Induction-2026/Task5/install/task_arena', 'merge_install': False, 'path': '/home/the_wizard_of_nowhere/Cyborg-Summer-Induction-2026/Task5/src/task_arena', 'symlink_install': False, 'test_result_base': None}
[0.232s] INFO:colcon.colcon_core.executor:Executing jobs using 'parallel' executor
[0.233s] DEBUG:colcon.colcon_parallel_executor.executor.parallel:run_until_complete
[0.233s] INFO:colcon.colcon_ros.task.ament_python.build:Building ROS package in '/home/the_wizard_of_nowhere/Cyborg-Summer-Induction-2026/Task5/src/bot_control' with build type 'ament_python'
[0.233s] Level 1:colcon.colcon_core.shell:create_environment_hook('bot_control', 'ament_prefix_path')
[0.235s] INFO:colcon.colcon_core.plugin_system:Skipping extension 'colcon_core.shell.bat': Not used on non-Windows systems
[0.235s] INFO:colcon.colcon_core.shell:Creating environment hook '/home/the_wizard_of_nowhere/Cyborg-Summer-Induction-2026/Task5/install/bot_control/share/bot_control/hook/ament_prefix_path.ps1'
[0.235s] INFO:colcon.colcon_core.shell:Creating environment descriptor '/home/the_wizard_of_nowhere/Cyborg-Summer-Induction-2026/Task5/install/bot_control/share/bot_control/hook/ament_prefix_path.dsv'
[0.235s] INFO:colcon.colcon_core.shell:Creating environment hook '/home/the_wizard_of_nowhere/Cyborg-Summer-Induction-2026/Task5/install/bot_control/share/bot_control/hook/ament_prefix_path.sh'
[0.236s] INFO:colcon.colcon_core.shell:Skip shell extension 'powershell' for command environment: Not usable outside of PowerShell
[0.236s] DEBUG:colcon.colcon_core.shell:Skip shell extension 'dsv' for command environment
[0.238s] INFO:colcon.colcon_ros.task.ament_cmake.build:Building ROS package in '/home/the_wizard_of_nowhere/Cyborg-Summer-Induction-2026/Task5/src/mini_bot' with build type 'ament_cmake'
[0.238s] INFO:colcon.colcon_cmake.task.cmake.build:Building CMake package in '/home/the_wizard_of_nowhere/Cyborg-Summer-Induction-2026/Task5/src/mini_bot'
[0.238s] INFO:colcon.colcon_core.shell:Skip shell extension 'powershell' for command environment: Not usable outside of PowerShell
[0.238s] DEBUG:colcon.colcon_core.shell:Skip shell extension 'dsv' for command environment
[0.240s] INFO:colcon.colcon_ros.task.ament_cmake.build:Building ROS package in '/home/the_wizard_of_nowhere/Cyborg-Summer-Induction-2026/Task5/src/task_arena' with build type 'ament_cmake'
[0.240s] INFO:colcon.colcon_cmake.task.cmake.build:Building CMake package in '/home/the_wizard_of_nowhere/Cyborg-Summer-Induction-2026/Task5/src/task_arena'
[0.240s] INFO:colcon.colcon_core.shell:Skip shell extension 'powershell' for command environment: Not usable outside of PowerShell
[0.240s] DEBUG:colcon.colcon_core.shell:Skip shell extension 'dsv' for command environment
[0.404s] INFO:colcon.colcon_core.task.python.build:Building Python package in '/home/the_wizard_of_nowhere/Cyborg-Summer-Induction-2026/Task5/src/bot_control'
[0.404s] INFO:colcon.colcon_core.shell:Skip shell extension 'powershell' for command environment: Not usable outside of PowerShell
[0.404s] DEBUG:colcon.colcon_core.shell:Skip shell extension 'dsv' for command environment
[0.409s] DEBUG:colcon.colcon_core.event_handler.log_command:Invoking command in '/home/the_wizard_of_nowhere/Cyborg-Summer-Induction-2026/Task5/build/mini_bot': CMAKE_PREFIX_PATH=${CMAKE_PREFIX_PATH}:/home/the_wizard_of_nowhere/cyborg_task_3/install/robot_controller:/opt/ros/humble /usr/bin/cmake /home/the_wizard_of_nowhere/Cyborg-Summer-Induction-2026/Task5/src/mini_bot -DCMAKE_INSTALL_PREFIX=/home/the_wizard_of_nowhere/Cyborg-Summer-Induction-2026/Task5/install/mini_bot
[0.411s] DEBUG:colcon.colcon_core.event_handler.log_command:Invoking command in '/home/the_wizard_of_nowhere/Cyborg-Summer-Induction-2026/Task5/build/task_arena': CMAKE_PREFIX_PATH=${CMAKE_PREFIX_PATH}:/home/the_wizard_of_nowhere/cyborg_task_3/install/robot_controller:/opt/ros/humble /usr/bin/cmake /home/the_wizard_of_nowhere/Cyborg-Summer-Induction-2026/Task5/src/task_arena -DCMAKE_INSTALL_PREFIX=/home/the_wizard_of_nowhere/Cyborg-Summer-Induction-2026/Task5/install/task_arena
[0.752s] DEBUG:colcon.colcon_core.event_handler.log_command:Invoking command in '/home/the_wizard_of_nowhere/Cyborg-Summer-Induction-2026/Task5/src/bot_control': PYTHONPATH=/home/the_wizard_of_nowhere/Cyborg-Summer-Induction-2026/Task5/build/bot_control/prefix_override:/usr/lib/python3/dist-packages/colcon_core/task/python/colcon_distutils_commands:/home/the_wizard_of_nowhere/Cyborg-Summer-Induction-2026/Task5/install/bot_control/lib/python3.10/site-packages:${PYTHONPATH} /usr/bin/python3 -W ignore:setup.py install is deprecated -W ignore:easy_install command is deprecated setup.py egg_info --egg-base ../../build/bot_control build --build-base /home/the_wizard_of_nowhere/Cyborg-Summer-Induction-2026/Task5/build/bot_control/build install --record /home/the_wizard_of_nowhere/Cyborg-Summer-Induction-2026/Task5/build/bot_control/install.log --single-version-externally-managed install_data
[0.953s] DEBUG:colcon.colcon_core.event_handler.log_command:Invoked command in '/home/the_wizard_of_nowhere/Cyborg-Summer-Induction-2026/Task5/src/bot_control' returned '0': PYTHONPATH=/home/the_wizard_of_nowhere/Cyborg-Summer-Induction-2026/Task5/build/bot_control/prefix_override:/usr/lib/python3/dist-packages/colcon_core/task/python/colcon_distutils_commands:/home/the_wizard_of_nowhere/Cyborg-Summer-Induction-2026/Task5/install/bot_control/lib/python3.10/site-packages:${PYTHONPATH} /usr/bin/python3 -W ignore:setup.py install is deprecated -W ignore:easy_install command is deprecated setup.py egg_info --egg-base ../../build/bot_control build --build-base /home/the_wizard_of_nowhere/Cyborg-Summer-Induction-2026/Task5/build/bot_control/build install --record /home/the_wizard_of_nowhere/Cyborg-Summer-Induction-2026/Task5/build/bot_control/install.log --single-version-externally-managed install_data
[0.955s] Level 1:colcon.colcon_core.environment:checking '/home/the_wizard_of_nowhere/Cyborg-Summer-Induction-2026/Task5/install/bot_control' for CMake module files
[0.955s] Level 1:colcon.colcon_core.environment:checking '/home/the_wizard_of_nowhere/Cyborg-Summer-Induction-2026/Task5/install/bot_control' for CMake config files
[0.955s] Level 1:colcon.colcon_core.environment:checking '/home/the_wizard_of_nowhere/Cyborg-Summer-Induction-2026/Task5/install/bot_control/lib'
[0.955s] Level 1:colcon.colcon_core.environment:checking '/home/the_wizard_of_nowhere/Cyborg-Summer-Induction-2026/Task5/install/bot_control/bin'
[0.955s] Level 1:colcon.colcon_core.environment:checking '/home/the_wizard_of_nowhere/Cyborg-Summer-Induction-2026/Task5/install/bot_control/lib/pkgconfig/bot_control.pc'
[0.956s] Level 1:colcon.colcon_core.environment:checking '/home/the_wizard_of_nowhere/Cyborg-Summer-Induction-2026/Task5/install/bot_control/lib/python3.10/site-packages'
[0.956s] Level 1:colcon.colcon_core.shell:create_environment_hook('bot_control', 'pythonpath')
[0.956s] INFO:colcon.colcon_core.shell:Creating environment hook '/home/the_wizard_of_nowhere/Cyborg-Summer-Induction-2026/Task5/install/bot_control/share/bot_control/hook/pythonpath.ps1'
[0.956s] INFO:colcon.colcon_core.shell:Creating environment descriptor '/home/the_wizard_of_nowhere/Cyborg-Summer-Induction-2026/Task5/install/bot_control/share/bot_control/hook/pythonpath.dsv'
[0.956s] INFO:colcon.colcon_core.shell:Creating environment hook '/home/the_wizard_of_nowhere/Cyborg-Summer-Induction-2026/Task5/install/bot_control/share/bot_control/hook/pythonpath.sh'
[0.957s] Level 1:colcon.colcon_core.environment:checking '/home/the_wizard_of_nowhere/Cyborg-Summer-Induction-2026/Task5/install/bot_control/bin'
[0.957s] Level 1:colcon.colcon_core.environment:create_environment_scripts_only(bot_control)
[0.957s] INFO:colcon.colcon_core.shell:Creating package script '/home/the_wizard_of_nowhere/Cyborg-Summer-Induction-2026/Task5/install/bot_control/share/bot_control/package.ps1'
[0.958s] INFO:colcon.colcon_core.shell:Creating package descriptor '/home/the_wizard_of_nowhere/Cyborg-Summer-Induction-2026/Task5/install/bot_control/share/bot_control/package.dsv'
[0.958s] INFO:colcon.colcon_core.shell:Creating package script '/home/the_wizard_of_nowhere/Cyborg-Summer-Induction-2026/Task5/install/bot_control/share/bot_control/package.sh'
[0.959s] INFO:colcon.colcon_core.shell:Creating package script '/home/the_wizard_of_nowhere/Cyborg-Summer-Induction-2026/Task5/install/bot_control/share/bot_control/package.bash'
[0.959s] INFO:colcon.colcon_core.shell:Creating package script '/home/the_wizard_of_nowhere/Cyborg-Summer-Induction-2026/Task5/install/bot_control/share/bot_control/package.zsh'
[0.960s] Level 1:colcon.colcon_core.environment:create_file_with_runtime_dependencies(/home/the_wizard_of_nowhere/Cyborg-Summer-Induction-2026/Task5/install/bot_control/share/colcon-core/packages/bot_control)
[1.195s] DEBUG:colcon.colcon_core.event_handler.log_command:Invoked command in '/home/the_wizard_of_nowhere/Cyborg-Summer-Induction-2026/Task5/build/mini_bot' returned '0': CMAKE_PREFIX_PATH=${CMAKE_PREFIX_PATH}:/home/the_wizard_of_nowhere/cyborg_task_3/install/robot_controller:/opt/ros/humble /usr/bin/cmake /home/the_wizard_of_nowhere/Cyborg-Summer-Induction-2026/Task5/src/mini_bot -DCMAKE_INSTALL_PREFIX=/home/the_wizard_of_nowhere/Cyborg-Summer-Induction-2026/Task5/install/mini_bot
[1.197s] DEBUG:colcon.colcon_core.event_handler.log_command:Invoking command in '/home/the_wizard_of_nowhere/Cyborg-Summer-Induction-2026/Task5/build/mini_bot': CMAKE_PREFIX_PATH=${CMAKE_PREFIX_PATH}:/home/the_wizard_of_nowhere/cyborg_task_3/install/robot_controller:/opt/ros/humble /usr/bin/cmake --build /home/the_wizard_of_nowhere/Cyborg-Summer-Induction-2026/Task5/build/mini_bot -- -j12 -l12
[1.198s] DEBUG:colcon.colcon_core.event_handler.log_command:Invoked command in '/home/the_wizard_of_nowhere/Cyborg-Summer-Induction-2026/Task5/build/task_arena' returned '0': CMAKE_PREFIX_PATH=${CMAKE_PREFIX_PATH}:/home/the_wizard_of_nowhere/cyborg_task_3/install/robot_controller:/opt/ros/humble /usr/bin/cmake /home/the_wizard_of_nowhere/Cyborg-Summer-Induction-2026/Task5/src/task_arena -DCMAKE_INSTALL_PREFIX=/home/the_wizard_of_nowhere/Cyborg-Summer-Induction-2026/Task5/install/task_arena
[1.198s] DEBUG:colcon.colcon_core.event_handler.log_command:Invoking command in '/home/the_wizard_of_nowhere/Cyborg-Summer-Induction-2026/Task5/build/task_arena': CMAKE_PREFIX_PATH=${CMAKE_PREFIX_PATH}:/home/the_wizard_of_nowhere/cyborg_task_3/install/robot_controller:/opt/ros/humble /usr/bin/cmake --build /home/the_wizard_of_nowhere/Cyborg-Summer-Induction-2026/Task5/build/task_arena -- -j12 -l12
[1.223s] DEBUG:colcon.colcon_core.event_handler.log_command:Invoked command in '/home/the_wizard_of_nowhere/Cyborg-Summer-Induction-2026/Task5/build/mini_bot' returned '0': CMAKE_PREFIX_PATH=${CMAKE_PREFIX_PATH}:/home/the_wizard_of_nowhere/cyborg_task_3/install/robot_controller:/opt/ros/humble /usr/bin/cmake --build /home/the_wizard_of_nowhere/Cyborg-Summer-Induction-2026/Task5/build/mini_bot -- -j12 -l12
[1.230s] DEBUG:colcon.colcon_core.event_handler.log_command:Invoking command in '/home/the_wizard_of_nowhere/Cyborg-Summer-Induction-2026/Task5/build/mini_bot': CMAKE_PREFIX_PATH=${CMAKE_PREFIX_PATH}:/home/the_wizard_of_nowhere/cyborg_task_3/install/robot_controller:/opt/ros/humble /usr/bin/cmake --install /home/the_wizard_of_nowhere/Cyborg-Summer-Induction-2026/Task5/build/mini_bot
[1.231s] DEBUG:colcon.colcon_core.event_handler.log_command:Invoked command in '/home/the_wizard_of_nowhere/Cyborg-Summer-Induction-2026/Task5/build/task_arena' returned '0': CMAKE_PREFIX_PATH=${CMAKE_PREFIX_PATH}:/home/the_wizard_of_nowhere/cyborg_task_3/install/robot_controller:/opt/ros/humble /usr/bin/cmake --build /home/the_wizard_of_nowhere/Cyborg-Summer-Induction-2026/Task5/build/task_arena -- -j12 -l12
[1.232s] DEBUG:colcon.colcon_core.event_handler.log_command:Invoking command in '/home/the_wizard_of_nowhere/Cyborg-Summer-Induction-2026/Task5/build/task_arena': CMAKE_PREFIX_PATH=${CMAKE_PREFIX_PATH}:/home/the_wizard_of_nowhere/cyborg_task_3/install/robot_controller:/opt/ros/humble /usr/bin/cmake --install /home/the_wizard_of_nowhere/Cyborg-Summer-Induction-2026/Task5/build/task_arena
[1.240s] Level 1:colcon.colcon_core.environment:create_environment_scripts_only(task_arena)
[1.240s] Level 1:colcon.colcon_core.environment:checking '/home/the_wizard_of_nowhere/Cyborg-Summer-Induction-2026/Task5/install/task_arena' for CMake module files
[1.240s] DEBUG:colcon.colcon_core.event_handler.log_command:Invoked command in '/home/the_wizard_of_nowhere/Cyborg-Summer-Induction-2026/Task5/build/task_arena' returned '0': CMAKE_PREFIX_PATH=${CMAKE_PREFIX_PATH}:/home/the_wizard_of_nowhere/cyborg_task_3/install/robot_controller:/opt/ros/humble /usr/bin/cmake --install /home/the_wizard_of_nowhere/Cyborg-Summer-Induction-2026/Task5/build/task_arena
[1.241s] Level 1:colcon.colcon_core.environment:checking '/home/the_wizard_of_nowhere/Cyborg-Summer-Induction-2026/Task5/install/task_arena' for CMake config files
[1.242s] Level 1:colcon.colcon_core.shell:create_environment_hook('task_arena', 'cmake_prefix_path')
[1.242s] INFO:colcon.colcon_core.shell:Creating environment hook '/home/the_wizard_of_nowhere/Cyborg-Summer-Induction-2026/Task5/install/task_arena/share/task_arena/hook/cmake_prefix_path.ps1'
[1.242s] INFO:colcon.colcon_core.shell:Creating environment descriptor '/home/the_wizard_of_nowhere/Cyborg-Summer-Induction-2026/Task5/install/task_arena/share/task_arena/hook/cmake_prefix_path.dsv'
[1.242s] INFO:colcon.colcon_core.shell:Creating environment hook '/home/the_wizard_of_nowhere/Cyborg-Summer-Induction-2026/Task5/install/task_arena/share/task_arena/hook/cmake_prefix_path.sh'
[1.243s] Level 1:colcon.colcon_core.environment:checking '/home/the_wizard_of_nowhere/Cyborg-Summer-Induction-2026/Task5/install/task_arena/bin'
[1.243s] Level 1:colcon.colcon_core.environment:checking '/home/the_wizard_of_nowhere/Cyborg-Summer-Induction-2026/Task5/install/task_arena/lib/pkgconfig/task_arena.pc'
[1.243s] Level 1:colcon.colcon_core.environment:checking '/home/the_wizard_of_nowhere/Cyborg-Summer-Induction-2026/Task5/install/task_arena/lib/python3.10/site-packages'
[1.243s] Level 1:colcon.colcon_core.environment:checking '/home/the_wizard_of_nowhere/Cyborg-Summer-Induction-2026/Task5/install/task_arena/bin'
[1.243s] INFO:colcon.colcon_core.shell:Creating package script '/home/the_wizard_of_nowhere/Cyborg-Summer-Induction-2026/Task5/install/task_arena/share/task_arena/package.ps1'
[1.244s] INFO:colcon.colcon_core.shell:Creating package descriptor '/home/the_wizard_of_nowhere/Cyborg-Summer-Induction-2026/Task5/install/task_arena/share/task_arena/package.dsv'
[1.244s] INFO:colcon.colcon_core.shell:Creating package script '/home/the_wizard_of_nowhere/Cyborg-Summer-Induction-2026/Task5/install/task_arena/share/task_arena/package.sh'
[1.244s] INFO:colcon.colcon_core.shell:Creating package script '/home/the_wizard_of_nowhere/Cyborg-Summer-Induction-2026/Task5/install/task_arena/share/task_arena/package.bash'
[1.244s] INFO:colcon.colcon_core.shell:Creating package script '/home/the_wizard_of_nowhere/Cyborg-Summer-Induction-2026/Task5/install/task_arena/share/task_arena/package.zsh'
[1.244s] Level 1:colcon.colcon_core.environment:create_file_with_runtime_dependencies(/home/the_wizard_of_nowhere/Cyborg-Summer-Induction-2026/Task5/install/task_arena/share/colcon-core/packages/task_arena)
[1.245s] Level 1:colcon.colcon_core.environment:create_environment_scripts_only(task_arena)
[1.245s] Level 1:colcon.colcon_core.environment:checking '/home/the_wizard_of_nowhere/Cyborg-Summer-Induction-2026/Task5/install/task_arena' for CMake module files
[1.245s] Level 1:colcon.colcon_core.environment:checking '/home/the_wizard_of_nowhere/Cyborg-Summer-Induction-2026/Task5/install/task_arena' for CMake config files
[1.245s] Level 1:colcon.colcon_core.shell:create_environment_hook('task_arena', 'cmake_prefix_path')
[1.245s] INFO:colcon.colcon_core.shell:Creating environment hook '/home/the_wizard_of_nowhere/Cyborg-Summer-Induction-2026/Task5/install/task_arena/share/task_arena/hook/cmake_prefix_path.ps1'
[1.246s] INFO:colcon.colcon_core.shell:Creating environment descriptor '/home/the_wizard_of_nowhere/Cyborg-Summer-Induction-2026/Task5/install/task_arena/share/task_arena/hook/cmake_prefix_path.dsv'
[1.246s] INFO:colcon.colcon_core.shell:Creating environment hook '/home/the_wizard_of_nowhere/Cyborg-Summer-Induction-2026/Task5/install/task_arena/share/task_arena/hook/cmake_prefix_path.sh'
[1.246s] Level 1:colcon.colcon_core.environment:checking '/home/the_wizard_of_nowhere/Cyborg-Summer-Induction-2026/Task5/install/task_arena/bin'
[1.246s] Level 1:colcon.colcon_core.environment:checking '/home/the_wizard_of_nowhere/Cyborg-Summer-Induction-2026/Task5/install/task_arena/lib/pkgconfig/task_arena.pc'
[1.246s] Level 1:colcon.colcon_core.environment:checking '/home/the_wizard_of_nowhere/Cyborg-Summer-Induction-2026/Task5/install/task_arena/lib/python3.10/site-packages'
[1.247s] Level 1:colcon.colcon_core.environment:checking '/home/the_wizard_of_nowhere/Cyborg-Summer-Induction-2026/Task5/install/task_arena/bin'
[1.247s] INFO:colcon.colcon_core.shell:Creating package script '/home/the_wizard_of_nowhere/Cyborg-Summer-Induction-2026/Task5/install/task_arena/share/task_arena/package.ps1'
[1.247s] INFO:colcon.colcon_core.shell:Creating package descriptor '/home/the_wizard_of_nowhere/Cyborg-Summer-Induction-2026/Task5/install/task_arena/share/task_arena/package.dsv'
[1.247s] INFO:colcon.colcon_core.shell:Creating package script '/home/the_wizard_of_nowhere/Cyborg-Summer-Induction-2026/Task5/install/task_arena/share/task_arena/package.sh'
[1.248s] INFO:colcon.colcon_core.shell:Creating package script '/home/the_wizard_of_nowhere/Cyborg-Summer-Induction-2026/Task5/install/task_arena/share/task_arena/package.bash'
[1.248s] INFO:colcon.colcon_core.shell:Creating package script '/home/the_wizard_of_nowhere/Cyborg-Summer-Induction-2026/Task5/install/task_arena/share/task_arena/package.zsh'
[1.248s] Level 1:colcon.colcon_core.environment:create_file_with_runtime_dependencies(/home/the_wizard_of_nowhere/Cyborg-Summer-Induction-2026/Task5/install/task_arena/share/colcon-core/packages/task_arena)
[1.249s] Level 1:colcon.colcon_core.environment:create_environment_scripts_only(mini_bot)
[1.249s] Level 1:colcon.colcon_core.environment:checking '/home/the_wizard_of_nowhere/Cyborg-Summer-Induction-2026/Task5/install/mini_bot' for CMake module files
[1.249s] DEBUG:colcon.colcon_core.event_handler.log_command:Invoked command in '/home/the_wizard_of_nowhere/Cyborg-Summer-Induction-2026/Task5/build/mini_bot' returned '0': CMAKE_PREFIX_PATH=${CMAKE_PREFIX_PATH}:/home/the_wizard_of_nowhere/cyborg_task_3/install/robot_controller:/opt/ros/humble /usr/bin/cmake --install /home/the_wizard_of_nowhere/Cyborg-Summer-Induction-2026/Task5/build/mini_bot
[1.249s] Level 1:colcon.colcon_core.environment:checking '/home/the_wizard_of_nowhere/Cyborg-Summer-Induction-2026/Task5/install/mini_bot' for CMake config files
[1.249s] Level 1:colcon.colcon_core.shell:create_environment_hook('mini_bot', 'cmake_prefix_path')
[1.250s] INFO:colcon.colcon_core.shell:Creating environment hook '/home/the_wizard_of_nowhere/Cyborg-Summer-Induction-2026/Task5/install/mini_bot/share/mini_bot/hook/cmake_prefix_path.ps1'
[1.250s] INFO:colcon.colcon_core.shell:Creating environment descriptor '/home/the_wizard_of_nowhere/Cyborg-Summer-Induction-2026/Task5/install/mini_bot/share/mini_bot/hook/cmake_prefix_path.dsv'
[1.250s] INFO:colcon.colcon_core.shell:Creating environment hook '/home/the_wizard_of_nowhere/Cyborg-Summer-Induction-2026/Task5/install/mini_bot/share/mini_bot/hook/cmake_prefix_path.sh'
[1.250s] Level 1:colcon.colcon_core.environment:checking '/home/the_wizard_of_nowhere/Cyborg-Summer-Induction-2026/Task5/install/mini_bot/bin'
[1.250s] Level 1:colcon.colcon_core.environment:checking '/home/the_wizard_of_nowhere/Cyborg-Summer-Induction-2026/Task5/install/mini_bot/lib/pkgconfig/mini_bot.pc'
[1.250s] Level 1:colcon.colcon_core.environment:checking '/home/the_wizard_of_nowhere/Cyborg-Summer-Induction-2026/Task5/install/mini_bot/lib/python3.10/site-packages'
[1.251s] Level 1:colcon.colcon_core.environment:checking '/home/the_wizard_of_nowhere/Cyborg-Summer-Induction-2026/Task5/install/mini_bot/bin'
[1.251s] INFO:colcon.colcon_core.shell:Creating package script '/home/the_wizard_of_nowhere/Cyborg-Summer-Induction-2026/Task5/install/mini_bot/share/mini_bot/package.ps1'
[1.251s] INFO:colcon.colcon_core.shell:Creating package descriptor '/home/the_wizard_of_nowhere/Cyborg-Summer-Induction-2026/Task5/install/mini_bot/share/mini_bot/package.dsv'
[1.251s] INFO:colcon.colcon_core.shell:Creating package script '/home/the_wizard_of_nowhere/Cyborg-Summer-Induction-2026/Task5/install/mini_bot/share/mini_bot/package.sh'
[1.252s] INFO:colcon.colcon_core.shell:Creating package script '/home/the_wizard_of_nowhere/Cyborg-Summer-Induction-2026/Task5/install/mini_bot/share/mini_bot/package.bash'
[1.252s] INFO:colcon.colcon_core.shell:Creating package script '/home/the_wizard_of_nowhere/Cyborg-Summer-Induction-2026/Task5/install/mini_bot/share/mini_bot/package.zsh'
[1.252s] Level 1:colcon.colcon_core.environment:create_file_with_runtime_dependencies(/home/the_wizard_of_nowhere/Cyborg-Summer-Induction-2026/Task5/install/mini_bot/share/colcon-core/packages/mini_bot)
[1.252s] Level 1:colcon.colcon_core.environment:create_environment_scripts_only(mini_bot)
[1.252s] Level 1:colcon.colcon_core.environment:checking '/home/the_wizard_of_nowhere/Cyborg-Summer-Induction-2026/Task5/install/mini_bot' for CMake module files
[1.253s] Level 1:colcon.colcon_core.environment:checking '/home/the_wizard_of_nowhere/Cyborg-Summer-Induction-2026/Task5/install/mini_bot' for CMake config files
[1.253s] Level 1:colcon.colcon_core.shell:create_environment_hook('mini_bot', 'cmake_prefix_path')
[1.253s] INFO:colcon.colcon_core.shell:Creating environment hook '/home/the_wizard_of_nowhere/Cyborg-Summer-Induction-2026/Task5/install/mini_bot/share/mini_bot/hook/cmake_prefix_path.ps1'
[1.253s] INFO:colcon.colcon_core.shell:Creating environment descriptor '/home/the_wizard_of_nowhere/Cyborg-Summer-Induction-2026/Task5/install/mini_bot/share/mini_bot/hook/cmake_prefix_path.dsv'
[1.253s] INFO:colcon.colcon_core.shell:Creating environment hook '/home/the_wizard_of_nowhere/Cyborg-Summer-Induction-2026/Task5/install/mini_bot/share/mini_bot/hook/cmake_prefix_path.sh'
[1.254s] Level 1:colcon.colcon_core.environment:checking '/home/the_wizard_of_nowhere/Cyborg-Summer-Induction-2026/Task5/install/mini_bot/bin'
[1.254s] Level 1:colcon.colcon_core.environment:checking '/home/the_wizard_of_nowhere/Cyborg-Summer-Induction-2026/Task5/install/mini_bot/lib/pkgconfig/mini_bot.pc'
[1.254s] Level 1:colcon.colcon_core.environment:checking '/home/the_wizard_of_nowhere/Cyborg-Summer-Induction-2026/Task5/install/mini_bot/lib/python3.10/site-packages'
[1.254s] Level 1:colcon.colcon_core.environment:checking '/home/the_wizard_of_nowhere/Cyborg-Summer-Induction-2026/Task5/install/mini_bot/bin'
[1.254s] INFO:colcon.colcon_core.shell:Creating package script '/home/the_wizard_of_nowhere/Cyborg-Summer-Induction-2026/Task5/install/mini_bot/share/mini_bot/package.ps1'
[1.254s] INFO:colcon.colcon_core.shell:Creating package descriptor '/home/the_wizard_of_nowhere/Cyborg-Summer-Induction-2026/Task5/install/mini_bot/share/mini_bot/package.dsv'
[1.255s] INFO:colcon.colcon_core.shell:Creating package script '/home/the_wizard_of_nowhere/Cyborg-Summer-Induction-2026/Task5/install/mini_bot/share/mini_bot/package.sh'
[1.255s] INFO:colcon.colcon_core.shell:Creating package script '/home/the_wizard_of_nowhere/Cyborg-Summer-Induction-2026/Task5/install/mini_bot/share/mini_bot/package.bash'
[1.255s] INFO:colcon.colcon_core.shell:Creating package script '/home/the_wizard_of_nowhere/Cyborg-Summer-Induction-2026/Task5/install/mini_bot/share/mini_bot/package.zsh'
[1.255s] Level 1:colcon.colcon_core.environment:create_file_with_runtime_dependencies(/home/the_wizard_of_nowhere/Cyborg-Summer-Induction-2026/Task5/install/mini_bot/share/colcon-core/packages/mini_bot)
[1.255s] DEBUG:colcon.colcon_parallel_executor.executor.parallel:closing loop
[1.256s] DEBUG:colcon.colcon_parallel_executor.executor.parallel:loop closed
[1.256s] DEBUG:colcon.colcon_parallel_executor.executor.parallel:run_until_complete finished with '0'
[1.256s] DEBUG:colcon.colcon_core.event_reactor:joining thread
[1.259s] INFO:colcon.colcon_core.plugin_system:Skipping extension 'colcon_notification.desktop_notification.terminal_notifier': Not used on non-Darwin systems
[1.259s] INFO:colcon.colcon_core.plugin_system:Skipping extension 'colcon_notification.desktop_notification.win32': Not used on non-Windows systems
[1.259s] INFO:colcon.colcon_notification.desktop_notification:Sending desktop notification using 'notify2'
[1.267s] DEBUG:colcon.colcon_core.event_reactor:joined thread
[1.267s] INFO:colcon.colcon_core.shell:Creating prefix script '/home/the_wizard_of_nowhere/Cyborg-Summer-Induction-2026/Task5/install/local_setup.ps1'
[1.268s] INFO:colcon.colcon_core.shell:Creating prefix util module '/home/the_wizard_of_nowhere/Cyborg-Summer-Induction-2026/Task5/install/_local_setup_util_ps1.py'
[1.269s] INFO:colcon.colcon_core.shell:Creating prefix chain script '/home/the_wizard_of_nowhere/Cyborg-Summer-Induction-2026/Task5/install/setup.ps1'
[1.270s] INFO:colcon.colcon_core.shell:Creating prefix script '/home/the_wizard_of_nowhere/Cyborg-Summer-Induction-2026/Task5/install/local_setup.sh'
[1.270s] INFO:colcon.colcon_core.shell:Creating prefix util module '/home/the_wizard_of_nowhere/Cyborg-Summer-Induction-2026/Task5/install/_local_setup_util_sh.py'
[1.270s] INFO:colcon.colcon_core.shell:Creating prefix chain script '/home/the_wizard_of_nowhere/Cyborg-Summer-Induction-2026/Task5/install/setup.sh'
[1.271s] INFO:colcon.colcon_core.shell:Creating prefix script '/home/the_wizard_of_nowhere/Cyborg-Summer-Induction-2026/Task5/install/local_setup.bash'
[1.271s] INFO:colcon.colcon_core.shell:Creating prefix chain script '/home/the_wizard_of_nowhere/Cyborg-Summer-Induction-2026/Task5/install/setup.bash'
[1.272s] INFO:colcon.colcon_core.shell:Creating prefix script '/home/the_wizard_of_nowhere/Cyborg-Summer-Induction-2026/Task5/install/local_setup.zsh'
[1.272s] INFO:colcon.colcon_core.shell:Creating prefix chain script '/home/the_wizard_of_nowhere/Cyborg-Summer-Induction-2026/Task5/install/setup.zsh'
