/home/the_wizard_of_nowhere/Cyborg-Summer-Induction-2026/Task5/install/bot_control/lib/python3.10/site-packages/bot_control/fk.py
/home/the_wizard_of_nowhere/Cyborg-Summer-Induction-2026/Task5/install/bot_control/lib/python3.10/site-packages/bot_control/feedback.py
/home/the_wizard_of_nowhere/Cyborg-Summer-Induction-2026/Task5/install/bot_control/lib/python3.10/site-packages/bot_control/visualization.py
/home/the_wizard_of_nowhere/Cyborg-Summer-Induction-2026/Task5/install/bot_control/lib/python3.10/site-packages/bot_control/go_to_goal.py
/home/the_wizard_of_nowhere/Cyborg-Summer-Induction-2026/Task5/install/bot_control/lib/python3.10/site-packages/bot_control/move_ellipse.py
/home/the_wizard_of_nowhere/Cyborg-Summer-Induction-2026/Task5/install/bot_control/lib/python3.10/site-packages/bot_control/ik.py
/home/the_wizard_of_nowhere/Cyborg-Summer-Induction-2026/Task5/install/bot_control/lib/python3.10/site-packages/bot_control/move_spiral.py
/home/the_wizard_of_nowhere/Cyborg-Summer-Induction-2026/Task5/install/bot_control/lib/python3.10/site-packages/bot_control/trace_ground_truth.py
/home/the_wizard_of_nowhere/Cyborg-Summer-Induction-2026/Task5/install/bot_control/lib/python3.10/site-packages/bot_control/__init__.py
/home/the_wizard_of_nowhere/Cyborg-Summer-Induction-2026/Task5/install/bot_control/lib/python3.10/site-packages/bot_control/trace_path_odom.py
/home/the_wizard_of_nowhere/Cyborg-Summer-Induction-2026/Task5/install/bot_control/lib/python3.10/site-packages/bot_control/odom_broadcaster.py
/home/the_wizard_of_nowhere/Cyborg-Summer-Induction-2026/Task5/install/bot_control/lib/python3.10/site-packages/bot_control/__pycache__/fk.cpython-310.pyc
/home/the_wizard_of_nowhere/Cyborg-Summer-Induction-2026/Task5/install/bot_control/lib/python3.10/site-packages/bot_control/__pycache__/feedback.cpython-310.pyc
/home/the_wizard_of_nowhere/Cyborg-Summer-Induction-2026/Task5/install/bot_control/lib/python3.10/site-packages/bot_control/__pycache__/visualization.cpython-310.pyc
/home/the_wizard_of_nowhere/Cyborg-Summer-Induction-2026/Task5/install/bot_control/lib/python3.10/site-packages/bot_control/__pycache__/go_to_goal.cpython-310.pyc
/home/the_wizard_of_nowhere/Cyborg-Summer-Induction-2026/Task5/install/bot_control/lib/python3.10/site-packages/bot_control/__pycache__/move_ellipse.cpython-310.pyc
/home/the_wizard_of_nowhere/Cyborg-Summer-Induction-2026/Task5/install/bot_control/lib/python3.10/site-packages/bot_control/__pycache__/ik.cpython-310.pyc
/home/the_wizard_of_nowhere/Cyborg-Summer-Induction-2026/Task5/install/bot_control/lib/python3.10/site-packages/bot_control/__pycache__/move_spiral.cpython-310.pyc
/home/the_wizard_of_nowhere/Cyborg-Summer-Induction-2026/Task5/install/bot_control/lib/python3.10/site-packages/bot_control/__pycache__/trace_ground_truth.cpython-310.pyc
/home/the_wizard_of_nowhere/Cyborg-Summer-Induction-2026/Task5/install/bot_control/lib/python3.10/site-packages/bot_control/__pycache__/__init__.cpython-310.pyc
/home/the_wizard_of_nowhere/Cyborg-Summer-Induction-2026/Task5/install/bot_control/lib/python3.10/site-packages/bot_control/__pycache__/trace_path_odom.cpython-310.pyc
/home/the_wizard_of_nowhere/Cyborg-Summer-Induction-2026/Task5/install/bot_control/lib/python3.10/site-packages/bot_control/__pycache__/odom_broadcaster.cpython-310.pyc
/home/the_wizard_of_nowhere/Cyborg-Summer-Induction-2026/Task5/install/bot_control/share/ament_index/resource_index/packages/bot_control
/home/the_wizard_of_nowhere/Cyborg-Summer-Induction-2026/Task5/install/bot_control/share/bot_control/package.xml
/home/the_wizard_of_nowhere/Cyborg-Summer-Induction-2026/Task5/install/bot_control/share/bot_control/launch/ros_task_2.launch.py
/home/the_wizard_of_nowhere/Cyborg-Summer-Induction-2026/Task5/install/bot_control/share/bot_control/launch/display.launch.py
/home/the_wizard_of_nowhere/Cyborg-Summer-Induction-2026/Task5/install/bot_control/share/bot_control/scripts
/home/the_wizard_of_nowhere/Cyborg-Summer-Induction-2026/Task5/install/bot_control/lib/python3.10/site-packages/bot_control-0.0.0-py3.10.egg-info/requires.txt
/home/the_wizard_of_nowhere/Cyborg-Summer-Induction-2026/Task5/install/bot_control/lib/python3.10/site-packages/bot_control-0.0.0-py3.10.egg-info/top_level.txt
/home/the_wizard_of_nowhere/Cyborg-Summer-Induction-2026/Task5/install/bot_control/lib/python3.10/site-packages/bot_control-0.0.0-py3.10.egg-info/dependency_links.txt
/home/the_wizard_of_nowhere/Cyborg-Summer-Induction-2026/Task5/install/bot_control/lib/python3.10/site-packages/bot_control-0.0.0-py3.10.egg-info/entry_points.txt
/home/the_wizard_of_nowhere/Cyborg-Summer-Induction-2026/Task5/install/bot_control/lib/python3.10/site-packages/bot_control-0.0.0-py3.10.egg-info/PKG-INFO
/home/the_wizard_of_nowhere/Cyborg-Summer-Induction-2026/Task5/install/bot_control/lib/python3.10/site-packages/bot_control-0.0.0-py3.10.egg-info/zip-safe
/home/the_wizard_of_nowhere/Cyborg-Summer-Induction-2026/Task5/install/bot_control/lib/python3.10/site-packages/bot_control-0.0.0-py3.10.egg-info/SOURCES.txt
/home/the_wizard_of_nowhere/Cyborg-Summer-Induction-2026/Task5/install/bot_control/lib/bot_control/feedback
/home/the_wizard_of_nowhere/Cyborg-Summer-Induction-2026/Task5/install/bot_control/lib/bot_control/go_to_goal
/home/the_wizard_of_nowhere/Cyborg-Summer-Induction-2026/Task5/install/bot_control/lib/bot_control/move_ellipse
/home/the_wizard_of_nowhere/Cyborg-Summer-Induction-2026/Task5/install/bot_control/lib/bot_control/move_spiral
/home/the_wizard_of_nowhere/Cyborg-Summer-Induction-2026/Task5/install/bot_control/lib/bot_control/odom_broadcaster
/home/the_wizard_of_nowhere/Cyborg-Summer-Induction-2026/Task5/install/bot_control/lib/bot_control/trace_ground_truth
/home/the_wizard_of_nowhere/Cyborg-Summer-Induction-2026/Task5/install/bot_control/lib/bot_control/trace_path_odom
/home/the_wizard_of_nowhere/Cyborg-Summer-Induction-2026/Task5/install/bot_control/lib/bot_control/visualization
