[0.006s] Invoking command in '/home/the_wizard_of_nowhere/Cyborg-Summer-Induction-2026/Task3/build/task3': CMAKE_PREFIX_PATH=/home/the_wizard_of_nowhere/cyborg_task_3/install/robot_controller:/opt/ros/humble /usr/bin/cmake /home/the_wizard_of_nowhere/Cyborg-Summer-Induction-2026/Task3/src/task3 -DCMAKE_INSTALL_PREFIX=/home/the_wizard_of_nowhere/Cyborg-Summer-Induction-2026/Task3/install/task3
[0.085s] -- The C compiler identification is GNU 11.4.0
[0.145s] -- The CXX compiler identification is GNU 11.4.0
[0.153s] -- Detecting C compiler ABI info
[0.200s] -- Detecting C compiler ABI info - done
[0.205s] -- Check for working C compiler: /usr/bin/cc - skipped
[0.206s] -- Detecting C compile features
[0.206s] -- Detecting C compile features - done
[0.209s] -- Detecting CXX compiler ABI info
[0.261s] -- Detecting CXX compiler ABI info - done
[0.266s] -- Check for working CXX compiler: /usr/bin/c++ - skipped
[0.266s] -- Detecting CXX compile features
[0.267s] -- Detecting CXX compile features - done
[0.274s] -- Found ament_cmake: 1.3.14 (/opt/ros/humble/share/ament_cmake/cmake)
[0.373s] -- Found Python3: /usr/bin/python3 (found version "3.10.12") found components: Interpreter 
[0.443s] -- Found rosidl_default_generators: 1.2.1 (/opt/ros/humble/share/rosidl_default_generators/cmake)
[0.447s] -- Using all available rosidl_typesupport_c: rosidl_typesupport_fastrtps_c;rosidl_typesupport_introspection_c
[0.454s] -- Found rosidl_adapter: 3.1.8 (/opt/ros/humble/share/rosidl_adapter/cmake)
[0.490s] -- Using all available rosidl_typesupport_cpp: rosidl_typesupport_fastrtps_cpp;rosidl_typesupport_introspection_cpp
[0.682s] -- Found ament_cmake_ros: 0.10.0 (/opt/ros/humble/share/ament_cmake_ros/cmake)
[0.798s] -- Using all available rosidl_typesupport_c: rosidl_typesupport_fastrtps_c;rosidl_typesupport_introspection_c
[0.946s] -- Using all available rosidl_typesupport_cpp: rosidl_typesupport_fastrtps_cpp;rosidl_typesupport_introspection_cpp
[0.961s] -- Found PythonInterp: /usr/bin/python3 (found suitable version "3.10.12", minimum required is "3.6") 
[0.962s] -- Found python_cmake_module: 0.10.0 (/opt/ros/humble/share/python_cmake_module/cmake)
[0.981s] -- Found PythonLibs: /usr/lib/x86_64-linux-gnu/libpython3.10.so (found suitable version "3.10.12", minimum required is "3.5") 
[0.981s] -- Using PYTHON_EXECUTABLE: /usr/bin/python3
[0.982s] -- Using PYTHON_INCLUDE_DIRS: /usr/include/python3.10
[0.982s] -- Using PYTHON_LIBRARIES: /usr/lib/x86_64-linux-gnu/libpython3.10.so
[0.999s] -- Found PythonExtra: .so  
[1.066s] -- Configuring done
[1.083s] -- Generating done
[1.090s] -- Build files have been written to: /home/the_wizard_of_nowhere/Cyborg-Summer-Induction-2026/Task3/build/task3
[1.095s] Invoked command in '/home/the_wizard_of_nowhere/Cyborg-Summer-Induction-2026/Task3/build/task3' returned '0': CMAKE_PREFIX_PATH=/home/the_wizard_of_nowhere/cyborg_task_3/install/robot_controller:/opt/ros/humble /usr/bin/cmake /home/the_wizard_of_nowhere/Cyborg-Summer-Induction-2026/Task3/src/task3 -DCMAKE_INSTALL_PREFIX=/home/the_wizard_of_nowhere/Cyborg-Summer-Induction-2026/Task3/install/task3
[1.097s] Invoking command in '/home/the_wizard_of_nowhere/Cyborg-Summer-Induction-2026/Task3/build/task3': CMAKE_PREFIX_PATH=/home/the_wizard_of_nowhere/cyborg_task_3/install/robot_controller:/opt/ros/humble /usr/bin/cmake --build /home/the_wizard_of_nowhere/Cyborg-Summer-Induction-2026/Task3/build/task3 -- -j12 -l12
[1.122s] [  3%] [34m[1mGenerating C code for ROS interfaces[0m
[1.129s] [  9%] [34m[1mGenerating Rust code for ROS interfaces[0m
[1.129s] [  9%] [34m[1mGenerating C++ code for ROS interfaces[0m
[1.135s] [  9%] Built target ament_cmake_python_copy_task3
[1.295s] running egg_info
[1.296s] creating task3.egg-info
[1.296s] writing task3.egg-info/PKG-INFO
[1.296s] writing dependency_links to task3.egg-info/dependency_links.txt
[1.296s] writing top-level names to task3.egg-info/top_level.txt
[1.296s] writing manifest file 'task3.egg-info/SOURCES.txt'
[1.298s] reading manifest file 'task3.egg-info/SOURCES.txt'
[1.298s] writing manifest file 'task3.egg-info/SOURCES.txt'
[1.298s] [  9%] Built target task3__rs
[1.325s] [  9%] Built target ament_cmake_python_build_task3_egg
[1.337s] [  9%] Built target task3__cpp
[1.341s] [ 12%] [32mBuilding C object CMakeFiles/task3__rosidl_generator_c.dir/rosidl_generator_c/task3/srv/detail/prime_factors__functions.c.o[0m
[1.343s] [ 18%] [34m[1mGenerating C++ type support dispatch for ROS interfaces[0m
[1.344s] [ 18%] [34m[1mGenerating C++ type support for eProsima Fast-RTPS[0m
[1.344s] [ 21%] [34m[1mGenerating C++ introspection for ROS interfaces[0m
[1.391s] [ 25%] [32m[1mLinking C shared library libtask3__rosidl_generator_c.so[0m
[1.417s] [ 25%] Built target task3__rosidl_generator_c
[1.423s] [ 34%] [34m[1mGenerating C type support dispatch for ROS interfaces[0m
[1.423s] [ 34%] [34m[1mGenerating C type support for eProsima Fast-RTPS[0m
[1.423s] [ 34%] [34m[1mGenerating C introspection for ROS interfaces[0m
[1.516s] [ 37%] [32mBuilding CXX object CMakeFiles/task3__rosidl_typesupport_cpp.dir/rosidl_typesupport_cpp/task3/srv/prime_factors__type_support.cpp.o[0m
[1.530s] [ 40%] [32mBuilding CXX object CMakeFiles/task3__rosidl_typesupport_introspection_cpp.dir/rosidl_typesupport_introspection_cpp/task3/srv/detail/prime_factors__type_support.cpp.o[0m
[1.542s] [ 43%] [32mBuilding CXX object CMakeFiles/task3__rosidl_typesupport_fastrtps_cpp.dir/rosidl_typesupport_fastrtps_cpp/task3/srv/detail/dds_fastrtps/prime_factors__type_support.cpp.o[0m
[1.622s] [ 46%] [32mBuilding C object CMakeFiles/task3__rosidl_typesupport_introspection_c.dir/rosidl_typesupport_introspection_c/task3/srv/detail/prime_factors__type_support.c.o[0m
[1.626s] [ 50%] [32mBuilding CXX object CMakeFiles/task3__rosidl_typesupport_fastrtps_c.dir/rosidl_typesupport_fastrtps_c/task3/srv/detail/prime_factors__type_support_c.cpp.o[0m
[1.636s] [ 53%] [32mBuilding CXX object CMakeFiles/task3__rosidl_typesupport_c.dir/rosidl_typesupport_c/task3/srv/prime_factors__type_support.cpp.o[0m
[1.648s] [ 56%] [32m[1mLinking C shared library libtask3__rosidl_typesupport_introspection_c.so[0m
[1.659s] [ 59%] [32m[1mLinking CXX shared library libtask3__rosidl_typesupport_c.so[0m
[1.672s] [ 59%] Built target task3__rosidl_typesupport_introspection_c
[1.694s] [ 59%] Built target task3__rosidl_typesupport_c
[1.729s] [ 62%] [32m[1mLinking CXX shared library libtask3__rosidl_typesupport_cpp.so[0m
[1.759s] [ 62%] Built target task3__rosidl_typesupport_cpp
[1.824s] [ 65%] [32m[1mLinking CXX shared library libtask3__rosidl_typesupport_introspection_cpp.so[0m
[1.830s] [ 68%] [32m[1mLinking CXX shared library libtask3__rosidl_typesupport_fastrtps_cpp.so[0m
[1.853s] [ 68%] Built target task3__rosidl_typesupport_introspection_cpp
[1.853s] [ 71%] [32m[1mLinking CXX shared library libtask3__rosidl_typesupport_fastrtps_c.so[0m
[1.886s] [ 71%] Built target task3__rosidl_typesupport_fastrtps_cpp
[1.906s] [ 71%] Built target task3__rosidl_typesupport_fastrtps_c
[1.919s] [ 71%] Built target task3
[1.932s] [ 75%] [34m[1mGenerating Python code for ROS interfaces[0m
[2.175s] [ 75%] Built target task3__py
[2.189s] [ 78%] [32mBuilding C object CMakeFiles/task3__rosidl_generator_py.dir/rosidl_generator_py/task3/srv/_prime_factors_s.c.o[0m
[2.273s] [ 81%] [32m[1mLinking C shared library rosidl_generator_py/task3/libtask3__rosidl_generator_py.so[0m
[2.300s] [ 81%] Built target task3__rosidl_generator_py
[2.314s] [ 90%] [32mBuilding C object CMakeFiles/task3__rosidl_typesupport_fastrtps_c__pyext.dir/rosidl_generator_py/task3/_task3_s.ep.rosidl_typesupport_fastrtps_c.c.o[0m
[2.314s] [ 90%] [32mBuilding C object CMakeFiles/task3__rosidl_typesupport_c__pyext.dir/rosidl_generator_py/task3/_task3_s.ep.rosidl_typesupport_c.c.o[0m
[2.314s] [ 90%] [32mBuilding C object CMakeFiles/task3__rosidl_typesupport_introspection_c__pyext.dir/rosidl_generator_py/task3/_task3_s.ep.rosidl_typesupport_introspection_c.c.o[0m
[2.375s] [ 96%] [32m[1mLinking C shared library rosidl_generator_py/task3/task3_s__rosidl_typesupport_introspection_c.cpython-310-x86_64-linux-gnu.so[0m
[2.375s] [ 96%] [32m[1mLinking C shared library rosidl_generator_py/task3/task3_s__rosidl_typesupport_c.cpython-310-x86_64-linux-gnu.so[0m
[2.376s] [100%] [32m[1mLinking C shared library rosidl_generator_py/task3/task3_s__rosidl_typesupport_fastrtps_c.cpython-310-x86_64-linux-gnu.so[0m
[2.396s] [100%] Built target task3__rosidl_typesupport_c__pyext
[2.396s] [100%] Built target task3__rosidl_typesupport_introspection_c__pyext
[2.397s] [100%] Built target task3__rosidl_typesupport_fastrtps_c__pyext
[2.405s] Invoked command in '/home/the_wizard_of_nowhere/Cyborg-Summer-Induction-2026/Task3/build/task3' returned '0': CMAKE_PREFIX_PATH=/home/the_wizard_of_nowhere/cyborg_task_3/install/robot_controller:/opt/ros/humble /usr/bin/cmake --build /home/the_wizard_of_nowhere/Cyborg-Summer-Induction-2026/Task3/build/task3 -- -j12 -l12
[2.411s] Invoking command in '/home/the_wizard_of_nowhere/Cyborg-Summer-Induction-2026/Task3/build/task3': CMAKE_PREFIX_PATH=/home/the_wizard_of_nowhere/cyborg_task_3/install/robot_controller:/opt/ros/humble /usr/bin/cmake --install /home/the_wizard_of_nowhere/Cyborg-Summer-Induction-2026/Task3/build/task3
[2.417s] -- Install configuration: ""
[2.417s] -- Installing: /home/the_wizard_of_nowhere/Cyborg-Summer-Induction-2026/Task3/install/task3/share/ament_index/resource_index/rosidl_interfaces/task3
[2.417s] -- Installing: /home/the_wizard_of_nowhere/Cyborg-Summer-Induction-2026/Task3/install/task3/include/task3/task3
[2.417s] -- Installing: /home/the_wizard_of_nowhere/Cyborg-Summer-Induction-2026/Task3/install/task3/include/task3/task3/srv
[2.417s] -- Installing: /home/the_wizard_of_nowhere/Cyborg-Summer-Induction-2026/Task3/install/task3/include/task3/task3/srv/detail
[2.417s] -- Installing: /home/the_wizard_of_nowhere/Cyborg-Summer-Induction-2026/Task3/install/task3/include/task3/task3/srv/detail/prime_factors__type_support.h
[2.417s] -- Installing: /home/the_wizard_of_nowhere/Cyborg-Summer-Induction-2026/Task3/install/task3/include/task3/task3/srv/detail/prime_factors__functions.h
[2.417s] -- Installing: /home/the_wizard_of_nowhere/Cyborg-Summer-Induction-2026/Task3/install/task3/include/task3/task3/srv/detail/prime_factors__struct.h
[2.417s] -- Installing: /home/the_wizard_of_nowhere/Cyborg-Summer-Induction-2026/Task3/install/task3/include/task3/task3/srv/detail/prime_factors__functions.c
[2.417s] -- Installing: /home/the_wizard_of_nowhere/Cyborg-Summer-Induction-2026/Task3/install/task3/include/task3/task3/srv/prime_factors.h
[2.417s] -- Installing: /home/the_wizard_of_nowhere/Cyborg-Summer-Induction-2026/Task3/install/task3/include/task3/task3/msg
[2.417s] -- Installing: /home/the_wizard_of_nowhere/Cyborg-Summer-Induction-2026/Task3/install/task3/include/task3/task3/msg/rosidl_generator_c__visibility_control.h
[2.418s] -- Installing: /home/the_wizard_of_nowhere/Cyborg-Summer-Induction-2026/Task3/install/task3/share/task3/environment/library_path.sh
[2.418s] -- Installing: /home/the_wizard_of_nowhere/Cyborg-Summer-Induction-2026/Task3/install/task3/share/task3/environment/library_path.dsv
[2.418s] -- Installing: /home/the_wizard_of_nowhere/Cyborg-Summer-Induction-2026/Task3/install/task3/lib/libtask3__rosidl_generator_c.so
[2.418s] -- Set runtime path of "/home/the_wizard_of_nowhere/Cyborg-Summer-Induction-2026/Task3/install/task3/lib/libtask3__rosidl_generator_c.so" to ""
[2.418s] -- Up-to-date: /home/the_wizard_of_nowhere/Cyborg-Summer-Induction-2026/Task3/install/task3/include/task3/task3
[2.418s] -- Up-to-date: /home/the_wizard_of_nowhere/Cyborg-Summer-Induction-2026/Task3/install/task3/include/task3/task3/srv
[2.418s] -- Up-to-date: /home/the_wizard_of_nowhere/Cyborg-Summer-Induction-2026/Task3/install/task3/include/task3/task3/srv/detail
[2.418s] -- Installing: /home/the_wizard_of_nowhere/Cyborg-Summer-Induction-2026/Task3/install/task3/include/task3/task3/srv/detail/prime_factors__rosidl_typesupport_fastrtps_c.h
[2.418s] -- Up-to-date: /home/the_wizard_of_nowhere/Cyborg-Summer-Induction-2026/Task3/install/task3/include/task3/task3/msg
[2.418s] -- Installing: /home/the_wizard_of_nowhere/Cyborg-Summer-Induction-2026/Task3/install/task3/include/task3/task3/msg/rosidl_typesupport_fastrtps_c__visibility_control.h
[2.418s] -- Installing: /home/the_wizard_of_nowhere/Cyborg-Summer-Induction-2026/Task3/install/task3/lib/libtask3__rosidl_typesupport_fastrtps_c.so
[2.418s] -- Set runtime path of "/home/the_wizard_of_nowhere/Cyborg-Summer-Induction-2026/Task3/install/task3/lib/libtask3__rosidl_typesupport_fastrtps_c.so" to ""
[2.418s] -- Up-to-date: /home/the_wizard_of_nowhere/Cyborg-Summer-Induction-2026/Task3/install/task3/include/task3/task3
[2.418s] -- Up-to-date: /home/the_wizard_of_nowhere/Cyborg-Summer-Induction-2026/Task3/install/task3/include/task3/task3/srv
[2.419s] -- Up-to-date: /home/the_wizard_of_nowhere/Cyborg-Summer-Induction-2026/Task3/install/task3/include/task3/task3/srv/detail
[2.419s] -- Installing: /home/the_wizard_of_nowhere/Cyborg-Summer-Induction-2026/Task3/install/task3/include/task3/task3/srv/detail/prime_factors__type_support.c
[2.419s] -- Installing: /home/the_wizard_of_nowhere/Cyborg-Summer-Induction-2026/Task3/install/task3/include/task3/task3/srv/detail/prime_factors__rosidl_typesupport_introspection_c.h
[2.419s] -- Up-to-date: /home/the_wizard_of_nowhere/Cyborg-Summer-Induction-2026/Task3/install/task3/include/task3/task3/msg
[2.419s] -- Installing: /home/the_wizard_of_nowhere/Cyborg-Summer-Induction-2026/Task3/install/task3/include/task3/task3/msg/rosidl_typesupport_introspection_c__visibility_control.h
[2.419s] -- Installing: /home/the_wizard_of_nowhere/Cyborg-Summer-Induction-2026/Task3/install/task3/lib/libtask3__rosidl_typesupport_introspection_c.so
[2.419s] -- Set runtime path of "/home/the_wizard_of_nowhere/Cyborg-Summer-Induction-2026/Task3/install/task3/lib/libtask3__rosidl_typesupport_introspection_c.so" to ""
[2.419s] -- Installing: /home/the_wizard_of_nowhere/Cyborg-Summer-Induction-2026/Task3/install/task3/lib/libtask3__rosidl_typesupport_c.so
[2.419s] -- Set runtime path of "/home/the_wizard_of_nowhere/Cyborg-Summer-Induction-2026/Task3/install/task3/lib/libtask3__rosidl_typesupport_c.so" to ""
[2.419s] -- Up-to-date: /home/the_wizard_of_nowhere/Cyborg-Summer-Induction-2026/Task3/install/task3/include/task3/task3
[2.419s] -- Up-to-date: /home/the_wizard_of_nowhere/Cyborg-Summer-Induction-2026/Task3/install/task3/include/task3/task3/srv
[2.419s] -- Installing: /home/the_wizard_of_nowhere/Cyborg-Summer-Induction-2026/Task3/install/task3/include/task3/task3/srv/prime_factors.hpp
[2.419s] -- Up-to-date: /home/the_wizard_of_nowhere/Cyborg-Summer-Induction-2026/Task3/install/task3/include/task3/task3/srv/detail
[2.419s] -- Installing: /home/the_wizard_of_nowhere/Cyborg-Summer-Induction-2026/Task3/install/task3/include/task3/task3/srv/detail/prime_factors__builder.hpp
[2.419s] -- Installing: /home/the_wizard_of_nowhere/Cyborg-Summer-Induction-2026/Task3/install/task3/include/task3/task3/srv/detail/prime_factors__struct.hpp
[2.419s] -- Installing: /home/the_wizard_of_nowhere/Cyborg-Summer-Induction-2026/Task3/install/task3/include/task3/task3/srv/detail/prime_factors__type_support.hpp
[2.419s] -- Installing: /home/the_wizard_of_nowhere/Cyborg-Summer-Induction-2026/Task3/install/task3/include/task3/task3/srv/detail/prime_factors__traits.hpp
[2.419s] -- Up-to-date: /home/the_wizard_of_nowhere/Cyborg-Summer-Induction-2026/Task3/install/task3/include/task3/task3/msg
[2.419s] -- Installing: /home/the_wizard_of_nowhere/Cyborg-Summer-Induction-2026/Task3/install/task3/include/task3/task3/msg/rosidl_generator_cpp__visibility_control.hpp
[2.419s] -- Up-to-date: /home/the_wizard_of_nowhere/Cyborg-Summer-Induction-2026/Task3/install/task3/include/task3/task3
[2.420s] -- Up-to-date: /home/the_wizard_of_nowhere/Cyborg-Summer-Induction-2026/Task3/install/task3/include/task3/task3/srv
[2.420s] -- Up-to-date: /home/the_wizard_of_nowhere/Cyborg-Summer-Induction-2026/Task3/install/task3/include/task3/task3/srv/detail
[2.420s] -- Installing: /home/the_wizard_of_nowhere/Cyborg-Summer-Induction-2026/Task3/install/task3/include/task3/task3/srv/detail/prime_factors__rosidl_typesupport_fastrtps_cpp.hpp
[2.420s] -- Installing: /home/the_wizard_of_nowhere/Cyborg-Summer-Induction-2026/Task3/install/task3/include/task3/task3/srv/detail/dds_fastrtps
[2.420s] -- Up-to-date: /home/the_wizard_of_nowhere/Cyborg-Summer-Induction-2026/Task3/install/task3/include/task3/task3/msg
[2.420s] -- Installing: /home/the_wizard_of_nowhere/Cyborg-Summer-Induction-2026/Task3/install/task3/include/task3/task3/msg/rosidl_typesupport_fastrtps_cpp__visibility_control.h
[2.420s] -- Installing: /home/the_wizard_of_nowhere/Cyborg-Summer-Induction-2026/Task3/install/task3/lib/libtask3__rosidl_typesupport_fastrtps_cpp.so
[2.420s] -- Set runtime path of "/home/the_wizard_of_nowhere/Cyborg-Summer-Induction-2026/Task3/install/task3/lib/libtask3__rosidl_typesupport_fastrtps_cpp.so" to ""
[2.420s] -- Up-to-date: /home/the_wizard_of_nowhere/Cyborg-Summer-Induction-2026/Task3/install/task3/include/task3/task3
[2.420s] -- Up-to-date: /home/the_wizard_of_nowhere/Cyborg-Summer-Induction-2026/Task3/install/task3/include/task3/task3/srv
[2.420s] -- Up-to-date: /home/the_wizard_of_nowhere/Cyborg-Summer-Induction-2026/Task3/install/task3/include/task3/task3/srv/detail
[2.420s] -- Installing: /home/the_wizard_of_nowhere/Cyborg-Summer-Induction-2026/Task3/install/task3/include/task3/task3/srv/detail/prime_factors__rosidl_typesupport_introspection_cpp.hpp
[2.420s] -- Installing: /home/the_wizard_of_nowhere/Cyborg-Summer-Induction-2026/Task3/install/task3/include/task3/task3/srv/detail/prime_factors__type_support.cpp
[2.420s] -- Installing: /home/the_wizard_of_nowhere/Cyborg-Summer-Induction-2026/Task3/install/task3/lib/libtask3__rosidl_typesupport_introspection_cpp.so
[2.420s] -- Set runtime path of "/home/the_wizard_of_nowhere/Cyborg-Summer-Induction-2026/Task3/install/task3/lib/libtask3__rosidl_typesupport_introspection_cpp.so" to ""
[2.420s] -- Installing: /home/the_wizard_of_nowhere/Cyborg-Summer-Induction-2026/Task3/install/task3/lib/libtask3__rosidl_typesupport_cpp.so
[2.420s] -- Set runtime path of "/home/the_wizard_of_nowhere/Cyborg-Summer-Induction-2026/Task3/install/task3/lib/libtask3__rosidl_typesupport_cpp.so" to ""
[2.420s] -- Installing: /home/the_wizard_of_nowhere/Cyborg-Summer-Induction-2026/Task3/install/task3/share/task3/environment/pythonpath.sh
[2.421s] -- Installing: /home/the_wizard_of_nowhere/Cyborg-Summer-Induction-2026/Task3/install/task3/share/task3/environment/pythonpath.dsv
[2.421s] -- Installing: /home/the_wizard_of_nowhere/Cyborg-Summer-Induction-2026/Task3/install/task3/local/lib/python3.10/dist-packages/task3-0.0.0-py3.10.egg-info
[2.421s] -- Installing: /home/the_wizard_of_nowhere/Cyborg-Summer-Induction-2026/Task3/install/task3/local/lib/python3.10/dist-packages/task3-0.0.0-py3.10.egg-info/top_level.txt
[2.421s] -- Installing: /home/the_wizard_of_nowhere/Cyborg-Summer-Induction-2026/Task3/install/task3/local/lib/python3.10/dist-packages/task3-0.0.0-py3.10.egg-info/dependency_links.txt
[2.421s] -- Installing: /home/the_wizard_of_nowhere/Cyborg-Summer-Induction-2026/Task3/install/task3/local/lib/python3.10/dist-packages/task3-0.0.0-py3.10.egg-info/PKG-INFO
[2.421s] -- Installing: /home/the_wizard_of_nowhere/Cyborg-Summer-Induction-2026/Task3/install/task3/local/lib/python3.10/dist-packages/task3-0.0.0-py3.10.egg-info/SOURCES.txt
[2.421s] -- Installing: /home/the_wizard_of_nowhere/Cyborg-Summer-Induction-2026/Task3/install/task3/local/lib/python3.10/dist-packages/task3
[2.421s] -- Installing: /home/the_wizard_of_nowhere/Cyborg-Summer-Induction-2026/Task3/install/task3/local/lib/python3.10/dist-packages/task3/srv
[2.421s] -- Installing: /home/the_wizard_of_nowhere/Cyborg-Summer-Induction-2026/Task3/install/task3/local/lib/python3.10/dist-packages/task3/srv/__init__.py
[2.421s] -- Installing: /home/the_wizard_of_nowhere/Cyborg-Summer-Induction-2026/Task3/install/task3/local/lib/python3.10/dist-packages/task3/srv/_prime_factors_s.c
[2.421s] -- Installing: /home/the_wizard_of_nowhere/Cyborg-Summer-Induction-2026/Task3/install/task3/local/lib/python3.10/dist-packages/task3/srv/_prime_factors.py
[2.421s] -- Installing: /home/the_wizard_of_nowhere/Cyborg-Summer-Induction-2026/Task3/install/task3/local/lib/python3.10/dist-packages/task3/_task3_s.ep.rosidl_typesupport_fastrtps_c.c
[2.421s] -- Installing: /home/the_wizard_of_nowhere/Cyborg-Summer-Induction-2026/Task3/install/task3/local/lib/python3.10/dist-packages/task3/task3_s__rosidl_typesupport_fastrtps_c.cpython-310-x86_64-linux-gnu.so
[2.421s] -- Installing: /home/the_wizard_of_nowhere/Cyborg-Summer-Induction-2026/Task3/install/task3/local/lib/python3.10/dist-packages/task3/libtask3__rosidl_generator_py.so
[2.421s] -- Installing: /home/the_wizard_of_nowhere/Cyborg-Summer-Induction-2026/Task3/install/task3/local/lib/python3.10/dist-packages/task3/task3_s__rosidl_typesupport_c.cpython-310-x86_64-linux-gnu.so
[2.422s] -- Installing: /home/the_wizard_of_nowhere/Cyborg-Summer-Induction-2026/Task3/install/task3/local/lib/python3.10/dist-packages/task3/_task3_s.ep.rosidl_typesupport_introspection_c.c
[2.422s] -- Installing: /home/the_wizard_of_nowhere/Cyborg-Summer-Induction-2026/Task3/install/task3/local/lib/python3.10/dist-packages/task3/__init__.py
[2.422s] -- Installing: /home/the_wizard_of_nowhere/Cyborg-Summer-Induction-2026/Task3/install/task3/local/lib/python3.10/dist-packages/task3/_task3_s.ep.rosidl_typesupport_c.c
[2.422s] -- Installing: /home/the_wizard_of_nowhere/Cyborg-Summer-Induction-2026/Task3/install/task3/local/lib/python3.10/dist-packages/task3/task3_s__rosidl_typesupport_introspection_c.cpython-310-x86_64-linux-gnu.so
[2.447s] Listing '/home/the_wizard_of_nowhere/Cyborg-Summer-Induction-2026/Task3/install/task3/local/lib/python3.10/dist-packages/task3'...
[2.447s] Compiling '/home/the_wizard_of_nowhere/Cyborg-Summer-Induction-2026/Task3/install/task3/local/lib/python3.10/dist-packages/task3/__init__.py'...
[2.447s] Listing '/home/the_wizard_of_nowhere/Cyborg-Summer-Induction-2026/Task3/install/task3/local/lib/python3.10/dist-packages/task3/srv'...
[2.447s] Compiling '/home/the_wizard_of_nowhere/Cyborg-Summer-Induction-2026/Task3/install/task3/local/lib/python3.10/dist-packages/task3/srv/__init__.py'...
[2.447s] Compiling '/home/the_wizard_of_nowhere/Cyborg-Summer-Induction-2026/Task3/install/task3/local/lib/python3.10/dist-packages/task3/srv/_prime_factors.py'...
[2.450s] -- Installing: /home/the_wizard_of_nowhere/Cyborg-Summer-Induction-2026/Task3/install/task3/local/lib/python3.10/dist-packages/task3/task3_s__rosidl_typesupport_fastrtps_c.cpython-310-x86_64-linux-gnu.so
[2.450s] -- Set runtime path of "/home/the_wizard_of_nowhere/Cyborg-Summer-Induction-2026/Task3/install/task3/local/lib/python3.10/dist-packages/task3/task3_s__rosidl_typesupport_fastrtps_c.cpython-310-x86_64-linux-gnu.so" to ""
[2.450s] -- Installing: /home/the_wizard_of_nowhere/Cyborg-Summer-Induction-2026/Task3/install/task3/local/lib/python3.10/dist-packages/task3/task3_s__rosidl_typesupport_introspection_c.cpython-310-x86_64-linux-gnu.so
[2.451s] -- Set runtime path of "/home/the_wizard_of_nowhere/Cyborg-Summer-Induction-2026/Task3/install/task3/local/lib/python3.10/dist-packages/task3/task3_s__rosidl_typesupport_introspection_c.cpython-310-x86_64-linux-gnu.so" to ""
[2.451s] -- Installing: /home/the_wizard_of_nowhere/Cyborg-Summer-Induction-2026/Task3/install/task3/local/lib/python3.10/dist-packages/task3/task3_s__rosidl_typesupport_c.cpython-310-x86_64-linux-gnu.so
[2.451s] -- Set runtime path of "/home/the_wizard_of_nowhere/Cyborg-Summer-Induction-2026/Task3/install/task3/local/lib/python3.10/dist-packages/task3/task3_s__rosidl_typesupport_c.cpython-310-x86_64-linux-gnu.so" to ""
[2.451s] -- Installing: /home/the_wizard_of_nowhere/Cyborg-Summer-Induction-2026/Task3/install/task3/lib/libtask3__rosidl_generator_py.so
[2.451s] -- Set runtime path of "/home/the_wizard_of_nowhere/Cyborg-Summer-Induction-2026/Task3/install/task3/lib/libtask3__rosidl_generator_py.so" to ""
[2.451s] -- Installing: /home/the_wizard_of_nowhere/Cyborg-Summer-Induction-2026/Task3/install/task3/share/ament_index/resource_index/rust_packages/task3
[2.451s] -- Installing: /home/the_wizard_of_nowhere/Cyborg-Summer-Induction-2026/Task3/install/task3/share/task3/rust
[2.451s] -- Installing: /home/the_wizard_of_nowhere/Cyborg-Summer-Induction-2026/Task3/install/task3/share/task3/rust/Cargo.toml
[2.451s] -- Installing: /home/the_wizard_of_nowhere/Cyborg-Summer-Induction-2026/Task3/install/task3/share/task3/rust/src
[2.451s] -- Installing: /home/the_wizard_of_nowhere/Cyborg-Summer-Induction-2026/Task3/install/task3/share/task3/rust/src/lib.rs
[2.451s] -- Installing: /home/the_wizard_of_nowhere/Cyborg-Summer-Induction-2026/Task3/install/task3/share/task3/rust/src/srv
[2.452s] -- Installing: /home/the_wizard_of_nowhere/Cyborg-Summer-Induction-2026/Task3/install/task3/share/task3/rust/src/srv/rmw.rs
[2.452s] -- Installing: /home/the_wizard_of_nowhere/Cyborg-Summer-Induction-2026/Task3/install/task3/share/task3/rust/src/srv.rs
[2.452s] -- Installing: /home/the_wizard_of_nowhere/Cyborg-Summer-Induction-2026/Task3/install/task3/share/task3/rust/build.rs
[2.452s] -- Installing: /home/the_wizard_of_nowhere/Cyborg-Summer-Induction-2026/Task3/install/task3/share/task3/srv/PrimeFactors.idl
[2.452s] -- Installing: /home/the_wizard_of_nowhere/Cyborg-Summer-Induction-2026/Task3/install/task3/share/task3/srv/PrimeFactors.srv
[2.452s] -- Installing: /home/the_wizard_of_nowhere/Cyborg-Summer-Induction-2026/Task3/install/task3/share/task3/srv/PrimeFactors_Request.msg
[2.452s] -- Installing: /home/the_wizard_of_nowhere/Cyborg-Summer-Induction-2026/Task3/install/task3/share/task3/srv/PrimeFactors_Response.msg
[2.452s] -- Installing: /home/the_wizard_of_nowhere/Cyborg-Summer-Induction-2026/Task3/install/task3/share/task3/launch
[2.452s] -- Installing: /home/the_wizard_of_nowhere/Cyborg-Summer-Induction-2026/Task3/install/task3/share/task3/launch/Task3.launch.py
[2.452s] -- Installing: /home/the_wizard_of_nowhere/Cyborg-Summer-Induction-2026/Task3/install/task3/lib/task3/Task3A.py
[2.452s] -- Installing: /home/the_wizard_of_nowhere/Cyborg-Summer-Induction-2026/Task3/install/task3/lib/task3/BonusTask3A.py
[2.452s] -- Installing: /home/the_wizard_of_nowhere/Cyborg-Summer-Induction-2026/Task3/install/task3/lib/task3/Task3B.py
[2.452s] -- Installing: /home/the_wizard_of_nowhere/Cyborg-Summer-Induction-2026/Task3/install/task3/lib/task3/Task3C.py
[2.452s] -- Installing: /home/the_wizard_of_nowhere/Cyborg-Summer-Induction-2026/Task3/install/task3/lib/task3/Task3D_server.py
[2.452s] -- Installing: /home/the_wizard_of_nowhere/Cyborg-Summer-Induction-2026/Task3/install/task3/lib/task3/Task3D_client.py
[2.452s] -- Installing: /home/the_wizard_of_nowhere/Cyborg-Summer-Induction-2026/Task3/install/task3/share/ament_index/resource_index/package_run_dependencies/task3
[2.453s] -- Installing: /home/the_wizard_of_nowhere/Cyborg-Summer-Induction-2026/Task3/install/task3/share/ament_index/resource_index/parent_prefix_path/task3
[2.453s] -- Installing: /home/the_wizard_of_nowhere/Cyborg-Summer-Induction-2026/Task3/install/task3/share/task3/environment/ament_prefix_path.sh
[2.453s] -- Installing: /home/the_wizard_of_nowhere/Cyborg-Summer-Induction-2026/Task3/install/task3/share/task3/environment/ament_prefix_path.dsv
[2.453s] -- Installing: /home/the_wizard_of_nowhere/Cyborg-Summer-Induction-2026/Task3/install/task3/share/task3/environment/path.sh
[2.453s] -- Installing: /home/the_wizard_of_nowhere/Cyborg-Summer-Induction-2026/Task3/install/task3/share/task3/environment/path.dsv
[2.453s] -- Installing: /home/the_wizard_of_nowhere/Cyborg-Summer-Induction-2026/Task3/install/task3/share/task3/local_setup.bash
[2.453s] -- Installing: /home/the_wizard_of_nowhere/Cyborg-Summer-Induction-2026/Task3/install/task3/share/task3/local_setup.sh
[2.453s] -- Installing: /home/the_wizard_of_nowhere/Cyborg-Summer-Induction-2026/Task3/install/task3/share/task3/local_setup.zsh
[2.453s] -- Installing: /home/the_wizard_of_nowhere/Cyborg-Summer-Induction-2026/Task3/install/task3/share/task3/local_setup.dsv
[2.453s] -- Installing: /home/the_wizard_of_nowhere/Cyborg-Summer-Induction-2026/Task3/install/task3/share/task3/package.dsv
[2.453s] -- Installing: /home/the_wizard_of_nowhere/Cyborg-Summer-Induction-2026/Task3/install/task3/share/ament_index/resource_index/packages/task3
[2.453s] -- Installing: /home/the_wizard_of_nowhere/Cyborg-Summer-Induction-2026/Task3/install/task3/share/task3/cmake/export_task3__rosidl_generator_cExport.cmake
[2.453s] -- Installing: /home/the_wizard_of_nowhere/Cyborg-Summer-Induction-2026/Task3/install/task3/share/task3/cmake/export_task3__rosidl_generator_cExport-noconfig.cmake
[2.453s] -- Installing: /home/the_wizard_of_nowhere/Cyborg-Summer-Induction-2026/Task3/install/task3/share/task3/cmake/export_task3__rosidl_typesupport_fastrtps_cExport.cmake
[2.454s] -- Installing: /home/the_wizard_of_nowhere/Cyborg-Summer-Induction-2026/Task3/install/task3/share/task3/cmake/export_task3__rosidl_typesupport_fastrtps_cExport-noconfig.cmake
[2.454s] -- Installing: /home/the_wizard_of_nowhere/Cyborg-Summer-Induction-2026/Task3/install/task3/share/task3/cmake/task3__rosidl_typesupport_introspection_cExport.cmake
[2.454s] -- Installing: /home/the_wizard_of_nowhere/Cyborg-Summer-Induction-2026/Task3/install/task3/share/task3/cmake/task3__rosidl_typesupport_introspection_cExport-noconfig.cmake
[2.454s] -- Installing: /home/the_wizard_of_nowhere/Cyborg-Summer-Induction-2026/Task3/install/task3/share/task3/cmake/task3__rosidl_typesupport_cExport.cmake
[2.454s] -- Installing: /home/the_wizard_of_nowhere/Cyborg-Summer-Induction-2026/Task3/install/task3/share/task3/cmake/task3__rosidl_typesupport_cExport-noconfig.cmake
[2.454s] -- Installing: /home/the_wizard_of_nowhere/Cyborg-Summer-Induction-2026/Task3/install/task3/share/task3/cmake/export_task3__rosidl_generator_cppExport.cmake
[2.454s] -- Installing: /home/the_wizard_of_nowhere/Cyborg-Summer-Induction-2026/Task3/install/task3/share/task3/cmake/export_task3__rosidl_typesupport_fastrtps_cppExport.cmake
[2.454s] -- Installing: /home/the_wizard_of_nowhere/Cyborg-Summer-Induction-2026/Task3/install/task3/share/task3/cmake/export_task3__rosidl_typesupport_fastrtps_cppExport-noconfig.cmake
[2.454s] -- Installing: /home/the_wizard_of_nowhere/Cyborg-Summer-Induction-2026/Task3/install/task3/share/task3/cmake/task3__rosidl_typesupport_introspection_cppExport.cmake
[2.454s] -- Installing: /home/the_wizard_of_nowhere/Cyborg-Summer-Induction-2026/Task3/install/task3/share/task3/cmake/task3__rosidl_typesupport_introspection_cppExport-noconfig.cmake
[2.454s] -- Installing: /home/the_wizard_of_nowhere/Cyborg-Summer-Induction-2026/Task3/install/task3/share/task3/cmake/task3__rosidl_typesupport_cppExport.cmake
[2.454s] -- Installing: /home/the_wizard_of_nowhere/Cyborg-Summer-Induction-2026/Task3/install/task3/share/task3/cmake/task3__rosidl_typesupport_cppExport-noconfig.cmake
[2.454s] -- Installing: /home/the_wizard_of_nowhere/Cyborg-Summer-Induction-2026/Task3/install/task3/share/task3/cmake/export_task3__rosidl_generator_pyExport.cmake
[2.454s] -- Installing: /home/the_wizard_of_nowhere/Cyborg-Summer-Induction-2026/Task3/install/task3/share/task3/cmake/export_task3__rosidl_generator_pyExport-noconfig.cmake
[2.454s] -- Installing: /home/the_wizard_of_nowhere/Cyborg-Summer-Induction-2026/Task3/install/task3/share/task3/cmake/rosidl_cmake-extras.cmake
[2.455s] -- Installing: /home/the_wizard_of_nowhere/Cyborg-Summer-Induction-2026/Task3/install/task3/share/task3/cmake/ament_cmake_export_include_directories-extras.cmake
[2.455s] -- Installing: /home/the_wizard_of_nowhere/Cyborg-Summer-Induction-2026/Task3/install/task3/share/task3/cmake/ament_cmake_export_libraries-extras.cmake
[2.455s] -- Installing: /home/the_wizard_of_nowhere/Cyborg-Summer-Induction-2026/Task3/install/task3/share/task3/cmake/ament_cmake_export_targets-extras.cmake
[2.455s] -- Installing: /home/the_wizard_of_nowhere/Cyborg-Summer-Induction-2026/Task3/install/task3/share/task3/cmake/rosidl_cmake_export_typesupport_targets-extras.cmake
[2.455s] -- Installing: /home/the_wizard_of_nowhere/Cyborg-Summer-Induction-2026/Task3/install/task3/share/task3/cmake/ament_cmake_export_dependencies-extras.cmake
[2.455s] -- Installing: /home/the_wizard_of_nowhere/Cyborg-Summer-Induction-2026/Task3/install/task3/share/task3/cmake/rosidl_cmake_export_typesupport_libraries-extras.cmake
[2.455s] -- Installing: /home/the_wizard_of_nowhere/Cyborg-Summer-Induction-2026/Task3/install/task3/share/task3/cmake/task3Config.cmake
[2.455s] -- Installing: /home/the_wizard_of_nowhere/Cyborg-Summer-Induction-2026/Task3/install/task3/share/task3/cmake/task3Config-version.cmake
[2.455s] -- Installing: /home/the_wizard_of_nowhere/Cyborg-Summer-Induction-2026/Task3/install/task3/share/task3/package.xml
[2.457s] Invoked command in '/home/the_wizard_of_nowhere/Cyborg-Summer-Induction-2026/Task3/build/task3' returned '0': CMAKE_PREFIX_PATH=/home/the_wizard_of_nowhere/cyborg_task_3/install/robot_controller:/opt/ros/humble /usr/bin/cmake --install /home/the_wizard_of_nowhere/Cyborg-Summer-Induction-2026/Task3/build/task3
